bluetooth.c:5:6:msgHandler	16	static
bluetooth.c:58:6:handleSerwoMaxUp	16	static
bluetooth.c:63:6:handleSerwoMaxDown	16	static
bluetooth.c:68:6:handleSerwoUp	16	static
bluetooth.c:73:6:handleSerwoDown	16	static
bluetooth.c:78:6:handleSetMinLDRreading	32	static
bluetooth.c:84:6:handleSetMaxLDRreading	32	static
bluetooth.c:90:6:handleSetUpperLDRcontrolLimit	32	static
bluetooth.c:96:6:handleSetLowerLDRcontrolLimit	32	static
bluetooth.c:102:6:handlePrintMinLDRreading	32	static
bluetooth.c:107:6:handlePrintMaxLDRreading	32	static
bluetooth.c:112:6:handlePrintUpperLDRcontrolLimit	32	static
bluetooth.c:117:6:handlePrintLowerLDRcontrolLimit	32	static
bluetooth.c:122:6:handleSetServoMaxPosition	32	static
bluetooth.c:127:6:handlePrintServoMaxPosition	32	static
bluetooth.c:132:6:handleIncorrectCommand	24	static
bluetooth.c:137:6:handleTimerUp	32	static
bluetooth.c:145:6:handleTimerDown	32	static
bluetooth.c:152:6:handleTurnOnLDR	16	static
bluetooth.c:157:6:handleTurnOffLDR	16	static
bluetooth.c:162:6:handleSchedulerUpTurnOn	16	static
bluetooth.c:167:6:handleSchedulerUpTurnOff	16	static
bluetooth.c:172:6:handleSchedulerDownTurnOn	16	static
bluetooth.c:177:6:handleSchedulerDownTurnOff	16	static
bluetooth.c:183:6:printValue	136	static
