bluetooth.c:5:6:msgHandler	104	static
bluetooth.c:75:6:handleSerwoMaxUp	16	static
bluetooth.c:80:6:handleSerwoMaxDown	16	static
bluetooth.c:85:6:handleSerwoUp	16	static
bluetooth.c:90:6:handleSerwoDown	16	static
bluetooth.c:95:6:handleSetMinLDRreading	32	static
bluetooth.c:101:6:handleSetMaxLDRreading	32	static
bluetooth.c:107:6:handleSetUpperLDRcontrolLimit	32	static
bluetooth.c:113:6:handleSetLowerLDRcontrolLimit	32	static
bluetooth.c:119:6:handlePrintMinLDRreading	32	static
bluetooth.c:124:6:handlePrintMaxLDRreading	32	static
bluetooth.c:129:6:handlePrintUpperLDRcontrolLimit	32	static
bluetooth.c:134:6:handlePrintLowerLDRcontrolLimit	32	static
bluetooth.c:139:6:handleSetServoMaxPosition	32	static
bluetooth.c:144:6:handlePrintServoMaxPosition	32	static
bluetooth.c:149:6:handleIncorrectCommand	24	static
bluetooth.c:154:6:handleTimerUp	32	static
bluetooth.c:162:6:handleTimerDown	32	static
bluetooth.c:169:6:handleTurnOnLDR	16	static
bluetooth.c:174:6:handleTurnOffLDR	16	static
bluetooth.c:179:6:handleSchedulerUpTurnOn	16	static
bluetooth.c:184:6:handleSchedulerUpTurnOff	16	static
bluetooth.c:189:6:handleSchedulerDownTurnOn	16	static
bluetooth.c:194:6:handleSchedulerDownTurnOff	16	static
bluetooth.c:200:6:printValue	136	static
