bluetooth.c:5:6:msgHandler	16	static
bluetooth.c:42:6:handleSerwoMaxUp	16	static
bluetooth.c:47:6:handleSerwoMaxDown	16	static
bluetooth.c:52:6:handleSerwoUp	16	static
bluetooth.c:57:6:handleSerwoDown	16	static
bluetooth.c:62:6:handleSetMinLDRreading	32	static
bluetooth.c:68:6:handleSetMaxLDRreading	32	static
bluetooth.c:74:6:handleSetUpperLDRcontrolLimit	32	static
bluetooth.c:80:6:handleSetLowerLDRcontrolLimit	32	static
bluetooth.c:86:6:handlePrintMinLDRreading	32	static
bluetooth.c:91:6:handlePrintMaxLDRreading	32	static
bluetooth.c:96:6:handlePrintUpperLDRcontrolLimit	32	static
bluetooth.c:101:6:handlePrintLowerLDRcontrolLimit	32	static
bluetooth.c:106:6:handleSetServoMaxPosition	32	static
bluetooth.c:111:6:handlePrintServoMaxPosition	32	static
bluetooth.c:116:6:handleIncorrectCommand	24	static
bluetooth.c:121:6:printMinLDRreading	80	static
bluetooth.c:128:6:printMaxReading	80	static
bluetooth.c:135:6:printUpperControlLimit	80	static
bluetooth.c:142:6:printLowerControlLimit	80	static
bluetooth.c:149:6:printServoMaxPosition	80	static
