LDR.c:16:6:SetDarkness	16	static
LDR.c:21:6:GetDarkness	16	static
LDR.c:26:10:getLightIntensity	16	static
LDR.c:40:6:measureLDR	16	static
LDR.c:49:6:measureIsAutoOfRange	8	static
LDR.c:53:6:areNewMeassures	8	static
LDR.c:57:10:getAverageMeassure	16	static
LDR.c:66:10:convertPercentToLDRvalue	24	static
LDR.c:71:10:convertLDRvalueToPercent	16	static
LDR.c:75:6:isAboveUpperLimit	8	static
LDR.c:79:6:isBelowLowerLimit	8	static
LDR.c:83:6:setMinLDRreading	16	static
LDR.c:87:6:setMaxLDRreading	16	static
LDR.c:91:6:setUpperLDRControlLimit	16	static
LDR.c:95:6:setLowerLDRControlLimit	16	static
LDR.c:99:10:getMinLDRreading	8	static
LDR.c:103:10:getMaxLDRreading	8	static
LDR.c:107:10:getUpperLDRControlLimit	8	static
LDR.c:111:10:getLowerLDRControlLimit	8	static
