LDR.c:23:6:SetDarkness	16	static
LDR.c:28:6:GetDarkness	16	static
LDR.c:33:10:getLightIntensity	16	static
LDR.c:47:6:measureLDR	16	static
LDR.c:56:6:measureIsAutoOfRange	8	static
LDR.c:60:6:areNewMeassures	8	static
LDR.c:64:10:getAverageMeassure	16	static
LDR.c:73:10:convertPercentToLDRvalue	24	static
LDR.c:78:6:isAboveUpperLimit	8	static
LDR.c:82:6:isBelowLowerLimit	8	static
LDR.c:86:6:setMinLDRreading	16	static
LDR.c:90:6:setMaxLDRreading	16	static
LDR.c:94:6:setUpperLDRControlLimit	16	static
LDR.c:98:6:setLowerLDRControlLimit	16	static
LDR.c:102:10:getMinLDRreading	8	static
LDR.c:106:10:getMaxLDRreading	8	static
LDR.c:110:10:getUpperLDRControlLimit	8	static
LDR.c:114:10:getLowerLDRControlLimit	8	static
