Servo.c:5:6:steer	16	static
Servo.c:14:6:increasePositionBy	32	static
Servo.c:20:6:canSetPosition	16	static
Servo.c:24:6:setPosition	16	static
Servo.c:29:6:setPositionToMax	16	static
Servo.c:33:6:setPositionToMin	16	static
Servo.c:37:6:canRollUp	16	static
Servo.c:41:6:canRollDown	16	static
Servo.c:45:6:canStopRolling	16	static
Servo.c:49:6:isRolledMaxUp	16	static
Servo.c:53:6:isRolledMaxDown	16	static
Servo.c:57:6:isBelowNewPosition	16	static
Servo.c:61:6:isAboveNewPosition	16	static
Servo.c:65:6:isLongerThan	16	static
Servo.c:69:6:isPositiveLength	16	static
Servo.c:73:6:rollDown	16	static
Servo.c:78:6:rollUp	16	static
Servo.c:83:6:stopRolling	8	static
