stm32l0xx_it.c:76:6:NMI_Handler	8	static
stm32l0xx_it.c:91:6:HardFault_Handler	8	static
stm32l0xx_it.c:106:6:SVC_Handler	8	static
stm32l0xx_it.c:119:6:PendSV_Handler	8	static
stm32l0xx_it.c:132:6:SysTick_Handler	8	static
stm32l0xx_it.c:153:6:TIM2_IRQHandler	8	static
stm32l0xx_it.c:167:6:TIM6_DAC_IRQHandler	8	static
stm32l0xx_it.c:181:6:TIM7_IRQHandler	8	static
stm32l0xx_it.c:196:6:TIM22_IRQHandler	8	static
stm32l0xx_it.c:210:6:USART1_IRQHandler	8	static
stm32l0xx_it.c:226:6:USART2_IRQHandler	8	static
