Archive member included to satisfy reference by file (symbol)

/home/asap/Documents/STM32/makeself_dir_k5fivQ/STM32CubeIDE/plugins/com.st.stm32cube.ide.mcu.externaltools.gnu-tools-for-stm32.9-2020-q2-update.linux64_2.0.0.202105311346/tools/bin/../lib/gcc/arm-none-eabi/9.3.1/../../../../arm-none-eabi/lib/thumb/v6-m/nofp/libc_nano.a(lib_a-atoi.o)
                              ./Core/Src/myutilities.o (atoi)
/home/asap/Documents/STM32/makeself_dir_k5fivQ/STM32CubeIDE/plugins/com.st.stm32cube.ide.mcu.externaltools.gnu-tools-for-stm32.9-2020-q2-update.linux64_2.0.0.202105311346/tools/bin/../lib/gcc/arm-none-eabi/9.3.1/../../../../arm-none-eabi/lib/thumb/v6-m/nofp/libc_nano.a(lib_a-errno.o)
                              ./Core/Src/syscalls.o (__errno)
/home/asap/Documents/STM32/makeself_dir_k5fivQ/STM32CubeIDE/plugins/com.st.stm32cube.ide.mcu.externaltools.gnu-tools-for-stm32.9-2020-q2-update.linux64_2.0.0.202105311346/tools/bin/../lib/gcc/arm-none-eabi/9.3.1/../../../../arm-none-eabi/lib/thumb/v6-m/nofp/libc_nano.a(lib_a-exit.o)
                              /home/asap/Documents/STM32/makeself_dir_k5fivQ/STM32CubeIDE/plugins/com.st.stm32cube.ide.mcu.externaltools.gnu-tools-for-stm32.9-2020-q2-update.linux64_2.0.0.202105311346/tools/bin/../lib/gcc/arm-none-eabi/9.3.1/../../../../arm-none-eabi/lib/thumb/v6-m/nofp/crt0.o (exit)
/home/asap/Documents/STM32/makeself_dir_k5fivQ/STM32CubeIDE/plugins/com.st.stm32cube.ide.mcu.externaltools.gnu-tools-for-stm32.9-2020-q2-update.linux64_2.0.0.202105311346/tools/bin/../lib/gcc/arm-none-eabi/9.3.1/../../../../arm-none-eabi/lib/thumb/v6-m/nofp/libc_nano.a(lib_a-impure.o)
                              /home/asap/Documents/STM32/makeself_dir_k5fivQ/STM32CubeIDE/plugins/com.st.stm32cube.ide.mcu.externaltools.gnu-tools-for-stm32.9-2020-q2-update.linux64_2.0.0.202105311346/tools/bin/../lib/gcc/arm-none-eabi/9.3.1/../../../../arm-none-eabi/lib/thumb/v6-m/nofp/libc_nano.a(lib_a-exit.o) (_global_impure_ptr)
/home/asap/Documents/STM32/makeself_dir_k5fivQ/STM32CubeIDE/plugins/com.st.stm32cube.ide.mcu.externaltools.gnu-tools-for-stm32.9-2020-q2-update.linux64_2.0.0.202105311346/tools/bin/../lib/gcc/arm-none-eabi/9.3.1/../../../../arm-none-eabi/lib/thumb/v6-m/nofp/libc_nano.a(lib_a-init.o)
                              /home/asap/Documents/STM32/makeself_dir_k5fivQ/STM32CubeIDE/plugins/com.st.stm32cube.ide.mcu.externaltools.gnu-tools-for-stm32.9-2020-q2-update.linux64_2.0.0.202105311346/tools/bin/../lib/gcc/arm-none-eabi/9.3.1/../../../../arm-none-eabi/lib/thumb/v6-m/nofp/crt0.o (__libc_init_array)
/home/asap/Documents/STM32/makeself_dir_k5fivQ/STM32CubeIDE/plugins/com.st.stm32cube.ide.mcu.externaltools.gnu-tools-for-stm32.9-2020-q2-update.linux64_2.0.0.202105311346/tools/bin/../lib/gcc/arm-none-eabi/9.3.1/../../../../arm-none-eabi/lib/thumb/v6-m/nofp/libc_nano.a(lib_a-memcpy-stub.o)
                              ./Core/Src/bluetooth.o (memcpy)
/home/asap/Documents/STM32/makeself_dir_k5fivQ/STM32CubeIDE/plugins/com.st.stm32cube.ide.mcu.externaltools.gnu-tools-for-stm32.9-2020-q2-update.linux64_2.0.0.202105311346/tools/bin/../lib/gcc/arm-none-eabi/9.3.1/../../../../arm-none-eabi/lib/thumb/v6-m/nofp/libc_nano.a(lib_a-memset.o)
                              /home/asap/Documents/STM32/makeself_dir_k5fivQ/STM32CubeIDE/plugins/com.st.stm32cube.ide.mcu.externaltools.gnu-tools-for-stm32.9-2020-q2-update.linux64_2.0.0.202105311346/tools/bin/../lib/gcc/arm-none-eabi/9.3.1/../../../../arm-none-eabi/lib/thumb/v6-m/nofp/crt0.o (memset)
/home/asap/Documents/STM32/makeself_dir_k5fivQ/STM32CubeIDE/plugins/com.st.stm32cube.ide.mcu.externaltools.gnu-tools-for-stm32.9-2020-q2-update.linux64_2.0.0.202105311346/tools/bin/../lib/gcc/arm-none-eabi/9.3.1/../../../../arm-none-eabi/lib/thumb/v6-m/nofp/libc_nano.a(lib_a-sprintf.o)
                              ./Core/Src/bluetooth.o (sprintf)
/home/asap/Documents/STM32/makeself_dir_k5fivQ/STM32CubeIDE/plugins/com.st.stm32cube.ide.mcu.externaltools.gnu-tools-for-stm32.9-2020-q2-update.linux64_2.0.0.202105311346/tools/bin/../lib/gcc/arm-none-eabi/9.3.1/../../../../arm-none-eabi/lib/thumb/v6-m/nofp/libc_nano.a(lib_a-strcat.o)
                              ./Core/Src/bluetooth.o (strcat)
/home/asap/Documents/STM32/makeself_dir_k5fivQ/STM32CubeIDE/plugins/com.st.stm32cube.ide.mcu.externaltools.gnu-tools-for-stm32.9-2020-q2-update.linux64_2.0.0.202105311346/tools/bin/../lib/gcc/arm-none-eabi/9.3.1/../../../../arm-none-eabi/lib/thumb/v6-m/nofp/libc_nano.a(lib_a-strcpy.o)
                              ./Core/Src/bluetooth.o (strcpy)
/home/asap/Documents/STM32/makeself_dir_k5fivQ/STM32CubeIDE/plugins/com.st.stm32cube.ide.mcu.externaltools.gnu-tools-for-stm32.9-2020-q2-update.linux64_2.0.0.202105311346/tools/bin/../lib/gcc/arm-none-eabi/9.3.1/../../../../arm-none-eabi/lib/thumb/v6-m/nofp/libc_nano.a(lib_a-strlen.o)
                              ./Core/Src/bluetooth.o (strlen)
[...]
Memory Configuration

Name             Origin             Length             Attributes
RAM              0x0000000020000000 0x0000000000005000 xrw
FLASH            0x0000000008000000 0x0000000000030000 xr
*default*        0x0000000000000000 0xffffffffffffffff

Linker script and memory map

LOAD /home/asap/Documents/STM32/makeself_dir_k5fivQ/STM32CubeIDE/plugins/com.st.stm32cube.ide.mcu.externaltools.gnu-tools-for-stm32.9-2020-q2-update.linux64_2.0.0.202105311346/tools/bin/../lib/gcc/arm-none-eabi/9.3.1/thumb/v6-m/nofp/crti.o
LOAD /home/asap/Documents/STM32/makeself_dir_k5fivQ/STM32CubeIDE/plugins/com.st.stm32cube.ide.mcu.externaltools.gnu-tools-for-stm32.9-2020-q2-update.linux64_2.0.0.202105311346/tools/bin/../lib/gcc/arm-none-eabi/9.3.1/thumb/v6-m/nofp/crtbegin.o
LOAD /home/asap/Documents/STM32/makeself_dir_k5fivQ/STM32CubeIDE/plugins/com.st.stm32cube.ide.mcu.externaltools.gnu-tools-for-stm32.9-2020-q2-update.linux64_2.0.0.202105311346/tools/bin/../lib/gcc/arm-none-eabi/9.3.1/../../../../arm-none-eabi/lib/thumb/v6-m/nofp/crt0.o
LOAD ./Core/Src/LDR.o
LOAD ./Core/Src/Servo.o
LOAD ./Core/Src/ServoScheduler.o
LOAD ./Core/Src/adc.o
LOAD ./Core/Src/bluetooth.o
LOAD ./Core/Src/gpio.o
LOAD ./Core/Src/main.o
LOAD ./Core/Src/myutilities.o
LOAD ./Core/Src/stm32l0xx_hal_msp.o
LOAD ./Core/Src/stm32l0xx_it.o
LOAD ./Core/Src/syscalls.o
LOAD ./Core/Src/sysmem.o
LOAD ./Core/Src/system_stm32l0xx.o
LOAD ./Core/Src/tim.o
LOAD ./Core/Src/usart.o
LOAD ./Core/Startup/startup_stm32l073rztx.o
LOAD ./Drivers/STM32L0xx_HAL_Driver/Src/stm32l0xx_hal.o
LOAD ./Drivers/STM32L0xx_HAL_Driver/Src/stm32l0xx_hal_adc.o
LOAD ./Drivers/STM32L0xx_HAL_Driver/Src/stm32l0xx_hal_adc_ex.o
LOAD ./Drivers/STM32L0xx_HAL_Driver/Src/stm32l0xx_hal_cortex.o
LOAD ./Drivers/STM32L0xx_HAL_Driver/Src/stm32l0xx_hal_dma.o
LOAD ./Drivers/STM32L0xx_HAL_Driver/Src/stm32l0xx_hal_exti.o
LOAD ./Drivers/STM32L0xx_HAL_Driver/Src/stm32l0xx_hal_flash.o
LOAD ./Drivers/STM32L0xx_HAL_Driver/Src/stm32l0xx_hal_flash_ex.o
LOAD ./Drivers/STM32L0xx_HAL_Driver/Src/stm32l0xx_hal_flash_ramfunc.o
LOAD ./Drivers/STM32L0xx_HAL_Driver/Src/stm32l0xx_hal_gpio.o
LOAD ./Drivers/STM32L0xx_HAL_Driver/Src/stm32l0xx_hal_i2c.o
LOAD ./Drivers/STM32L0xx_HAL_Driver/Src/stm32l0xx_hal_i2c_ex.o
LOAD ./Drivers/STM32L0xx_HAL_Driver/Src/stm32l0xx_hal_pwr.o
LOAD ./Drivers/STM32L0xx_HAL_Driver/Src/stm32l0xx_hal_pwr_ex.o
LOAD ./Drivers/STM32L0xx_HAL_Driver/Src/stm32l0xx_hal_rcc.o
LOAD ./Drivers/STM32L0xx_HAL_Driver/Src/stm32l0xx_hal_rcc_ex.o
LOAD ./Drivers/STM32L0xx_HAL_Driver/Src/stm32l0xx_hal_tim.o
LOAD ./Drivers/STM32L0xx_HAL_Driver/Src/stm32l0xx_hal_tim_ex.o
LOAD ./Drivers/STM32L0xx_HAL_Driver/Src/stm32l0xx_hal_uart.o
LOAD ./Drivers/STM32L0xx_HAL_Driver/Src/stm32l0xx_hal_uart_ex.o
START GROUP
LOAD /home/asap/Documents/STM32/makeself_dir_k5fivQ/STM32CubeIDE/plugins/com.st.stm32cube.ide.mcu.externaltools.gnu-tools-for-stm32.9-2020-q2-update.linux64_2.0.0.202105311346/tools/bin/../lib/gcc/arm-none-eabi/9.3.1/../../../../arm-none-eabi/lib/thumb/v6-m/nofp/libc_nano.a
LOAD /home/asap/Documents/STM32/makeself_dir_k5fivQ/STM32CubeIDE/plugins/com.st.stm32cube.ide.mcu.externaltools.gnu-tools-for-stm32.9-2020-q2-update.linux64_2.0.0.202105311346/tools/bin/../lib/gcc/arm-none-eabi/9.3.1/../../../../arm-none-eabi/lib/thumb/v6-m/nofp/libm.a
END GROUP
START GROUP
LOAD /home/asap/Documents/STM32/makeself_dir_k5fivQ/STM32CubeIDE/plugins/com.st.stm32cube.ide.mcu.externaltools.gnu-tools-for-stm32.9-2020-q2-update.linux64_2.0.0.202105311346/tools/bin/../lib/gcc/arm-none-eabi/9.3.1/thumb/v6-m/nofp/libgcc.a
LOAD /home/asap/Documents/STM32/makeself_dir_k5fivQ/STM32CubeIDE/plugins/com.st.stm32cube.ide.mcu.externaltools.gnu-tools-for-stm32.9-2020-q2-update.linux64_2.0.0.202105311346/tools/bin/../lib/gcc/arm-none-eabi/9.3.1/../../../../arm-none-eabi/lib/thumb/v6-m/nofp/libc_nano.a
END GROUP
START GROUP
LOAD /home/asap/Documents/STM32/makeself_dir_k5fivQ/STM32CubeIDE/plugins/com.st.stm32cube.ide.mcu.externaltools.gnu-tools-for-stm32.9-2020-q2-update.linux64_2.0.0.202105311346/tools/bin/../lib/gcc/arm-none-eabi/9.3.1/thumb/v6-m/nofp/libgcc.a
LOAD /home/asap/Documents/STM32/makeself_dir_k5fivQ/STM32CubeIDE/plugins/com.st.stm32cube.ide.mcu.externaltools.gnu-tools-for-stm32.9-2020-q2-update.linux64_2.0.0.202105311346/tools/bin/../lib/gcc/arm-none-eabi/9.3.1/../../../../arm-none-eabi/lib/thumb/v6-m/nofp/libc_nano.a
LOAD /home/asap/Documents/STM32/makeself_dir_k5fivQ/STM32CubeIDE/plugins/com.st.stm32cube.ide.mcu.externaltools.gnu-tools-for-stm32.9-2020-q2-update.linux64_2.0.0.202105311346/tools/bin/../lib/gcc/arm-none-eabi/9.3.1/../../../../arm-none-eabi/lib/thumb/v6-m/nofp/libnosys.a
END GROUP
START GROUP
LOAD /home/asap/Documents/STM32/makeself_dir_k5fivQ/STM32CubeIDE/plugins/com.st.stm32cube.ide.mcu.externaltools.gnu-tools-for-stm32.9-2020-q2-update.linux64_2.0.0.202105311346/tools/bin/../lib/gcc/arm-none-eabi/9.3.1/thumb/v6-m/nofp/libgcc.a
LOAD /home/asap/Documents/STM32/makeself_dir_k5fivQ/STM32CubeIDE/plugins/com.st.stm32cube.ide.mcu.externaltools.gnu-tools-for-stm32.9-2020-q2-update.linux64_2.0.0.202105311346/tools/bin/../lib/gcc/arm-none-eabi/9.3.1/../../../../arm-none-eabi/lib/thumb/v6-m/nofp/libc_nano.a
LOAD /home/asap/Documents/STM32/makeself_dir_k5fivQ/STM32CubeIDE/plugins/com.st.stm32cube.ide.mcu.externaltools.gnu-tools-for-stm32.9-2020-q2-update.linux64_2.0.0.202105311346/tools/bin/../lib/gcc/arm-none-eabi/9.3.1/../../../../arm-none-eabi/lib/thumb/v6-m/nofp/libnosys.a
END GROUP
LOAD /home/asap/Documents/STM32/makeself_dir_k5fivQ/STM32CubeIDE/plugins/com.st.stm32cube.ide.mcu.externaltools.gnu-tools-for-stm32.9-2020-q2-update.linux64_2.0.0.202105311346/tools/bin/../lib/gcc/arm-none-eabi/9.3.1/thumb/v6-m/nofp/crtend.o
LOAD /home/asap/Documents/STM32/makeself_dir_k5fivQ/STM32CubeIDE/plugins/com.st.stm32cube.ide.mcu.externaltools.gnu-tools-for-stm32.9-2020-q2-update.linux64_2.0.0.202105311346/tools/bin/../lib/gcc/arm-none-eabi/9.3.1/thumb/v6-m/nofp/crtn.o
                0x0000000020005000                _estack = (ORIGIN (RAM) + LENGTH (RAM))
                0x0000000000000200                _Min_Heap_Size = 0x200
                0x0000000000000400                _Min_Stack_Size = 0x400

.isr_vector     0x0000000008000000       0xc0
                0x0000000008000000                . = ALIGN (0x4)
 *(.isr_vector)
 .isr_vector    0x0000000008000000       0xc0 ./Core/Startup/startup_stm32l073rztx.o
                0x0000000008000000                g_pfnVectors
                0x00000000080000c0                . = ALIGN (0x4)

.text           0x00000000080000c0     0x6c04
                0x00000000080000c0                . = ALIGN (0x4)
 *(.text)
 .text          0x00000000080000c0       0x48 /home/asap/Documents/STM32/makeself_dir_k5fivQ/STM32CubeIDE/plugins/com.st.stm32cube.ide.mcu.externaltools.gnu-tools-for-stm32.9-2020-q2-update.linux64_2.0.0.202105311346/tools/bin/../lib/gcc/arm-none-eabi/9.3.1/thumb/v6-m/nofp/crtbegin.o
 .text          0x0000000008000108        0xe /home/asap/Documents/STM32/makeself_dir_k5fivQ/STM32CubeIDE/plugins/com.st.stm32cube.ide.mcu.externaltools.gnu-tools-for-stm32.9-2020-q2-update.linux64_2.0.0.202105311346/tools/bin/../lib/gcc/arm-none-eabi/9.3.1/../../../../arm-none-eabi/lib/thumb/v6-m/nofp/libc_nano.a(lib_a-strlen.o)
                0x0000000008000108                strlen
 *fill*         0x0000000008000116        0x2 
 .text          0x0000000008000118       0x14 /home/asap/Documents/STM32/makeself_dir_k5fivQ/STM32CubeIDE/plugins/com.st.stm32cube.ide.mcu.externaltools.gnu-tools-for-stm32.9-2020-q2-update.linux64_2.0.0.202105311346/tools/bin/../lib/gcc/arm-none-eabi/9.3.1/thumb/v6-m/nofp/libgcc.a(_thumb1_case_shi.o)
                0x0000000008000118                __gnu_thumb1_case_shi
 .text          0x000000000800012c      0x114 /home/asap/Documents/STM32/makeself_dir_k5fivQ/STM32CubeIDE/plugins/com.st.stm32cube.ide.mcu.externaltools.gnu-tools-for-stm32.9-2020-q2-update.linux64_2.0.0.202105311346/tools/bin/../lib/gcc/arm-none-eabi/9.3.1/thumb/v6-m/nofp/libgcc.a(_udivsi3.o)
                0x000000000800012c                __udivsi3
                0x000000000800012c                __aeabi_uidiv
                0x0000000008000238                __aeabi_uidivmod
 .text          0x0000000008000240        0x4 /home/asap/Documents/STM32/makeself_dir_k5fivQ/STM32CubeIDE/plugins/com.st.stm32cube.ide.mcu.externaltools.gnu-tools-for-stm32.9-2020-q2-update.linux64_2.0.0.202105311346/tools/bin/../lib/gcc/arm-none-eabi/9.3.1/thumb/v6-m/nofp/libgcc.a(_dvmd_tls.o)
                0x0000000008000240                __aeabi_ldiv0
                0x0000000008000240                __aeabi_idiv0
 .text          0x0000000008000244       0x40 /home/asap/Documents/STM32/makeself_dir_k5fivQ/STM32CubeIDE/plugins/com.st.stm32cube.ide.mcu.externaltools.gnu-tools-for-stm32.9-2020-q2-update.linux64_2.0.0.202105311346/tools/bin/../lib/gcc/arm-none-eabi/9.3.1/thumb/v6-m/nofp/libgcc.a(_aeabi_uldivmod.o)
                0x0000000008000244                __aeabi_uldivmod
 .text          0x0000000008000284       0x50 /home/asap/Documents/STM32/makeself_dir_k5fivQ/STM32CubeIDE/plugins/com.st.stm32cube.ide.mcu.externaltools.gnu-tools-for-stm32.9-2020-q2-update.linux64_2.0.0.202105311346/tools/bin/../lib/gcc/arm-none-eabi/9.3.1/thumb/v6-m/nofp/libgcc.a(_muldi3.o)
                0x0000000008000284                __aeabi_lmul
                0x0000000008000284                __muldi3
 .text          0x00000000080002d4      0x198 /home/asap/Documents/STM32/makeself_dir_k5fivQ/STM32CubeIDE/plugins/com.st.stm32cube.ide.mcu.externaltools.gnu-tools-for-stm32.9-2020-q2-update.linux64_2.0.0.202105311346/tools/bin/../lib/gcc/arm-none-eabi/9.3.1/thumb/v6-m/nofp/libgcc.a(_udivmoddi4.o)
                0x00000000080002d4                __udivmoddi4
 .text          0x000000000800046c       0x18 /home/asap/Documents/STM32/makeself_dir_k5fivQ/STM32CubeIDE/plugins/com.st.stm32cube.ide.mcu.externaltools.gnu-tools-for-stm32.9-2020-q2-update.linux64_2.0.0.202105311346/tools/bin/../lib/gcc/arm-none-eabi/9.3.1/thumb/v6-m/nofp/libgcc.a(_clzdi2.o)
                0x000000000800046c                __clzdi2
 .text          0x0000000008000484       0x3c /home/asap/Documents/STM32/makeself_dir_k5fivQ/STM32CubeIDE/plugins/com.st.stm32cube.ide.mcu.externaltools.gnu-tools-for-stm32.9-2020-q2-update.linux64_2.0.0.202105311346/tools/bin/../lib/gcc/arm-none-eabi/9.3.1/thumb/v6-m/nofp/libgcc.a(_clzsi2.o)
                0x0000000008000484                __clzsi2
 *(.text*)
 .text.getLightIntensity
                0x00000000080004c0       0x50 ./Core/Src/LDR.o
                0x00000000080004c0                getLightIntensity
 .text.measure  0x0000000008000510       0x46 ./Core/Src/LDR.o
                0x0000000008000510                measure
 .text.measureIsAutoOfRange
                0x0000000008000556       0x1e ./Core/Src/LDR.o
                0x0000000008000556                measureIsAutoOfRange
 .text.areNewMeassures
                0x0000000008000574       0x1e ./Core/Src/LDR.o
                0x0000000008000574                areNewMeassures
 .text.getAverageMeassure
                0x0000000008000592       0x4c ./Core/Src/LDR.o
                0x0000000008000592                getAverageMeassure
 .text.isAboveUpperLimit
                0x00000000080005de       0x28 ./Core/Src/LDR.o
                0x00000000080005de                isAboveUpperLimit
 .text.isBelowLowerLimit
                0x0000000008000606       0x28 ./Core/Src/LDR.o
                0x0000000008000606                isBelowLowerLimit
 .text.setMinReading
                0x000000000800062e       0x1e ./Core/Src/LDR.o
                0x000000000800062e                setMinReading
 .text.setMaxReading
                0x000000000800064c       0x1e ./Core/Src/LDR.o
                0x000000000800064c                setMaxReading
 .text.setUpperControlLimit
                0x000000000800066a       0x1e ./Core/Src/LDR.o
                0x000000000800066a                setUpperControlLimit
 .text.setLowerControlLimit
                0x0000000008000688       0x1e ./Core/Src/LDR.o
                0x0000000008000688                setLowerControlLimit
 .text.getMinReading
                0x00000000080006a6       0x14 ./Core/Src/LDR.o
                0x00000000080006a6                getMinReading
 .text.getMaxReading
                0x00000000080006ba       0x14 ./Core/Src/LDR.o
                0x00000000080006ba                getMaxReading
 .text.getUpperControlLimit
                0x00000000080006ce       0x14 ./Core/Src/LDR.o
                0x00000000080006ce                getUpperControlLimit
 .text.getLowerControlLimit
                0x00000000080006e2       0x14 ./Core/Src/LDR.o
                0x00000000080006e2                getLowerControlLimit
 .text.isTurnOn
                0x00000000080006f6       0x14 ./Core/Src/LDR.o
                0x00000000080006f6                isTurnOn
 .text.turn0n   0x000000000800070a       0x16 ./Core/Src/LDR.o
                0x000000000800070a                turn0n
 .text.turnOff  0x0000000008000720       0x16 ./Core/Src/LDR.o
                0x0000000008000720                turnOff
 .text.steer    0x0000000008000736       0x50 ./Core/Src/Servo.o
                0x0000000008000736                steer
 .text.increasePositionBy
                0x0000000008000786       0x46 ./Core/Src/Servo.o
                0x0000000008000786                increasePositionBy
 .text.canSetPosition
                0x00000000080007cc       0x52 ./Core/Src/Servo.o
                0x00000000080007cc                canSetPosition
 .text.setPosition
                0x000000000800081e       0x30 ./Core/Src/Servo.o
                0x000000000800081e                setPosition
 .text.setPositionToMax
                0x000000000800084e       0x18 ./Core/Src/Servo.o
                0x000000000800084e                setPositionToMax
 .text.setPositionToMin
                0x0000000008000866       0x16 ./Core/Src/Servo.o
                0x0000000008000866                setPositionToMin
 .text.setMaxPositon
                0x000000000800087c       0x1e ./Core/Src/Servo.o
                0x000000000800087c                setMaxPositon
 .text.getMaxPositon
                0x000000000800089a       0x14 ./Core/Src/Servo.o
                0x000000000800089a                getMaxPositon
 .text.canRollUp
                0x00000000080008ae       0x40 ./Core/Src/Servo.o
                0x00000000080008ae                canRollUp
 .text.canRollDown
                0x00000000080008ee       0x40 ./Core/Src/Servo.o
                0x00000000080008ee                canRollDown
 .text.canStopRolling
                0x000000000800092e       0x20 ./Core/Src/Servo.o
                0x000000000800092e                canStopRolling
 .text.isRolledMaxUp
                0x000000000800094e       0x20 ./Core/Src/Servo.o
                0x000000000800094e                isRolledMaxUp
 .text.isRolledMaxDown
                0x000000000800096e       0x1a ./Core/Src/Servo.o
                0x000000000800096e                isRolledMaxDown
 .text.isBelowNewPosition
                0x0000000008000988       0x20 ./Core/Src/Servo.o
                0x0000000008000988                isBelowNewPosition
 .text.isAboveNewPosition
                0x00000000080009a8       0x20 ./Core/Src/Servo.o
                0x00000000080009a8                isAboveNewPosition
 .text.isShorterThan
                0x00000000080009c8       0x26 ./Core/Src/Servo.o
                0x00000000080009c8                isShorterThan
 .text.isPositiveLength
                0x00000000080009ee       0x18 ./Core/Src/Servo.o
                0x00000000080009ee                isPositiveLength
 *fill*         0x0000000008000a06        0x2 
 .text.rollDown
                0x0000000008000a08       0x2c ./Core/Src/Servo.o
                0x0000000008000a08                rollDown
 .text.rollUp   0x0000000008000a34       0x2c ./Core/Src/Servo.o
                0x0000000008000a34                rollUp
 .text.stopRolling
                0x0000000008000a60       0x1c ./Core/Src/Servo.o
                0x0000000008000a60                stopRolling
 .text.isServoUpOn
                0x0000000008000a7c       0x14 ./Core/Src/ServoScheduler.o
                0x0000000008000a7c                isServoUpOn
 .text.isServoDownOn
                0x0000000008000a90       0x14 ./Core/Src/ServoScheduler.o
                0x0000000008000a90                isServoDownOn
 .text.turnOnServoUp
                0x0000000008000aa4       0x16 ./Core/Src/ServoScheduler.o
                0x0000000008000aa4                turnOnServoUp
 .text.turnOnServoDown
                0x0000000008000aba       0x16 ./Core/Src/ServoScheduler.o
                0x0000000008000aba                turnOnServoDown
 .text.turnOffServoUp
                0x0000000008000ad0       0x16 ./Core/Src/ServoScheduler.o
                0x0000000008000ad0                turnOffServoUp
 .text.turnOffServoDown
                0x0000000008000ae6       0x16 ./Core/Src/ServoScheduler.o
                0x0000000008000ae6                turnOffServoDown
 .text.count    0x0000000008000afc       0x30 ./Core/Src/ServoScheduler.o
                0x0000000008000afc                count
 .text.isTimerOutOfScope
                0x0000000008000b2c       0x12 ./Core/Src/ServoScheduler.o
                0x0000000008000b2c                isTimerOutOfScope
 .text.resetTimer
                0x0000000008000b3e       0x16 ./Core/Src/ServoScheduler.o
                0x0000000008000b3e                resetTimer
 .text.canSteerServoUp
                0x0000000008000b54       0x2c ./Core/Src/ServoScheduler.o
                0x0000000008000b54                canSteerServoUp
 .text.canSteerServoDown
                0x0000000008000b80       0x2c ./Core/Src/ServoScheduler.o
                0x0000000008000b80                canSteerServoDown
 .text.isServoUpTime
                0x0000000008000bac       0x20 ./Core/Src/ServoScheduler.o
                0x0000000008000bac                isServoUpTime
 .text.isServoDownTime
                0x0000000008000bcc       0x20 ./Core/Src/ServoScheduler.o
                0x0000000008000bcc                isServoDownTime
 .text.setServoUpTime
                0x0000000008000bec       0x26 ./Core/Src/ServoScheduler.o
                0x0000000008000bec                setServoUpTime
 *fill*         0x0000000008000c12        0x2 
 .text.MX_ADC_Init
                0x0000000008000c14       0xec ./Core/Src/adc.o
                0x0000000008000c14                MX_ADC_Init
 .text.HAL_ADC_MspInit
                0x0000000008000d00       0x7c ./Core/Src/adc.o
                0x0000000008000d00                HAL_ADC_MspInit
 .text.msgHandler
                0x0000000008000d7c      0x2c8 ./Core/Src/bluetooth.o
                0x0000000008000d7c                msgHandler
 .text.handleSerwoMaxUp
                0x0000000008001044       0x34 ./Core/Src/bluetooth.o
                0x0000000008001044                handleSerwoMaxUp
 .text.handleSerwoMaxDown
                0x0000000008001078       0x34 ./Core/Src/bluetooth.o
                0x0000000008001078                handleSerwoMaxDown
 .text.handleSerwoUp
                0x00000000080010ac       0x34 ./Core/Src/bluetooth.o
                0x00000000080010ac                handleSerwoUp
 .text.handleSerwoDown
                0x00000000080010e0       0x3c ./Core/Src/bluetooth.o
                0x00000000080010e0                handleSerwoDown
 .text.handleSetMinLDRreading
                0x000000000800111c       0x48 ./Core/Src/bluetooth.o
                0x000000000800111c                handleSetMinLDRreading
 .text.handleSetMaxLDRreading
                0x0000000008001164       0x48 ./Core/Src/bluetooth.o
                0x0000000008001164                handleSetMaxLDRreading
 .text.handleSetUpperLDRcontrolLimit
                0x00000000080011ac       0x48 ./Core/Src/bluetooth.o
                0x00000000080011ac                handleSetUpperLDRcontrolLimit
 .text.handleSetLowerLDRcontrolLimit
                0x00000000080011f4       0x48 ./Core/Src/bluetooth.o
                0x00000000080011f4                handleSetLowerLDRcontrolLimit
 .text.handlePrintMinLDRreading
                0x000000000800123c       0x38 ./Core/Src/bluetooth.o
                0x000000000800123c                handlePrintMinLDRreading
 .text.handlePrintMaxLDRreading
                0x0000000008001274       0x38 ./Core/Src/bluetooth.o
                0x0000000008001274                handlePrintMaxLDRreading
 .text.handlePrintUpperLDRcontrolLimit
                0x00000000080012ac       0x38 ./Core/Src/bluetooth.o
                0x00000000080012ac                handlePrintUpperLDRcontrolLimit
 .text.handlePrintLowerLDRcontrolLimit
                0x00000000080012e4       0x38 ./Core/Src/bluetooth.o
                0x00000000080012e4                handlePrintLowerLDRcontrolLimit
 .text.handleSetServoMaxPosition
                0x000000000800131c       0x48 ./Core/Src/bluetooth.o
                0x000000000800131c                handleSetServoMaxPosition
 .text.handlePrintServoMaxPosition
                0x0000000008001364       0x38 ./Core/Src/bluetooth.o
                0x0000000008001364                handlePrintServoMaxPosition
 .text.handleIncorrectCommand
                0x000000000800139c       0x4c ./Core/Src/bluetooth.o
                0x000000000800139c                handleIncorrectCommand
 .text.handleTimerUp
                0x00000000080013e8       0x54 ./Core/Src/bluetooth.o
                0x00000000080013e8                handleTimerUp
 .text.handleTimerDown
                0x000000000800143c       0x4c ./Core/Src/bluetooth.o
                0x000000000800143c                handleTimerDown
 .text.handleTurnOnLDR
                0x0000000008001488       0x34 ./Core/Src/bluetooth.o
                0x0000000008001488                handleTurnOnLDR
 .text.handleTurnOffLDR
                0x00000000080014bc       0x34 ./Core/Src/bluetooth.o
                0x00000000080014bc                handleTurnOffLDR
 .text.handleSchedulerUpTurnOn
                0x00000000080014f0       0x34 ./Core/Src/bluetooth.o
                0x00000000080014f0                handleSchedulerUpTurnOn
 .text.handleSchedulerUpTurnOff
                0x0000000008001524       0x34 ./Core/Src/bluetooth.o
                0x0000000008001524                handleSchedulerUpTurnOff
 .text.handleSchedulerDownTurnOn
                0x0000000008001558       0x34 ./Core/Src/bluetooth.o
                0x0000000008001558                handleSchedulerDownTurnOn
 .text.handleSchedulerDownTurnOff
                0x000000000800158c       0x34 ./Core/Src/bluetooth.o
                0x000000000800158c                handleSchedulerDownTurnOff
 .text.printValue
                0x00000000080015c0       0x84 ./Core/Src/bluetooth.o
                0x00000000080015c0                printValue
 .text.MX_GPIO_Init
                0x0000000008001644       0x88 ./Core/Src/gpio.o
                0x0000000008001644                MX_GPIO_Init
 .text.main     0x00000000080016cc       0xb4 ./Core/Src/main.o
                0x00000000080016cc                main
 .text.SystemClock_Config
                0x0000000008001780       0xd4 ./Core/Src/main.o
                0x0000000008001780                SystemClock_Config
 .text.HAL_TIM_PeriodElapsedCallback
                0x0000000008001854       0x48 ./Core/Src/main.o
                0x0000000008001854                HAL_TIM_PeriodElapsedCallback
 .text.controlServo
                0x000000000800189c       0x18 ./Core/Src/main.o
                0x000000000800189c                controlServo
 .text.controlLDR
                0x00000000080018b4       0x34 ./Core/Src/main.o
                0x00000000080018b4                controlLDR
 .text.controlServoScheduler
                0x00000000080018e8       0x44 ./Core/Src/main.o
                0x00000000080018e8                controlServoScheduler
 .text.setBlindWithLDR
                0x000000000800192c       0x3c ./Core/Src/main.o
                0x000000000800192c                setBlindWithLDR
 .text.Error_Handler
                0x0000000008001968        0xa ./Core/Src/main.o
                0x0000000008001968                Error_Handler
 .text.getLastWordAsInt
                0x0000000008001972       0x2c ./Core/Src/myutilities.o
                0x0000000008001972                getLastWordAsInt
 *fill*         0x000000000800199e        0x2 
 .text.HAL_MspInit
                0x00000000080019a0       0x28 ./Core/Src/stm32l0xx_hal_msp.o
                0x00000000080019a0                HAL_MspInit
 .text.NMI_Handler
                0x00000000080019c8        0x6 ./Core/Src/stm32l0xx_it.o
                0x00000000080019c8                NMI_Handler
 .text.HardFault_Handler
                0x00000000080019ce        0x6 ./Core/Src/stm32l0xx_it.o
                0x00000000080019ce                HardFault_Handler
 .text.SVC_Handler
                0x00000000080019d4        0xa ./Core/Src/stm32l0xx_it.o
                0x00000000080019d4                SVC_Handler
 .text.PendSV_Handler
                0x00000000080019de        0xa ./Core/Src/stm32l0xx_it.o
                0x00000000080019de                PendSV_Handler
 .text.SysTick_Handler
                0x00000000080019e8        0xe ./Core/Src/stm32l0xx_it.o
                0x00000000080019e8                SysTick_Handler
 *fill*         0x00000000080019f6        0x2 
 .text.TIM2_IRQHandler
                0x00000000080019f8       0x18 ./Core/Src/stm32l0xx_it.o
                0x00000000080019f8                TIM2_IRQHandler
 .text.TIM6_DAC_IRQHandler
                0x0000000008001a10       0x18 ./Core/Src/stm32l0xx_it.o
                0x0000000008001a10                TIM6_DAC_IRQHandler
 .text.TIM7_IRQHandler
                0x0000000008001a28       0x44 ./Core/Src/stm32l0xx_it.o
                0x0000000008001a28                TIM7_IRQHandler
 .text.TIM22_IRQHandler
                0x0000000008001a6c       0x18 ./Core/Src/stm32l0xx_it.o
                0x0000000008001a6c                TIM22_IRQHandler
 .text.USART1_IRQHandler
                0x0000000008001a84       0x54 ./Core/Src/stm32l0xx_it.o
                0x0000000008001a84                USART1_IRQHandler
 .text.USART2_IRQHandler
                0x0000000008001ad8       0x18 ./Core/Src/stm32l0xx_it.o
                0x0000000008001ad8                USART2_IRQHandler
 .text._sbrk    0x0000000008001af0       0x6c ./Core/Src/sysmem.o
                0x0000000008001af0                _sbrk
 .text.SystemInit
                0x0000000008001b5c        0xa ./Core/Src/system_stm32l0xx.o
                0x0000000008001b5c                SystemInit
 *fill*         0x0000000008001b66        0x2 
 .text.MX_TIM2_Init
                0x0000000008001b68       0xac ./Core/Src/tim.o
                0x0000000008001b68                MX_TIM2_Init
 .text.MX_TIM3_Init
                0x0000000008001c14      0x114 ./Core/Src/tim.o
                0x0000000008001c14                MX_TIM3_Init
 .text.MX_TIM6_Init
                0x0000000008001d28       0x7c ./Core/Src/tim.o
                0x0000000008001d28                MX_TIM6_Init
 .text.MX_TIM7_Init
                0x0000000008001da4       0x78 ./Core/Src/tim.o
                0x0000000008001da4                MX_TIM7_Init
 .text.MX_TIM22_Init
                0x0000000008001e1c       0xb0 ./Core/Src/tim.o
                0x0000000008001e1c                MX_TIM22_Init
 .text.HAL_TIM_Base_MspInit
                0x0000000008001ecc       0xdc ./Core/Src/tim.o
                0x0000000008001ecc                HAL_TIM_Base_MspInit
 .text.HAL_TIM_MspPostInit
                0x0000000008001fa8       0x78 ./Core/Src/tim.o
                0x0000000008001fa8                HAL_TIM_MspPostInit
 .text.MX_USART1_UART_Init
                0x0000000008002020       0x60 ./Core/Src/usart.o
                0x0000000008002020                MX_USART1_UART_Init
 .text.MX_USART2_UART_Init
                0x0000000008002080       0x60 ./Core/Src/usart.o
                0x0000000008002080                MX_USART2_UART_Init
 .text.HAL_UART_MspInit
                0x00000000080020e0      0x10c ./Core/Src/usart.o
                0x00000000080020e0                HAL_UART_MspInit
 .text.Reset_Handler
                0x00000000080021ec       0x50 ./Core/Startup/startup_stm32l073rztx.o
                0x00000000080021ec                Reset_Handler
 .text.Default_Handler
                0x000000000800223c        0x2 ./Core/Startup/startup_stm32l073rztx.o
                0x000000000800223c                TSC_IRQHandler
                0x000000000800223c                ADC1_COMP_IRQHandler
                0x000000000800223c                PVD_IRQHandler
                0x000000000800223c                I2C1_IRQHandler
                0x000000000800223c                RCC_CRS_IRQHandler
                0x000000000800223c                SPI1_IRQHandler
                0x000000000800223c                EXTI2_3_IRQHandler
                0x000000000800223c                I2C2_IRQHandler
                0x000000000800223c                RTC_IRQHandler
                0x000000000800223c                LCD_IRQHandler
                0x000000000800223c                DMA1_Channel4_5_6_7_IRQHandler
                0x000000000800223c                TIM3_IRQHandler
                0x000000000800223c                EXTI4_15_IRQHandler
                0x000000000800223c                DMA1_Channel1_IRQHandler
                0x000000000800223c                USART4_5_IRQHandler
                0x000000000800223c                Default_Handler
                0x000000000800223c                EXTI0_1_IRQHandler
                0x000000000800223c                USB_IRQHandler
                0x000000000800223c                I2C3_IRQHandler
                0x000000000800223c                SPI2_IRQHandler
                0x000000000800223c                TIM21_IRQHandler
                0x000000000800223c                WWDG_IRQHandler
                0x000000000800223c                DMA1_Channel2_3_IRQHandler
                0x000000000800223c                FLASH_IRQHandler
                0x000000000800223c                RNG_LPUART1_IRQHandler
                0x000000000800223c                LPTIM1_IRQHandler
 *fill*         0x000000000800223e        0x2 
 .text.HAL_Init
                0x0000000008002240       0x40 ./Drivers/STM32L0xx_HAL_Driver/Src/stm32l0xx_hal.o
                0x0000000008002240                HAL_Init
 .text.HAL_InitTick
                0x0000000008002280       0x68 ./Drivers/STM32L0xx_HAL_Driver/Src/stm32l0xx_hal.o
                0x0000000008002280                HAL_InitTick
 .text.HAL_IncTick
                0x00000000080022e8       0x24 ./Drivers/STM32L0xx_HAL_Driver/Src/stm32l0xx_hal.o
                0x00000000080022e8                HAL_IncTick
 .text.HAL_GetTick
                0x000000000800230c       0x14 ./Drivers/STM32L0xx_HAL_Driver/Src/stm32l0xx_hal.o
                0x000000000800230c                HAL_GetTick
 .text.HAL_Delay
                0x0000000008002320       0x48 ./Drivers/STM32L0xx_HAL_Driver/Src/stm32l0xx_hal.o
                0x0000000008002320                HAL_Delay
 .text.HAL_ADC_Init
                0x0000000008002368      0x2e8 ./Drivers/STM32L0xx_HAL_Driver/Src/stm32l0xx_hal_adc.o
                0x0000000008002368                HAL_ADC_Init
 .text.HAL_ADC_Start
                0x0000000008002650       0xa8 ./Drivers/STM32L0xx_HAL_Driver/Src/stm32l0xx_hal_adc.o
                0x0000000008002650                HAL_ADC_Start
 .text.HAL_ADC_PollForConversion
                0x00000000080026f8      0x138 ./Drivers/STM32L0xx_HAL_Driver/Src/stm32l0xx_hal_adc.o
                0x00000000080026f8                HAL_ADC_PollForConversion
 .text.HAL_ADC_GetValue
                0x0000000008002830       0x16 ./Drivers/STM32L0xx_HAL_Driver/Src/stm32l0xx_hal_adc.o
                0x0000000008002830                HAL_ADC_GetValue
 *fill*         0x0000000008002846        0x2 
 .text.HAL_ADC_ConfigChannel
                0x0000000008002848      0x140 ./Drivers/STM32L0xx_HAL_Driver/Src/stm32l0xx_hal_adc.o
                0x0000000008002848                HAL_ADC_ConfigChannel
 .text.HAL_ADC_GetState
                0x0000000008002988       0x14 ./Drivers/STM32L0xx_HAL_Driver/Src/stm32l0xx_hal_adc.o
                0x0000000008002988                HAL_ADC_GetState
 .text.ADC_Enable
                0x000000000800299c       0xd0 ./Drivers/STM32L0xx_HAL_Driver/Src/stm32l0xx_hal_adc.o
 .text.ADC_DelayMicroSecond
                0x0000000008002a6c       0x40 ./Drivers/STM32L0xx_HAL_Driver/Src/stm32l0xx_hal_adc.o
 .text.HAL_ADCEx_Calibration_Start
                0x0000000008002aac      0x13c ./Drivers/STM32L0xx_HAL_Driver/Src/stm32l0xx_hal_adc_ex.o
                0x0000000008002aac                HAL_ADCEx_Calibration_Start
 .text.__NVIC_EnableIRQ
                0x0000000008002be8       0x34 ./Drivers/STM32L0xx_HAL_Driver/Src/stm32l0xx_hal_cortex.o
 .text.__NVIC_SetPriority
                0x0000000008002c1c       0xdc ./Drivers/STM32L0xx_HAL_Driver/Src/stm32l0xx_hal_cortex.o
 .text.SysTick_Config
                0x0000000008002cf8       0x48 ./Drivers/STM32L0xx_HAL_Driver/Src/stm32l0xx_hal_cortex.o
 .text.HAL_NVIC_SetPriority
                0x0000000008002d40       0x2a ./Drivers/STM32L0xx_HAL_Driver/Src/stm32l0xx_hal_cortex.o
                0x0000000008002d40                HAL_NVIC_SetPriority
 .text.HAL_NVIC_EnableIRQ
                0x0000000008002d6a       0x20 ./Drivers/STM32L0xx_HAL_Driver/Src/stm32l0xx_hal_cortex.o
                0x0000000008002d6a                HAL_NVIC_EnableIRQ
 .text.HAL_SYSTICK_Config
                0x0000000008002d8a       0x1a ./Drivers/STM32L0xx_HAL_Driver/Src/stm32l0xx_hal_cortex.o
                0x0000000008002d8a                HAL_SYSTICK_Config
 .text.HAL_DMA_Abort
                0x0000000008002da4       0x80 ./Drivers/STM32L0xx_HAL_Driver/Src/stm32l0xx_hal_dma.o
                0x0000000008002da4                HAL_DMA_Abort
 .text.HAL_DMA_Abort_IT
                0x0000000008002e24       0x8e ./Drivers/STM32L0xx_HAL_Driver/Src/stm32l0xx_hal_dma.o
                0x0000000008002e24                HAL_DMA_Abort_IT
 *fill*         0x0000000008002eb2        0x2 
 .text.HAL_GPIO_Init
                0x0000000008002eb4      0x2fc ./Drivers/STM32L0xx_HAL_Driver/Src/stm32l0xx_hal_gpio.o
                0x0000000008002eb4                HAL_GPIO_Init
 .text.HAL_GPIO_WritePin
                0x00000000080031b0       0x3a ./Drivers/STM32L0xx_HAL_Driver/Src/stm32l0xx_hal_gpio.o
                0x00000000080031b0                HAL_GPIO_WritePin
 *fill*         0x00000000080031ea        0x2 
 .text.HAL_RCC_OscConfig
                0x00000000080031ec      0x7a8 ./Drivers/STM32L0xx_HAL_Driver/Src/stm32l0xx_hal_rcc.o
                0x00000000080031ec                HAL_RCC_OscConfig
 .text.HAL_RCC_ClockConfig
                0x0000000008003994      0x290 ./Drivers/STM32L0xx_HAL_Driver/Src/stm32l0xx_hal_rcc.o
                0x0000000008003994                HAL_RCC_ClockConfig
 .text.HAL_RCC_GetSysClockFreq
                0x0000000008003c24      0x14c ./Drivers/STM32L0xx_HAL_Driver/Src/stm32l0xx_hal_rcc.o
                0x0000000008003c24                HAL_RCC_GetSysClockFreq
 .text.HAL_RCC_GetHCLKFreq
                0x0000000008003d70       0x14 ./Drivers/STM32L0xx_HAL_Driver/Src/stm32l0xx_hal_rcc.o
                0x0000000008003d70                HAL_RCC_GetHCLKFreq
 .text.HAL_RCC_GetPCLK1Freq
                0x0000000008003d84       0x2c ./Drivers/STM32L0xx_HAL_Driver/Src/stm32l0xx_hal_rcc.o
                0x0000000008003d84                HAL_RCC_GetPCLK1Freq
 .text.HAL_RCC_GetPCLK2Freq
                0x0000000008003db0       0x2c ./Drivers/STM32L0xx_HAL_Driver/Src/stm32l0xx_hal_rcc.o
                0x0000000008003db0                HAL_RCC_GetPCLK2Freq
 .text.HAL_RCCEx_PeriphCLKConfig
                0x0000000008003ddc      0x2e8 ./Drivers/STM32L0xx_HAL_Driver/Src/stm32l0xx_hal_rcc_ex.o
                0x0000000008003ddc                HAL_RCCEx_PeriphCLKConfig
 .text.HAL_TIM_Base_Init
                0x00000000080040c4       0x80 ./Drivers/STM32L0xx_HAL_Driver/Src/stm32l0xx_hal_tim.o
                0x00000000080040c4                HAL_TIM_Base_Init
 .text.HAL_TIM_Base_Start_IT
                0x0000000008004144       0xa4 ./Drivers/STM32L0xx_HAL_Driver/Src/stm32l0xx_hal_tim.o
                0x0000000008004144                HAL_TIM_Base_Start_IT
 .text.HAL_TIM_PWM_Init
                0x00000000080041e8       0x80 ./Drivers/STM32L0xx_HAL_Driver/Src/stm32l0xx_hal_tim.o
                0x00000000080041e8                HAL_TIM_PWM_Init
 .text.HAL_TIM_PWM_MspInit
                0x0000000008004268       0x10 ./Drivers/STM32L0xx_HAL_Driver/Src/stm32l0xx_hal_tim.o
                0x0000000008004268                HAL_TIM_PWM_MspInit
 .text.HAL_TIM_PWM_Start
                0x0000000008004278      0x124 ./Drivers/STM32L0xx_HAL_Driver/Src/stm32l0xx_hal_tim.o
                0x0000000008004278                HAL_TIM_PWM_Start
 .text.HAL_TIM_IRQHandler
                0x000000000800439c      0x1d0 ./Drivers/STM32L0xx_HAL_Driver/Src/stm32l0xx_hal_tim.o
                0x000000000800439c                HAL_TIM_IRQHandler
 .text.HAL_TIM_PWM_ConfigChannel
                0x000000000800456c      0x18c ./Drivers/STM32L0xx_HAL_Driver/Src/stm32l0xx_hal_tim.o
                0x000000000800456c                HAL_TIM_PWM_ConfigChannel
 .text.HAL_TIM_ConfigClockSource
                0x00000000080046f8      0x1a8 ./Drivers/STM32L0xx_HAL_Driver/Src/stm32l0xx_hal_tim.o
                0x00000000080046f8                HAL_TIM_ConfigClockSource
 .text.HAL_TIM_OC_DelayElapsedCallback
                0x00000000080048a0       0x10 ./Drivers/STM32L0xx_HAL_Driver/Src/stm32l0xx_hal_tim.o
                0x00000000080048a0                HAL_TIM_OC_DelayElapsedCallback
 .text.HAL_TIM_IC_CaptureCallback
                0x00000000080048b0       0x10 ./Drivers/STM32L0xx_HAL_Driver/Src/stm32l0xx_hal_tim.o
                0x00000000080048b0                HAL_TIM_IC_CaptureCallback
 .text.HAL_TIM_PWM_PulseFinishedCallback
                0x00000000080048c0       0x10 ./Drivers/STM32L0xx_HAL_Driver/Src/stm32l0xx_hal_tim.o
                0x00000000080048c0                HAL_TIM_PWM_PulseFinishedCallback
 .text.HAL_TIM_TriggerCallback
                0x00000000080048d0       0x10 ./Drivers/STM32L0xx_HAL_Driver/Src/stm32l0xx_hal_tim.o
                0x00000000080048d0                HAL_TIM_TriggerCallback
 .text.TIM_Base_SetConfig
                0x00000000080048e0       0xbc ./Drivers/STM32L0xx_HAL_Driver/Src/stm32l0xx_hal_tim.o
 .text.TIM_OC1_SetConfig
                0x000000000800499c       0x78 ./Drivers/STM32L0xx_HAL_Driver/Src/stm32l0xx_hal_tim.o
 .text.TIM_OC2_SetConfig
                0x0000000008004a14       0x84 ./Drivers/STM32L0xx_HAL_Driver/Src/stm32l0xx_hal_tim.o
 .text.TIM_OC3_SetConfig
                0x0000000008004a98       0x80 ./Drivers/STM32L0xx_HAL_Driver/Src/stm32l0xx_hal_tim.o
 .text.TIM_OC4_SetConfig
                0x0000000008004b18       0x8c ./Drivers/STM32L0xx_HAL_Driver/Src/stm32l0xx_hal_tim.o
 .text.TIM_TI1_ConfigInputStage
                0x0000000008004ba4       0x5c ./Drivers/STM32L0xx_HAL_Driver/Src/stm32l0xx_hal_tim.o
 .text.TIM_TI2_ConfigInputStage
                0x0000000008004c00       0x64 ./Drivers/STM32L0xx_HAL_Driver/Src/stm32l0xx_hal_tim.o
 .text.TIM_ITRx_SetConfig
                0x0000000008004c64       0x32 ./Drivers/STM32L0xx_HAL_Driver/Src/stm32l0xx_hal_tim.o
 *fill*         0x0000000008004c96        0x2 
 .text.TIM_ETR_SetConfig
                0x0000000008004c98       0x40 ./Drivers/STM32L0xx_HAL_Driver/Src/stm32l0xx_hal_tim.o
 .text.TIM_CCxChannelCmd
                0x0000000008004cd8       0x46 ./Drivers/STM32L0xx_HAL_Driver/Src/stm32l0xx_hal_tim.o
 *fill*         0x0000000008004d1e        0x2 
 .text.HAL_TIMEx_MasterConfigSynchronization
                0x0000000008004d20       0xbc ./Drivers/STM32L0xx_HAL_Driver/Src/stm32l0xx_hal_tim_ex.o
                0x0000000008004d20                HAL_TIMEx_MasterConfigSynchronization
 .text.HAL_TIMEx_RemapConfig
                0x0000000008004ddc       0x3a ./Drivers/STM32L0xx_HAL_Driver/Src/stm32l0xx_hal_tim_ex.o
                0x0000000008004ddc                HAL_TIMEx_RemapConfig
 *fill*         0x0000000008004e16        0x2 
 .text.HAL_UART_Init
                0x0000000008004e18       0xa8 ./Drivers/STM32L0xx_HAL_Driver/Src/stm32l0xx_hal_uart.o
                0x0000000008004e18                HAL_UART_Init
 .text.HAL_UART_Transmit
                0x0000000008004ec0      0x150 ./Drivers/STM32L0xx_HAL_Driver/Src/stm32l0xx_hal_uart.o
                0x0000000008004ec0                HAL_UART_Transmit
 .text.HAL_UART_Receive
                0x0000000008005010      0x1dc ./Drivers/STM32L0xx_HAL_Driver/Src/stm32l0xx_hal_uart.o
                0x0000000008005010                HAL_UART_Receive
 .text.HAL_UART_IRQHandler
                0x00000000080051ec      0x5b4 ./Drivers/STM32L0xx_HAL_Driver/Src/stm32l0xx_hal_uart.o
                0x00000000080051ec                HAL_UART_IRQHandler
 .text.HAL_UART_TxCpltCallback
                0x00000000080057a0       0x10 ./Drivers/STM32L0xx_HAL_Driver/Src/stm32l0xx_hal_uart.o
                0x00000000080057a0                HAL_UART_TxCpltCallback
 .text.HAL_UART_ErrorCallback
                0x00000000080057b0       0x10 ./Drivers/STM32L0xx_HAL_Driver/Src/stm32l0xx_hal_uart.o
                0x00000000080057b0                HAL_UART_ErrorCallback
 .text.HAL_UARTEx_RxEventCallback
                0x00000000080057c0       0x16 ./Drivers/STM32L0xx_HAL_Driver/Src/stm32l0xx_hal_uart.o
                0x00000000080057c0                HAL_UARTEx_RxEventCallback
 *fill*         0x00000000080057d6        0x2 
 .text.UART_SetConfig
                0x00000000080057d8      0x57c ./Drivers/STM32L0xx_HAL_Driver/Src/stm32l0xx_hal_uart.o
                0x00000000080057d8                UART_SetConfig
 .text.UART_AdvFeatureConfig
                0x0000000008005d54      0x168 ./Drivers/STM32L0xx_HAL_Driver/Src/stm32l0xx_hal_uart.o
                0x0000000008005d54                UART_AdvFeatureConfig
 .text.UART_CheckIdleState
                0x0000000008005ebc       0x90 ./Drivers/STM32L0xx_HAL_Driver/Src/stm32l0xx_hal_uart.o
                0x0000000008005ebc                UART_CheckIdleState
 .text.UART_WaitOnFlagUntilTimeout
                0x0000000008005f4c      0x188 ./Drivers/STM32L0xx_HAL_Driver/Src/stm32l0xx_hal_uart.o
                0x0000000008005f4c                UART_WaitOnFlagUntilTimeout
 .text.UART_EndRxTransfer
                0x00000000080060d4       0xc4 ./Drivers/STM32L0xx_HAL_Driver/Src/stm32l0xx_hal_uart.o
 .text.UART_DMAAbortOnError
                0x0000000008006198       0x2e ./Drivers/STM32L0xx_HAL_Driver/Src/stm32l0xx_hal_uart.o
 .text.UART_EndTransmit_IT
                0x00000000080061c6       0x56 ./Drivers/STM32L0xx_HAL_Driver/Src/stm32l0xx_hal_uart.o
 .text.HAL_UARTEx_WakeupCallback
                0x000000000800621c       0x10 ./Drivers/STM32L0xx_HAL_Driver/Src/stm32l0xx_hal_uart_ex.o
                0x000000000800621c                HAL_UARTEx_WakeupCallback
 .text.atoi     0x000000000800622c        0xc /home/asap/Documents/STM32/makeself_dir_k5fivQ/STM32CubeIDE/plugins/com.st.stm32cube.ide.mcu.externaltools.gnu-tools-for-stm32.9-2020-q2-update.linux64_2.0.0.202105311346/tools/bin/../lib/gcc/arm-none-eabi/9.3.1/../../../../arm-none-eabi/lib/thumb/v6-m/nofp/libc_nano.a(lib_a-atoi.o)
                0x000000000800622c                atoi
 .text.__errno  0x0000000008006238        0xc /home/asap/Documents/STM32/makeself_dir_k5fivQ/STM32CubeIDE/plugins/com.st.stm32cube.ide.mcu.externaltools.gnu-tools-for-stm32.9-2020-q2-update.linux64_2.0.0.202105311346/tools/bin/../lib/gcc/arm-none-eabi/9.3.1/../../../../arm-none-eabi/lib/thumb/v6-m/nofp/libc_nano.a(lib_a-errno.o)
                0x0000000008006238                __errno
 .text.__libc_init_array
                0x0000000008006244       0x48 /home/asap/Documents/STM32/makeself_dir_k5fivQ/STM32CubeIDE/plugins/com.st.stm32cube.ide.mcu.externaltools.gnu-tools-for-stm32.9-2020-q2-update.linux64_2.0.0.202105311346/tools/bin/../lib/gcc/arm-none-eabi/9.3.1/../../../../arm-none-eabi/lib/thumb/v6-m/nofp/libc_nano.a(lib_a-init.o)
                0x0000000008006244                __libc_init_array
 .text.memcpy   0x000000000800628c       0x12 /home/asap/Documents/STM32/makeself_dir_k5fivQ/STM32CubeIDE/plugins/com.st.stm32cube.ide.mcu.externaltools.gnu-tools-for-stm32.9-2020-q2-update.linux64_2.0.0.202105311346/tools/bin/../lib/gcc/arm-none-eabi/9.3.1/../../../../arm-none-eabi/lib/thumb/v6-m/nofp/libc_nano.a(lib_a-memcpy-stub.o)
                0x000000000800628c                memcpy
 .text.memset   0x000000000800629e       0x10 /home/asap/Documents/STM32/makeself_dir_k5fivQ/STM32CubeIDE/plugins/com.st.stm32cube.ide.mcu.externaltools.gnu-tools-for-stm32.9-2020-q2-update.linux64_2.0.0.202105311346/tools/bin/../lib/gcc/arm-none-eabi/9.3.1/../../../../arm-none-eabi/lib/thumb/v6-m/nofp/libc_nano.a(lib_a-memset.o)
                0x000000000800629e                memset
 *fill*         0x00000000080062ae        0x2 
 .text.sprintf  0x00000000080062b0       0x40 /home/asap/Documents/STM32/makeself_dir_k5fivQ/STM32CubeIDE/plugins/com.st.stm32cube.ide.mcu.externaltools.gnu-tools-for-stm32.9-2020-q2-update.linux64_2.0.0.202105311346/tools/bin/../lib/gcc/arm-none-eabi/9.3.1/../../../../arm-none-eabi/lib/thumb/v6-m/nofp/libc_nano.a(lib_a-sprintf.o)
                0x00000000080062b0                sprintf
                0x00000000080062b0                siprintf
 .text.strcat   0x00000000080062f0       0x1a /home/asap/Documents/STM32/makeself_dir_k5fivQ/STM32CubeIDE/plugins/com.st.stm32cube.ide.mcu.externaltools.gnu-tools-for-stm32.9-2020-q2-update.linux64_2.0.0.202105311346/tools/bin/../lib/gcc/arm-none-eabi/9.3.1/../../../../arm-none-eabi/lib/thumb/v6-m/nofp/libc_nano.a(lib_a-strcat.o)
                0x00000000080062f0                strcat
 .text.strcpy   0x000000000800630a       0x10 /home/asap/Documents/STM32/makeself_dir_k5fivQ/STM32CubeIDE/plugins/com.st.stm32cube.ide.mcu.externaltools.gnu-tools-for-stm32.9-2020-q2-update.linux64_2.0.0.202105311346/tools/bin/../lib/gcc/arm-none-eabi/9.3.1/../../../../arm-none-eabi/lib/thumb/v6-m/nofp/libc_nano.a(lib_a-strcpy.o)
                0x000000000800630a                strcpy
 .text.strncmp  0x000000000800631a       0x22 /home/asap/Documents/STM32/makeself_dir_k5fivQ/STM32CubeIDE/plugins/com.st.stm32cube.ide.mcu.externaltools.gnu-tools-for-stm32.9-2020-q2-update.linux64_2.0.0.202105311346/tools/bin/../lib/gcc/arm-none-eabi/9.3.1/../../../../arm-none-eabi/lib/thumb/v6-m/nofp/libc_nano.a(lib_a-strncmp.o)
                0x000000000800631a                strncmp
 .text.strrchr  0x000000000800633c       0x26 /home/asap/Documents/STM32/makeself_dir_k5fivQ/STM32CubeIDE/plugins/com.st.stm32cube.ide.mcu.externaltools.gnu-tools-for-stm32.9-2020-q2-update.linux64_2.0.0.202105311346/tools/bin/../lib/gcc/arm-none-eabi/9.3.1/../../../../arm-none-eabi/lib/thumb/v6-m/nofp/libc_nano.a(lib_a-strrchr.o)
                0x000000000800633c                strrchr
 *fill*         0x0000000008006362        0x2 
 .text._strtol_l.isra.0
                0x0000000008006364      0x11c /home/asap/Documents/STM32/makeself_dir_k5fivQ/STM32CubeIDE/plugins/com.st.stm32cube.ide.mcu.externaltools.gnu-tools-for-stm32.9-2020-q2-update.linux64_2.0.0.202105311346/tools/bin/../lib/gcc/arm-none-eabi/9.3.1/../../../../arm-none-eabi/lib/thumb/v6-m/nofp/libc_nano.a(lib_a-strtol.o)
 .text.strtol   0x0000000008006480       0x18 /home/asap/Documents/STM32/makeself_dir_k5fivQ/STM32CubeIDE/plugins/com.st.stm32cube.ide.mcu.externaltools.gnu-tools-for-stm32.9-2020-q2-update.linux64_2.0.0.202105311346/tools/bin/../lib/gcc/arm-none-eabi/9.3.1/../../../../arm-none-eabi/lib/thumb/v6-m/nofp/libc_nano.a(lib_a-strtol.o)
                0x0000000008006480                strtol
 .text.__ssputs_r
                0x0000000008006498       0xc4 /home/asap/Documents/STM32/makeself_dir_k5fivQ/STM32CubeIDE/plugins/com.st.stm32cube.ide.mcu.externaltools.gnu-tools-for-stm32.9-2020-q2-update.linux64_2.0.0.202105311346/tools/bin/../lib/gcc/arm-none-eabi/9.3.1/../../../../arm-none-eabi/lib/thumb/v6-m/nofp/libc_nano.a(lib_a-nano-svfprintf.o)
                0x0000000008006498                __ssputs_r
 .text._svfprintf_r
                0x000000000800655c      0x200 /home/asap/Documents/STM32/makeself_dir_k5fivQ/STM32CubeIDE/plugins/com.st.stm32cube.ide.mcu.externaltools.gnu-tools-for-stm32.9-2020-q2-update.linux64_2.0.0.202105311346/tools/bin/../lib/gcc/arm-none-eabi/9.3.1/../../../../arm-none-eabi/lib/thumb/v6-m/nofp/libc_nano.a(lib_a-nano-svfprintf.o)
                0x000000000800655c                _svfprintf_r
                0x000000000800655c                _svfiprintf_r
 .text._printf_common
                0x000000000800675c       0xde /home/asap/Documents/STM32/makeself_dir_k5fivQ/STM32CubeIDE/plugins/com.st.stm32cube.ide.mcu.externaltools.gnu-tools-for-stm32.9-2020-q2-update.linux64_2.0.0.202105311346/tools/bin/../lib/gcc/arm-none-eabi/9.3.1/../../../../arm-none-eabi/lib/thumb/v6-m/nofp/libc_nano.a(lib_a-nano-vfprintf_i.o)
                0x000000000800675c                _printf_common
 *fill*         0x000000000800683a        0x2 
 .text._printf_i
                0x000000000800683c      0x224 /home/asap/Documents/STM32/makeself_dir_k5fivQ/STM32CubeIDE/plugins/com.st.stm32cube.ide.mcu.externaltools.gnu-tools-for-stm32.9-2020-q2-update.linux64_2.0.0.202105311346/tools/bin/../lib/gcc/arm-none-eabi/9.3.1/../../../../arm-none-eabi/lib/thumb/v6-m/nofp/libc_nano.a(lib_a-nano-vfprintf_i.o)
                0x000000000800683c                _printf_i
 .text.strchr   0x0000000008006a60       0x1c /home/asap/Documents/STM32/makeself_dir_k5fivQ/STM32CubeIDE/plugins/com.st.stm32cube.ide.mcu.externaltools.gnu-tools-for-stm32.9-2020-q2-update.linux64_2.0.0.202105311346/tools/bin/../lib/gcc/arm-none-eabi/9.3.1/../../../../arm-none-eabi/lib/thumb/v6-m/nofp/libc_nano.a(lib_a-strchr.o)
                0x0000000008006a60                strchr
 .text.memchr   0x0000000008006a7c       0x16 /home/asap/Documents/STM32/makeself_dir_k5fivQ/STM32CubeIDE/plugins/com.st.stm32cube.ide.mcu.externaltools.gnu-tools-for-stm32.9-2020-q2-update.linux64_2.0.0.202105311346/tools/bin/../lib/gcc/arm-none-eabi/9.3.1/../../../../arm-none-eabi/lib/thumb/v6-m/nofp/libc_nano.a(lib_a-memchr-stub.o)
                0x0000000008006a7c                memchr
 .text.memmove  0x0000000008006a92       0x26 /home/asap/Documents/STM32/makeself_dir_k5fivQ/STM32CubeIDE/plugins/com.st.stm32cube.ide.mcu.externaltools.gnu-tools-for-stm32.9-2020-q2-update.linux64_2.0.0.202105311346/tools/bin/../lib/gcc/arm-none-eabi/9.3.1/../../../../arm-none-eabi/lib/thumb/v6-m/nofp/libc_nano.a(lib_a-memmove.o)
                0x0000000008006a92                memmove
 .text._free_r  0x0000000008006ab8       0x94 /home/asap/Documents/STM32/makeself_dir_k5fivQ/STM32CubeIDE/plugins/com.st.stm32cube.ide.mcu.externaltools.gnu-tools-for-stm32.9-2020-q2-update.linux64_2.0.0.202105311346/tools/bin/../lib/gcc/arm-none-eabi/9.3.1/../../../../arm-none-eabi/lib/thumb/v6-m/nofp/libc_nano.a(lib_a-nano-freer.o)
                0x0000000008006ab8                _free_r
 .text._malloc_r
                0x0000000008006b4c       0xbc /home/asap/Documents/STM32/makeself_dir_k5fivQ/STM32CubeIDE/plugins/com.st.stm32cube.ide.mcu.externaltools.gnu-tools-for-stm32.9-2020-q2-update.linux64_2.0.0.202105311346/tools/bin/../lib/gcc/arm-none-eabi/9.3.1/../../../../arm-none-eabi/lib/thumb/v6-m/nofp/libc_nano.a(lib_a-nano-mallocr.o)
                0x0000000008006b4c                _malloc_r
 .text._realloc_r
                0x0000000008006c08       0x4c /home/asap/Documents/STM32/makeself_dir_k5fivQ/STM32CubeIDE/plugins/com.st.stm32cube.ide.mcu.externaltools.gnu-tools-for-stm32.9-2020-q2-update.linux64_2.0.0.202105311346/tools/bin/../lib/gcc/arm-none-eabi/9.3.1/../../../../arm-none-eabi/lib/thumb/v6-m/nofp/libc_nano.a(lib_a-nano-reallocr.o)
                0x0000000008006c08                _realloc_r
 .text._sbrk_r  0x0000000008006c54       0x24 /home/asap/Documents/STM32/makeself_dir_k5fivQ/STM32CubeIDE/plugins/com.st.stm32cube.ide.mcu.externaltools.gnu-tools-for-stm32.9-2020-q2-update.linux64_2.0.0.202105311346/tools/bin/../lib/gcc/arm-none-eabi/9.3.1/../../../../arm-none-eabi/lib/thumb/v6-m/nofp/libc_nano.a(lib_a-sbrkr.o)
                0x0000000008006c54                _sbrk_r
 .text.__malloc_lock
                0x0000000008006c78       0x10 /home/asap/Documents/STM32/makeself_dir_k5fivQ/STM32CubeIDE/plugins/com.st.stm32cube.ide.mcu.externaltools.gnu-tools-for-stm32.9-2020-q2-update.linux64_2.0.0.202105311346/tools/bin/../lib/gcc/arm-none-eabi/9.3.1/../../../../arm-none-eabi/lib/thumb/v6-m/nofp/libc_nano.a(lib_a-mlock.o)
                0x0000000008006c78                __malloc_lock
 .text.__malloc_unlock
                0x0000000008006c88       0x10 /home/asap/Documents/STM32/makeself_dir_k5fivQ/STM32CubeIDE/plugins/com.st.stm32cube.ide.mcu.externaltools.gnu-tools-for-stm32.9-2020-q2-update.linux64_2.0.0.202105311346/tools/bin/../lib/gcc/arm-none-eabi/9.3.1/../../../../arm-none-eabi/lib/thumb/v6-m/nofp/libc_nano.a(lib_a-mlock.o)
                0x0000000008006c88                __malloc_unlock
 .text._malloc_usable_size_r
                0x0000000008006c98       0x10 /home/asap/Documents/STM32/makeself_dir_k5fivQ/STM32CubeIDE/plugins/com.st.stm32cube.ide.mcu.externaltools.gnu-tools-for-stm32.9-2020-q2-update.linux64_2.0.0.202105311346/tools/bin/../lib/gcc/arm-none-eabi/9.3.1/../../../../arm-none-eabi/lib/thumb/v6-m/nofp/libc_nano.a(lib_a-nano-msizer.o)
                0x0000000008006c98                _malloc_usable_size_r
 .text.__retarget_lock_acquire_recursive
                0x0000000008006ca8        0x2 /home/asap/Documents/STM32/makeself_dir_k5fivQ/STM32CubeIDE/plugins/com.st.stm32cube.ide.mcu.externaltools.gnu-tools-for-stm32.9-2020-q2-update.linux64_2.0.0.202105311346/tools/bin/../lib/gcc/arm-none-eabi/9.3.1/../../../../arm-none-eabi/lib/thumb/v6-m/nofp/libc_nano.a(lib_a-lock.o)
                0x0000000008006ca8                __retarget_lock_acquire_recursive
 .text.__retarget_lock_release_recursive
                0x0000000008006caa        0x2 /home/asap/Documents/STM32/makeself_dir_k5fivQ/STM32CubeIDE/plugins/com.st.stm32cube.ide.mcu.externaltools.gnu-tools-for-stm32.9-2020-q2-update.linux64_2.0.0.202105311346/tools/bin/../lib/gcc/arm-none-eabi/9.3.1/../../../../arm-none-eabi/lib/thumb/v6-m/nofp/libc_nano.a(lib_a-lock.o)
                0x0000000008006caa                __retarget_lock_release_recursive
 *(.glue_7)
 .glue_7        0x0000000008006cac        0x0 linker stubs
 *(.glue_7t)
 .glue_7t       0x0000000008006cac        0x0 linker stubs
 *(.eh_frame)
 .eh_frame      0x0000000008006cac        0x0 /home/asap/Documents/STM32/makeself_dir_k5fivQ/STM32CubeIDE/plugins/com.st.stm32cube.ide.mcu.externaltools.gnu-tools-for-stm32.9-2020-q2-update.linux64_2.0.0.202105311346/tools/bin/../lib/gcc/arm-none-eabi/9.3.1/thumb/v6-m/nofp/crtbegin.o
 *(.init)
 .init          0x0000000008006cac        0x4 /home/asap/Documents/STM32/makeself_dir_k5fivQ/STM32CubeIDE/plugins/com.st.stm32cube.ide.mcu.externaltools.gnu-tools-for-stm32.9-2020-q2-update.linux64_2.0.0.202105311346/tools/bin/../lib/gcc/arm-none-eabi/9.3.1/thumb/v6-m/nofp/crti.o
                0x0000000008006cac                _init
 .init          0x0000000008006cb0        0x8 /home/asap/Documents/STM32/makeself_dir_k5fivQ/STM32CubeIDE/plugins/com.st.stm32cube.ide.mcu.externaltools.gnu-tools-for-stm32.9-2020-q2-update.linux64_2.0.0.202105311346/tools/bin/../lib/gcc/arm-none-eabi/9.3.1/thumb/v6-m/nofp/crtn.o
 *(.fini)
 .fini          0x0000000008006cb8        0x4 /home/asap/Documents/STM32/makeself_dir_k5fivQ/STM32CubeIDE/plugins/com.st.stm32cube.ide.mcu.externaltools.gnu-tools-for-stm32.9-2020-q2-update.linux64_2.0.0.202105311346/tools/bin/../lib/gcc/arm-none-eabi/9.3.1/thumb/v6-m/nofp/crti.o
                0x0000000008006cb8                _fini
 .fini          0x0000000008006cbc        0x8 /home/asap/Documents/STM32/makeself_dir_k5fivQ/STM32CubeIDE/plugins/com.st.stm32cube.ide.mcu.externaltools.gnu-tools-for-stm32.9-2020-q2-update.linux64_2.0.0.202105311346/tools/bin/../lib/gcc/arm-none-eabi/9.3.1/thumb/v6-m/nofp/crtn.o
                0x0000000008006cc4                . = ALIGN (0x4)
                0x0000000008006cc4                _etext = .

.vfp11_veneer   0x0000000008006cc4        0x0
 .vfp11_veneer  0x0000000008006cc4        0x0 linker stubs

.v4_bx          0x0000000008006cc4        0x0
 .v4_bx         0x0000000008006cc4        0x0 linker stubs

.iplt           0x0000000008006cc4        0x0
 .iplt          0x0000000008006cc4        0x0 /home/asap/Documents/STM32/makeself_dir_k5fivQ/STM32CubeIDE/plugins/com.st.stm32cube.ide.mcu.externaltools.gnu-tools-for-stm32.9-2020-q2-update.linux64_2.0.0.202105311346/tools/bin/../lib/gcc/arm-none-eabi/9.3.1/thumb/v6-m/nofp/crtbegin.o

.rodata         0x0000000008006cc4      0x524
                0x0000000008006cc4                . = ALIGN (0x4)
 *(.rodata)
 .rodata        0x0000000008006cc4      0x384 ./Core/Src/bluetooth.o
 *(.rodata*)
 .rodata.AHBPrescTable
                0x0000000008007048       0x10 ./Core/Src/system_stm32l0xx.o
                0x0000000008007048                AHBPrescTable
 .rodata.APBPrescTable
                0x0000000008007058        0x8 ./Core/Src/system_stm32l0xx.o
                0x0000000008007058                APBPrescTable
 .rodata.PLLMulTable
                0x0000000008007060        0x9 ./Core/Src/system_stm32l0xx.o
                0x0000000008007060                PLLMulTable
 *fill*         0x0000000008007069        0x3 
 .rodata.UART_SetConfig
                0x000000000800706c       0x48 ./Drivers/STM32L0xx_HAL_Driver/Src/stm32l0xx_hal_uart.o
 .rodata._ctype_
                0x00000000080070b4      0x101 /home/asap/Documents/STM32/makeself_dir_k5fivQ/STM32CubeIDE/plugins/com.st.stm32cube.ide.mcu.externaltools.gnu-tools-for-stm32.9-2020-q2-update.linux64_2.0.0.202105311346/tools/bin/../lib/gcc/arm-none-eabi/9.3.1/../../../../arm-none-eabi/lib/thumb/v6-m/nofp/libc_nano.a(lib_a-ctype_.o)
                0x00000000080070b4                _ctype_
 .rodata._svfprintf_r.str1.1
                0x00000000080071b5       0x11 /home/asap/Documents/STM32/makeself_dir_k5fivQ/STM32CubeIDE/plugins/com.st.stm32cube.ide.mcu.externaltools.gnu-tools-for-stm32.9-2020-q2-update.linux64_2.0.0.202105311346/tools/bin/../lib/gcc/arm-none-eabi/9.3.1/../../../../arm-none-eabi/lib/thumb/v6-m/nofp/libc_nano.a(lib_a-nano-svfprintf.o)
 .rodata._printf_i.str1.1
                0x00000000080071c6       0x22 /home/asap/Documents/STM32/makeself_dir_k5fivQ/STM32CubeIDE/plugins/com.st.stm32cube.ide.mcu.externaltools.gnu-tools-for-stm32.9-2020-q2-update.linux64_2.0.0.202105311346/tools/bin/../lib/gcc/arm-none-eabi/9.3.1/../../../../arm-none-eabi/lib/thumb/v6-m/nofp/libc_nano.a(lib_a-nano-vfprintf_i.o)
                0x00000000080071e8                . = ALIGN (0x4)

.ARM.extab      0x00000000080071e8        0x0
                0x00000000080071e8                . = ALIGN (0x4)
 *(.ARM.extab* .gnu.linkonce.armextab.*)
                0x00000000080071e8                . = ALIGN (0x4)

.ARM            0x00000000080071e8        0x8
                0x00000000080071e8                . = ALIGN (0x4)
                0x00000000080071e8                __exidx_start = .
 *(.ARM.exidx*)
 .ARM.exidx     0x00000000080071e8        0x8 /home/asap/Documents/STM32/makeself_dir_k5fivQ/STM32CubeIDE/plugins/com.st.stm32cube.ide.mcu.externaltools.gnu-tools-for-stm32.9-2020-q2-update.linux64_2.0.0.202105311346/tools/bin/../lib/gcc/arm-none-eabi/9.3.1/thumb/v6-m/nofp/libgcc.a(_udivmoddi4.o)
                0x00000000080071f0                __exidx_end = .
                0x00000000080071f0                . = ALIGN (0x4)

.rel.dyn        0x00000000080071f0        0x0
 .rel.iplt      0x00000000080071f0        0x0 /home/asap/Documents/STM32/makeself_dir_k5fivQ/STM32CubeIDE/plugins/com.st.stm32cube.ide.mcu.externaltools.gnu-tools-for-stm32.9-2020-q2-update.linux64_2.0.0.202105311346/tools/bin/../lib/gcc/arm-none-eabi/9.3.1/thumb/v6-m/nofp/crtbegin.o

.preinit_array  0x00000000080071f0        0x0
                0x00000000080071f0                . = ALIGN (0x4)
                0x00000000080071f0                PROVIDE (__preinit_array_start = .)
 *(.preinit_array*)
                0x00000000080071f0                PROVIDE (__preinit_array_end = .)
                0x00000000080071f0                . = ALIGN (0x4)

.init_array     0x00000000080071f0        0x4
                0x00000000080071f0                . = ALIGN (0x4)
                0x00000000080071f0                PROVIDE (__init_array_start = .)
 *(SORT_BY_NAME(.init_array.*))
 *(.init_array*)
 .init_array    0x00000000080071f0        0x4 /home/asap/Documents/STM32/makeself_dir_k5fivQ/STM32CubeIDE/plugins/com.st.stm32cube.ide.mcu.externaltools.gnu-tools-for-stm32.9-2020-q2-update.linux64_2.0.0.202105311346/tools/bin/../lib/gcc/arm-none-eabi/9.3.1/thumb/v6-m/nofp/crtbegin.o
                0x00000000080071f4                PROVIDE (__init_array_end = .)
                0x00000000080071f4                . = ALIGN (0x4)

.fini_array     0x00000000080071f4        0x4
                0x00000000080071f4                . = ALIGN (0x4)
                [!provide]                        PROVIDE (__fini_array_start = .)
 *(SORT_BY_NAME(.fini_array.*))
 *(.fini_array*)
 .fini_array    0x00000000080071f4        0x4 /home/asap/Documents/STM32/makeself_dir_k5fivQ/STM32CubeIDE/plugins/com.st.stm32cube.ide.mcu.externaltools.gnu-tools-for-stm32.9-2020-q2-update.linux64_2.0.0.202105311346/tools/bin/../lib/gcc/arm-none-eabi/9.3.1/thumb/v6-m/nofp/crtbegin.o
                [!provide]                        PROVIDE (__fini_array_end = .)
                0x00000000080071f8                . = ALIGN (0x4)
                0x00000000080071f8                _sidata = LOADADDR (.data)

.data           0x0000000020000000       0x90 load address 0x00000000080071f8
                0x0000000020000000                . = ALIGN (0x4)
                0x0000000020000000                _sdata = .
 *(.data)
 *(.data*)
 .data.ldr      0x0000000020000000       0x18 ./Core/Src/LDR.o
                0x0000000020000000                ldr
 .data.servo    0x0000000020000018        0x6 ./Core/Src/Servo.o
                0x0000000020000018                servo
 *fill*         0x000000002000001e        0x2 
 .data.SystemCoreClock
                0x0000000020000020        0x4 ./Core/Src/system_stm32l0xx.o
                0x0000000020000020                SystemCoreClock
 .data.uwTickPrio
                0x0000000020000024        0x4 ./Drivers/STM32L0xx_HAL_Driver/Src/stm32l0xx_hal.o
                0x0000000020000024                uwTickPrio
 .data.uwTickFreq
                0x0000000020000028        0x1 ./Drivers/STM32L0xx_HAL_Driver/Src/stm32l0xx_hal.o
                0x0000000020000028                uwTickFreq
 *fill*         0x0000000020000029        0x3 
 .data._impure_ptr
                0x000000002000002c        0x4 /home/asap/Documents/STM32/makeself_dir_k5fivQ/STM32CubeIDE/plugins/com.st.stm32cube.ide.mcu.externaltools.gnu-tools-for-stm32.9-2020-q2-update.linux64_2.0.0.202105311346/tools/bin/../lib/gcc/arm-none-eabi/9.3.1/../../../../arm-none-eabi/lib/thumb/v6-m/nofp/libc_nano.a(lib_a-impure.o)
                0x000000002000002c                _impure_ptr
 .data.impure_data
                0x0000000020000030       0x60 /home/asap/Documents/STM32/makeself_dir_k5fivQ/STM32CubeIDE/plugins/com.st.stm32cube.ide.mcu.externaltools.gnu-tools-for-stm32.9-2020-q2-update.linux64_2.0.0.202105311346/tools/bin/../lib/gcc/arm-none-eabi/9.3.1/../../../../arm-none-eabi/lib/thumb/v6-m/nofp/libc_nano.a(lib_a-impure.o)
 *(.RamFunc)
 *(.RamFunc*)
                0x0000000020000090                . = ALIGN (0x4)
                0x0000000020000090                _edata = .

.igot.plt       0x0000000020000090        0x0 load address 0x0000000008007288
 .igot.plt      0x0000000020000090        0x0 /home/asap/Documents/STM32/makeself_dir_k5fivQ/STM32CubeIDE/plugins/com.st.stm32cube.ide.mcu.externaltools.gnu-tools-for-stm32.9-2020-q2-update.linux64_2.0.0.202105311346/tools/bin/../lib/gcc/arm-none-eabi/9.3.1/thumb/v6-m/nofp/crtbegin.o
                0x0000000020000090                . = ALIGN (0x4)

.bss            0x0000000020000090      0x31c load address 0x0000000008007288
                0x0000000020000090                _sbss = .
                0x0000000020000090                __bss_start__ = _sbss
 *(.bss)
 .bss           0x0000000020000090       0x1c /home/asap/Documents/STM32/makeself_dir_k5fivQ/STM32CubeIDE/plugins/com.st.stm32cube.ide.mcu.externaltools.gnu-tools-for-stm32.9-2020-q2-update.linux64_2.0.0.202105311346/tools/bin/../lib/gcc/arm-none-eabi/9.3.1/thumb/v6-m/nofp/crtbegin.o
 *(.bss*)
 .bss.servoScheduler
                0x00000000200000ac        0x8 ./Core/Src/ServoScheduler.o
                0x00000000200000ac                servoScheduler
 .bss.bluetooth
                0x00000000200000b4       0x34 ./Core/Src/bluetooth.o
                0x00000000200000b4                bluetooth
 .bss.__sbrk_heap_end
                0x00000000200000e8        0x4 ./Core/Src/sysmem.o
 .bss.__malloc_free_list
                0x00000000200000ec        0x4 /home/asap/Documents/STM32/makeself_dir_k5fivQ/STM32CubeIDE/plugins/com.st.stm32cube.ide.mcu.externaltools.gnu-tools-for-stm32.9-2020-q2-update.linux64_2.0.0.202105311346/tools/bin/../lib/gcc/arm-none-eabi/9.3.1/../../../../arm-none-eabi/lib/thumb/v6-m/nofp/libc_nano.a(lib_a-nano-mallocr.o)
                0x00000000200000ec                __malloc_free_list
 .bss.__malloc_sbrk_start
                0x00000000200000f0        0x4 /home/asap/Documents/STM32/makeself_dir_k5fivQ/STM32CubeIDE/plugins/com.st.stm32cube.ide.mcu.externaltools.gnu-tools-for-stm32.9-2020-q2-update.linux64_2.0.0.202105311346/tools/bin/../lib/gcc/arm-none-eabi/9.3.1/../../../../arm-none-eabi/lib/thumb/v6-m/nofp/libc_nano.a(lib_a-nano-mallocr.o)
                0x00000000200000f0                __malloc_sbrk_start
 *(COMMON)
 COMMON         0x00000000200000f4       0x5c ./Core/Src/adc.o
                0x00000000200000f4                hadc
 COMMON         0x0000000020000150      0x140 ./Core/Src/tim.o
                0x0000000020000150                htim3
                0x0000000020000190                htim22
                0x00000000200001d0                htim6
                0x0000000020000210                htim2
                0x0000000020000250                htim7
 COMMON         0x0000000020000290      0x108 ./Core/Src/usart.o
                0x0000000020000290                huart1
                0x0000000020000314                huart2
 COMMON         0x0000000020000398        0x4 ./Drivers/STM32L0xx_HAL_Driver/Src/stm32l0xx_hal.o
                0x0000000020000398                uwTick
 COMMON         0x000000002000039c        0x4 /home/asap/Documents/STM32/makeself_dir_k5fivQ/STM32CubeIDE/plugins/com.st.stm32cube.ide.mcu.externaltools.gnu-tools-for-stm32.9-2020-q2-update.linux64_2.0.0.202105311346/tools/bin/../lib/gcc/arm-none-eabi/9.3.1/../../../../arm-none-eabi/lib/thumb/v6-m/nofp/libc_nano.a(lib_a-reent.o)
                0x000000002000039c                errno
 COMMON         0x00000000200003a0        0x9 /home/asap/Documents/STM32/makeself_dir_k5fivQ/STM32CubeIDE/plugins/com.st.stm32cube.ide.mcu.externaltools.gnu-tools-for-stm32.9-2020-q2-update.linux64_2.0.0.202105311346/tools/bin/../lib/gcc/arm-none-eabi/9.3.1/../../../../arm-none-eabi/lib/thumb/v6-m/nofp/libc_nano.a(lib_a-lock.o)
                0x00000000200003a0                __lock___atexit_recursive_mutex
                0x00000000200003a1                __lock___arc4random_mutex
                0x00000000200003a2                __lock___env_recursive_mutex
                0x00000000200003a3                __lock___sinit_recursive_mutex
                0x00000000200003a4                __lock___malloc_recursive_mutex
                0x00000000200003a5                __lock___at_quick_exit_mutex
                0x00000000200003a6                __lock___dd_hash_mutex
                0x00000000200003a7                __lock___tz_mutex
                0x00000000200003a8                __lock___sfp_recursive_mutex
                0x00000000200003ac                . = ALIGN (0x4)
 *fill*         0x00000000200003a9        0x3 
                0x00000000200003ac                _ebss = .
                0x00000000200003ac                __bss_end__ = _ebss

._user_heap_stack
                0x00000000200003ac      0x604 load address 0x0000000008007288
                0x00000000200003b0                . = ALIGN (0x8)
 *fill*         0x00000000200003ac        0x4 
                [!provide]                        PROVIDE (end = .)
                0x00000000200003b0                PROVIDE (_end = .)
                0x00000000200005b0                . = (. + _Min_Heap_Size)
 *fill*         0x00000000200003b0      0x200 
                0x00000000200009b0                . = (. + _Min_Stack_Size)
 *fill*         0x00000000200005b0      0x400 
                0x00000000200009b0                . = ALIGN (0x8)

/DISCARD/
 libc.a(*)
 libm.a(*)
 libgcc.a(*)

.ARM.attributes
                0x0000000000000000       0x28
 *(.ARM.attributes)
 .ARM.attributes
                0x0000000000000000       0x1e /home/asap/Documents/STM32/makeself_dir_k5fivQ/STM32CubeIDE/plugins/com.st.stm32cube.ide.mcu.externaltools.gnu-tools-for-stm32.9-2020-q2-update.linux64_2.0.0.202105311346/tools/bin/../lib/gcc/arm-none-eabi/9.3.1/thumb/v6-m/nofp/crti.o
 .ARM.attributes
                0x000000000000001e       0x2c /home/asap/Documents/STM32/makeself_dir_k5fivQ/STM32CubeIDE/plugins/com.st.stm32cube.ide.mcu.externaltools.gnu-tools-for-stm32.9-2020-q2-update.linux64_2.0.0.202105311346/tools/bin/../lib/gcc/arm-none-eabi/9.3.1/thumb/v6-m/nofp/crtbegin.o
 .ARM.attributes
                0x000000000000004a       0x2c ./Core/Src/LDR.o
 .ARM.attributes
                0x0000000000000076       0x2c ./Core/Src/Servo.o
 .ARM.attributes
                0x00000000000000a2       0x2c ./Core/Src/ServoScheduler.o
 .ARM.attributes
                0x00000000000000ce       0x2c ./Core/Src/adc.o
 .ARM.attributes
                0x00000000000000fa       0x2c ./Core/Src/bluetooth.o
 .ARM.attributes
                0x0000000000000126       0x2c ./Core/Src/gpio.o
 .ARM.attributes
                0x0000000000000152       0x2c ./Core/Src/main.o
 .ARM.attributes
                0x000000000000017e       0x2c ./Core/Src/myutilities.o
 .ARM.attributes
                0x00000000000001aa       0x2c ./Core/Src/stm32l0xx_hal_msp.o
 .ARM.attributes
                0x00000000000001d6       0x2c ./Core/Src/stm32l0xx_it.o
 .ARM.attributes
                0x0000000000000202       0x2c ./Core/Src/sysmem.o
 .ARM.attributes
                0x000000000000022e       0x2c ./Core/Src/system_stm32l0xx.o
 .ARM.attributes
                0x000000000000025a       0x2c ./Core/Src/tim.o
 .ARM.attributes
                0x0000000000000286       0x2c ./Core/Src/usart.o
 .ARM.attributes
                0x00000000000002b2       0x22 ./Core/Startup/startup_stm32l073rztx.o
 .ARM.attributes
                0x00000000000002d4       0x2c ./Drivers/STM32L0xx_HAL_Driver/Src/stm32l0xx_hal.o
 .ARM.attributes
                0x0000000000000300       0x2c ./Drivers/STM32L0xx_HAL_Driver/Src/stm32l0xx_hal_adc.o
 .ARM.attributes
                0x000000000000032c       0x2c ./Drivers/STM32L0xx_HAL_Driver/Src/stm32l0xx_hal_adc_ex.o
 .ARM.attributes
                0x0000000000000358       0x2c ./Drivers/STM32L0xx_HAL_Driver/Src/stm32l0xx_hal_cortex.o
 .ARM.attributes
                0x0000000000000384       0x2c ./Drivers/STM32L0xx_HAL_Driver/Src/stm32l0xx_hal_dma.o
 .ARM.attributes
                0x00000000000003b0       0x2c ./Drivers/STM32L0xx_HAL_Driver/Src/stm32l0xx_hal_gpio.o
 .ARM.attributes
                0x00000000000003dc       0x2c ./Drivers/STM32L0xx_HAL_Driver/Src/stm32l0xx_hal_rcc.o
 .ARM.attributes
                0x0000000000000408       0x2c ./Drivers/STM32L0xx_HAL_Driver/Src/stm32l0xx_hal_rcc_ex.o
 .ARM.attributes
                0x0000000000000434       0x2c ./Drivers/STM32L0xx_HAL_Driver/Src/stm32l0xx_hal_tim.o
 .ARM.attributes
                0x0000000000000460       0x2c ./Drivers/STM32L0xx_HAL_Driver/Src/stm32l0xx_hal_tim_ex.o
 .ARM.attributes
                0x000000000000048c       0x2c ./Drivers/STM32L0xx_HAL_Driver/Src/stm32l0xx_hal_uart.o
 .ARM.attributes
                0x00000000000004b8       0x2c ./Drivers/STM32L0xx_HAL_Driver/Src/stm32l0xx_hal_uart_ex.o
 .ARM.attributes
                0x00000000000004e4       0x2c /home/asap/Documents/STM32/makeself_dir_k5fivQ/STM32CubeIDE/plugins/com.st.stm32cube.ide.mcu.externaltools.gnu-tools-for-stm32.9-2020-q2-update.linux64_2.0.0.202105311346/tools/bin/../lib/gcc/arm-none-eabi/9.3.1/../../../../arm-none-eabi/lib/thumb/v6-m/nofp/libc_nano.a(lib_a-atoi.o)
 .ARM.attributes
                0x0000000000000510       0x2c /home/asap/Documents/STM32/makeself_dir_k5fivQ/STM32CubeIDE/plugins/com.st.stm32cube.ide.mcu.externaltools.gnu-tools-for-stm32.9-2020-q2-update.linux64_2.0.0.202105311346/tools/bin/../lib/gcc/arm-none-eabi/9.3.1/../../../../arm-none-eabi/lib/thumb/v6-m/nofp/libc_nano.a(lib_a-errno.o)
 .ARM.attributes
                0x000000000000053c       0x2c /home/asap/Documents/STM32/makeself_dir_k5fivQ/STM32CubeIDE/plugins/com.st.stm32cube.ide.mcu.externaltools.gnu-tools-for-stm32.9-2020-q2-update.linux64_2.0.0.202105311346/tools/bin/../lib/gcc/arm-none-eabi/9.3.1/../../../../arm-none-eabi/lib/thumb/v6-m/nofp/libc_nano.a(lib_a-impure.o)
 .ARM.attributes
                0x0000000000000568       0x2c /home/asap/Documents/STM32/makeself_dir_k5fivQ/STM32CubeIDE/plugins/com.st.stm32cube.ide.mcu.externaltools.gnu-tools-for-stm32.9-2020-q2-update.linux64_2.0.0.202105311346/tools/bin/../lib/gcc/arm-none-eabi/9.3.1/../../../../arm-none-eabi/lib/thumb/v6-m/nofp/libc_nano.a(lib_a-init.o)
 .ARM.attributes
                0x0000000000000594       0x2c /home/asap/Documents/STM32/makeself_dir_k5fivQ/STM32CubeIDE/plugins/com.st.stm32cube.ide.mcu.externaltools.gnu-tools-for-stm32.9-2020-q2-update.linux64_2.0.0.202105311346/tools/bin/../lib/gcc/arm-none-eabi/9.3.1/../../../../arm-none-eabi/lib/thumb/v6-m/nofp/libc_nano.a(lib_a-memcpy-stub.o)
 .ARM.attributes
                0x00000000000005c0       0x2c /home/asap/Documents/STM32/makeself_dir_k5fivQ/STM32CubeIDE/plugins/com.st.stm32cube.ide.mcu.externaltools.gnu-tools-for-stm32.9-2020-q2-update.linux64_2.0.0.202105311346/tools/bin/../lib/gcc/arm-none-eabi/9.3.1/../../../../arm-none-eabi/lib/thumb/v6-m/nofp/libc_nano.a(lib_a-memset.o)
 .ARM.attributes
                0x00000000000005ec       0x2c /home/asap/Documents/STM32/makeself_dir_k5fivQ/STM32CubeIDE/plugins/com.st.stm32cube.ide.mcu.externaltools.gnu-tools-for-stm32.9-2020-q2-update.linux64_2.0.0.202105311346/tools/bin/../lib/gcc/arm-none-eabi/9.3.1/../../../../arm-none-eabi/lib/thumb/v6-m/nofp/libc_nano.a(lib_a-sprintf.o)
 .ARM.attributes
                0x0000000000000618       0x2c /home/asap/Documents/STM32/makeself_dir_k5fivQ/STM32CubeIDE/plugins/com.st.stm32cube.ide.mcu.externaltools.gnu-tools-for-stm32.9-2020-q2-update.linux64_2.0.0.202105311346/tools/bin/../lib/gcc/arm-none-eabi/9.3.1/../../../../arm-none-eabi/lib/thumb/v6-m/nofp/libc_nano.a(lib_a-strcat.o)
 .ARM.attributes
                0x0000000000000644       0x2c /home/asap/Documents/STM32/makeself_dir_k5fivQ/STM32CubeIDE/plugins/com.st.stm32cube.ide.mcu.externaltools.gnu-tools-for-stm32.9-2020-q2-update.linux64_2.0.0.202105311346/tools/bin/../lib/gcc/arm-none-eabi/9.3.1/../../../../arm-none-eabi/lib/thumb/v6-m/nofp/libc_nano.a(lib_a-strcpy.o)
 .ARM.attributes
                0x0000000000000670       0x1c /home/asap/Documents/STM32/makeself_dir_k5fivQ/STM32CubeIDE/plugins/com.st.stm32cube.ide.mcu.externaltools.gnu-tools-for-stm32.9-2020-q2-update.linux64_2.0.0.202105311346/tools/bin/../lib/gcc/arm-none-eabi/9.3.1/../../../../arm-none-eabi/lib/thumb/v6-m/nofp/libc_nano.a(lib_a-strlen.o)
 .ARM.attributes
                0x000000000000068c       0x2c /home/asap/Documents/STM32/makeself_dir_k5fivQ/STM32CubeIDE/plugins/com.st.stm32cube.ide.mcu.externaltools.gnu-tools-for-stm32.9-2020-q2-update.linux64_2.0.0.202105311346/tools/bin/../lib/gcc/arm-none-eabi/9.3.1/../../../../arm-none-eabi/lib/thumb/v6-m/nofp/libc_nano.a(lib_a-strncmp.o)
 .ARM.attributes
                0x00000000000006b8       0x2c /home/asap/Documents/STM32/makeself_dir_k5fivQ/STM32CubeIDE/plugins/com.st.stm32cube.ide.mcu.externaltools.gnu-tools-for-stm32.9-2020-q2-update.linux64_2.0.0.202105311346/tools/bin/../lib/gcc/arm-none-eabi/9.3.1/../../../../arm-none-eabi/lib/thumb/v6-m/nofp/libc_nano.a(lib_a-strrchr.o)
 .ARM.attributes
                0x00000000000006e4       0x2c /home/asap/Documents/STM32/makeself_dir_k5fivQ/STM32CubeIDE/plugins/com.st.stm32cube.ide.mcu.externaltools.gnu-tools-for-stm32.9-2020-q2-update.linux64_2.0.0.202105311346/tools/bin/../lib/gcc/arm-none-eabi/9.3.1/../../../../arm-none-eabi/lib/thumb/v6-m/nofp/libc_nano.a(lib_a-strtol.o)
 .ARM.attributes
                0x0000000000000710       0x2c /home/asap/Documents/STM32/makeself_dir_k5fivQ/STM32CubeIDE/plugins/com.st.stm32cube.ide.mcu.externaltools.gnu-tools-for-stm32.9-2020-q2-update.linux64_2.0.0.202105311346/tools/bin/../lib/gcc/arm-none-eabi/9.3.1/../../../../arm-none-eabi/lib/thumb/v6-m/nofp/libc_nano.a(lib_a-ctype_.o)
 .ARM.attributes
                0x000000000000073c       0x2c /home/asap/Documents/STM32/makeself_dir_k5fivQ/STM32CubeIDE/plugins/com.st.stm32cube.ide.mcu.externaltools.gnu-tools-for-stm32.9-2020-q2-update.linux64_2.0.0.202105311346/tools/bin/../lib/gcc/arm-none-eabi/9.3.1/../../../../arm-none-eabi/lib/thumb/v6-m/nofp/libc_nano.a(lib_a-nano-svfprintf.o)
 .ARM.attributes
                0x0000000000000768       0x2c /home/asap/Documents/STM32/makeself_dir_k5fivQ/STM32CubeIDE/plugins/com.st.stm32cube.ide.mcu.externaltools.gnu-tools-for-stm32.9-2020-q2-update.linux64_2.0.0.202105311346/tools/bin/../lib/gcc/arm-none-eabi/9.3.1/../../../../arm-none-eabi/lib/thumb/v6-m/nofp/libc_nano.a(lib_a-nano-vfprintf_i.o)
 .ARM.attributes
                0x0000000000000794       0x2c /home/asap/Documents/STM32/makeself_dir_k5fivQ/STM32CubeIDE/plugins/com.st.stm32cube.ide.mcu.externaltools.gnu-tools-for-stm32.9-2020-q2-update.linux64_2.0.0.202105311346/tools/bin/../lib/gcc/arm-none-eabi/9.3.1/../../../../arm-none-eabi/lib/thumb/v6-m/nofp/libc_nano.a(lib_a-strchr.o)
 .ARM.attributes
                0x00000000000007c0       0x2c /home/asap/Documents/STM32/makeself_dir_k5fivQ/STM32CubeIDE/plugins/com.st.stm32cube.ide.mcu.externaltools.gnu-tools-for-stm32.9-2020-q2-update.linux64_2.0.0.202105311346/tools/bin/../lib/gcc/arm-none-eabi/9.3.1/../../../../arm-none-eabi/lib/thumb/v6-m/nofp/libc_nano.a(lib_a-memchr-stub.o)
 .ARM.attributes
                0x00000000000007ec       0x2c /home/asap/Documents/STM32/makeself_dir_k5fivQ/STM32CubeIDE/plugins/com.st.stm32cube.ide.mcu.externaltools.gnu-tools-for-stm32.9-2020-q2-update.linux64_2.0.0.202105311346/tools/bin/../lib/gcc/arm-none-eabi/9.3.1/../../../../arm-none-eabi/lib/thumb/v6-m/nofp/libc_nano.a(lib_a-memmove.o)
 .ARM.attributes
                0x0000000000000818       0x2c /home/asap/Documents/STM32/makeself_dir_k5fivQ/STM32CubeIDE/plugins/com.st.stm32cube.ide.mcu.externaltools.gnu-tools-for-stm32.9-2020-q2-update.linux64_2.0.0.202105311346/tools/bin/../lib/gcc/arm-none-eabi/9.3.1/../../../../arm-none-eabi/lib/thumb/v6-m/nofp/libc_nano.a(lib_a-nano-freer.o)
 .ARM.attributes
                0x0000000000000844       0x2c /home/asap/Documents/STM32/makeself_dir_k5fivQ/STM32CubeIDE/plugins/com.st.stm32cube.ide.mcu.externaltools.gnu-tools-for-stm32.9-2020-q2-update.linux64_2.0.0.202105311346/tools/bin/../lib/gcc/arm-none-eabi/9.3.1/../../../../arm-none-eabi/lib/thumb/v6-m/nofp/libc_nano.a(lib_a-nano-mallocr.o)
 .ARM.attributes
                0x0000000000000870       0x2c /home/asap/Documents/STM32/makeself_dir_k5fivQ/STM32CubeIDE/plugins/com.st.stm32cube.ide.mcu.externaltools.gnu-tools-for-stm32.9-2020-q2-update.linux64_2.0.0.202105311346/tools/bin/../lib/gcc/arm-none-eabi/9.3.1/../../../../arm-none-eabi/lib/thumb/v6-m/nofp/libc_nano.a(lib_a-nano-reallocr.o)
 .ARM.attributes
                0x000000000000089c       0x2c /home/asap/Documents/STM32/makeself_dir_k5fivQ/STM32CubeIDE/plugins/com.st.stm32cube.ide.mcu.externaltools.gnu-tools-for-stm32.9-2020-q2-update.linux64_2.0.0.202105311346/tools/bin/../lib/gcc/arm-none-eabi/9.3.1/../../../../arm-none-eabi/lib/thumb/v6-m/nofp/libc_nano.a(lib_a-sbrkr.o)
 .ARM.attributes
                0x00000000000008c8       0x2c /home/asap/Documents/STM32/makeself_dir_k5fivQ/STM32CubeIDE/plugins/com.st.stm32cube.ide.mcu.externaltools.gnu-tools-for-stm32.9-2020-q2-update.linux64_2.0.0.202105311346/tools/bin/../lib/gcc/arm-none-eabi/9.3.1/../../../../arm-none-eabi/lib/thumb/v6-m/nofp/libc_nano.a(lib_a-mlock.o)
 .ARM.attributes
                0x00000000000008f4       0x2c /home/asap/Documents/STM32/makeself_dir_k5fivQ/STM32CubeIDE/plugins/com.st.stm32cube.ide.mcu.externaltools.gnu-tools-for-stm32.9-2020-q2-update.linux64_2.0.0.202105311346/tools/bin/../lib/gcc/arm-none-eabi/9.3.1/../../../../arm-none-eabi/lib/thumb/v6-m/nofp/libc_nano.a(lib_a-nano-msizer.o)
 .ARM.attributes
                0x0000000000000920       0x2c /home/asap/Documents/STM32/makeself_dir_k5fivQ/STM32CubeIDE/plugins/com.st.stm32cube.ide.mcu.externaltools.gnu-tools-for-stm32.9-2020-q2-update.linux64_2.0.0.202105311346/tools/bin/../lib/gcc/arm-none-eabi/9.3.1/../../../../arm-none-eabi/lib/thumb/v6-m/nofp/libc_nano.a(lib_a-reent.o)
 .ARM.attributes
                0x000000000000094c       0x2c /home/asap/Documents/STM32/makeself_dir_k5fivQ/STM32CubeIDE/plugins/com.st.stm32cube.ide.mcu.externaltools.gnu-tools-for-stm32.9-2020-q2-update.linux64_2.0.0.202105311346/tools/bin/../lib/gcc/arm-none-eabi/9.3.1/../../../../arm-none-eabi/lib/thumb/v6-m/nofp/libc_nano.a(lib_a-lock.o)
 .ARM.attributes
                0x0000000000000978       0x1e /home/asap/Documents/STM32/makeself_dir_k5fivQ/STM32CubeIDE/plugins/com.st.stm32cube.ide.mcu.externaltools.gnu-tools-for-stm32.9-2020-q2-update.linux64_2.0.0.202105311346/tools/bin/../lib/gcc/arm-none-eabi/9.3.1/thumb/v6-m/nofp/libgcc.a(_thumb1_case_shi.o)
 .ARM.attributes
                0x0000000000000996       0x1e /home/asap/Documents/STM32/makeself_dir_k5fivQ/STM32CubeIDE/plugins/com.st.stm32cube.ide.mcu.externaltools.gnu-tools-for-stm32.9-2020-q2-update.linux64_2.0.0.202105311346/tools/bin/../lib/gcc/arm-none-eabi/9.3.1/thumb/v6-m/nofp/libgcc.a(_udivsi3.o)
 .ARM.attributes
                0x00000000000009b4       0x1e /home/asap/Documents/STM32/makeself_dir_k5fivQ/STM32CubeIDE/plugins/com.st.stm32cube.ide.mcu.externaltools.gnu-tools-for-stm32.9-2020-q2-update.linux64_2.0.0.202105311346/tools/bin/../lib/gcc/arm-none-eabi/9.3.1/thumb/v6-m/nofp/libgcc.a(_dvmd_tls.o)
 .ARM.attributes
                0x00000000000009d2       0x1e /home/asap/Documents/STM32/makeself_dir_k5fivQ/STM32CubeIDE/plugins/com.st.stm32cube.ide.mcu.externaltools.gnu-tools-for-stm32.9-2020-q2-update.linux64_2.0.0.202105311346/tools/bin/../lib/gcc/arm-none-eabi/9.3.1/thumb/v6-m/nofp/libgcc.a(_aeabi_uldivmod.o)
 .ARM.attributes
                0x00000000000009f0       0x2c /home/asap/Documents/STM32/makeself_dir_k5fivQ/STM32CubeIDE/plugins/com.st.stm32cube.ide.mcu.externaltools.gnu-tools-for-stm32.9-2020-q2-update.linux64_2.0.0.202105311346/tools/bin/../lib/gcc/arm-none-eabi/9.3.1/thumb/v6-m/nofp/libgcc.a(_muldi3.o)
 .ARM.attributes
                0x0000000000000a1c       0x2c /home/asap/Documents/STM32/makeself_dir_k5fivQ/STM32CubeIDE/plugins/com.st.stm32cube.ide.mcu.externaltools.gnu-tools-for-stm32.9-2020-q2-update.linux64_2.0.0.202105311346/tools/bin/../lib/gcc/arm-none-eabi/9.3.1/thumb/v6-m/nofp/libgcc.a(_udivmoddi4.o)
 .ARM.attributes
                0x0000000000000a48       0x1e /home/asap/Documents/STM32/makeself_dir_k5fivQ/STM32CubeIDE/plugins/com.st.stm32cube.ide.mcu.externaltools.gnu-tools-for-stm32.9-2020-q2-update.linux64_2.0.0.202105311346/tools/bin/../lib/gcc/arm-none-eabi/9.3.1/thumb/v6-m/nofp/libgcc.a(_clzdi2.o)
 .ARM.attributes
                0x0000000000000a66       0x1e /home/asap/Documents/STM32/makeself_dir_k5fivQ/STM32CubeIDE/plugins/com.st.stm32cube.ide.mcu.externaltools.gnu-tools-for-stm32.9-2020-q2-update.linux64_2.0.0.202105311346/tools/bin/../lib/gcc/arm-none-eabi/9.3.1/thumb/v6-m/nofp/libgcc.a(_clzsi2.o)
 .ARM.attributes
                0x0000000000000a84       0x1e /home/asap/Documents/STM32/makeself_dir_k5fivQ/STM32CubeIDE/plugins/com.st.stm32cube.ide.mcu.externaltools.gnu-tools-for-stm32.9-2020-q2-update.linux64_2.0.0.202105311346/tools/bin/../lib/gcc/arm-none-eabi/9.3.1/thumb/v6-m/nofp/crtn.o
OUTPUT(curtain-manage-prototype.elf elf32-littlearm)
LOAD linker stubs
LOAD /home/asap/Documents/STM32/makeself_dir_k5fivQ/STM32CubeIDE/plugins/com.st.stm32cube.ide.mcu.externaltools.gnu-tools-for-stm32.9-2020-q2-update.linux64_2.0.0.202105311346/tools/bin/../lib/gcc/arm-none-eabi/9.3.1/../../../../arm-none-eabi/lib/thumb/v6-m/nofp/libc.a
LOAD /home/asap/Documents/STM32/makeself_dir_k5fivQ/STM32CubeIDE/plugins/com.st.stm32cube.ide.mcu.externaltools.gnu-tools-for-stm32.9-2020-q2-update.linux64_2.0.0.202105311346/tools/bin/../lib/gcc/arm-none-eabi/9.3.1/../../../../arm-none-eabi/lib/thumb/v6-m/nofp/libm.a
LOAD /home/asap/Documents/STM32/makeself_dir_k5fivQ/STM32CubeIDE/plugins/com.st.stm32cube.ide.mcu.externaltools.gnu-tools-for-stm32.9-2020-q2-update.linux64_2.0.0.202105311346/tools/bin/../lib/gcc/arm-none-eabi/9.3.1/thumb/v6-m/nofp/libgcc.a

.debug_info     0x0000000000000000    0x2171b
 .debug_info    0x0000000000000000     0x1b56 ./Core/Src/LDR.o
 .debug_info    0x0000000000001b56     0x1b14 ./Core/Src/Servo.o
 .debug_info    0x000000000000366a     0x1a0f ./Core/Src/ServoScheduler.o
 .debug_info    0x0000000000005079     0x1ad9 ./Core/Src/adc.o
 .debug_info    0x0000000000006b52     0x1c46 ./Core/Src/bluetooth.o
 .debug_info    0x0000000000008798     0x1a4b ./Core/Src/gpio.o
 .debug_info    0x000000000000a1e3     0x1add ./Core/Src/main.o
 .debug_info    0x000000000000bcc0     0x1876 ./Core/Src/myutilities.o
 .debug_info    0x000000000000d536     0x18da ./Core/Src/stm32l0xx_hal_msp.o
 .debug_info    0x000000000000ee10     0x185d ./Core/Src/stm32l0xx_it.o
 .debug_info    0x000000000001066d      0xa25 ./Core/Src/sysmem.o
 .debug_info    0x0000000000011092      0x363 ./Core/Src/system_stm32l0xx.o
 .debug_info    0x00000000000113f5     0x1d8c ./Core/Src/tim.o
 .debug_info    0x0000000000013181     0x1bc9 ./Core/Src/usart.o
 .debug_info    0x0000000000014d4a       0x22 ./Core/Startup/startup_stm32l073rztx.o
 .debug_info    0x0000000000014d6c      0x92f ./Drivers/STM32L0xx_HAL_Driver/Src/stm32l0xx_hal.o
 .debug_info    0x000000000001569b      0xe01 ./Drivers/STM32L0xx_HAL_Driver/Src/stm32l0xx_hal_adc.o
 .debug_info    0x000000000001649c      0x8bc ./Drivers/STM32L0xx_HAL_Driver/Src/stm32l0xx_hal_adc_ex.o
 .debug_info    0x0000000000016d58      0x9af ./Drivers/STM32L0xx_HAL_Driver/Src/stm32l0xx_hal_cortex.o
 .debug_info    0x0000000000017707      0x834 ./Drivers/STM32L0xx_HAL_Driver/Src/stm32l0xx_hal_dma.o
 .debug_info    0x0000000000017f3b      0x790 ./Drivers/STM32L0xx_HAL_Driver/Src/stm32l0xx_hal_gpio.o
 .debug_info    0x00000000000186cb      0xa85 ./Drivers/STM32L0xx_HAL_Driver/Src/stm32l0xx_hal_rcc.o
 .debug_info    0x0000000000019150      0x8e9 ./Drivers/STM32L0xx_HAL_Driver/Src/stm32l0xx_hal_rcc_ex.o
 .debug_info    0x0000000000019a39     0x2a96 ./Drivers/STM32L0xx_HAL_Driver/Src/stm32l0xx_hal_tim.o
 .debug_info    0x000000000001c4cf      0x7d8 ./Drivers/STM32L0xx_HAL_Driver/Src/stm32l0xx_hal_tim_ex.o
 .debug_info    0x000000000001cca7     0x3ca7 ./Drivers/STM32L0xx_HAL_Driver/Src/stm32l0xx_hal_uart.o
 .debug_info    0x000000000002094e      0xdcd ./Drivers/STM32L0xx_HAL_Driver/Src/stm32l0xx_hal_uart_ex.o

.debug_abbrev   0x0000000000000000     0x3b95
 .debug_abbrev  0x0000000000000000      0x2de ./Core/Src/LDR.o
 .debug_abbrev  0x00000000000002de      0x2c9 ./Core/Src/Servo.o
 .debug_abbrev  0x00000000000005a7      0x2a2 ./Core/Src/ServoScheduler.o
 .debug_abbrev  0x0000000000000849      0x262 ./Core/Src/adc.o
 .debug_abbrev  0x0000000000000aab      0x259 ./Core/Src/bluetooth.o
 .debug_abbrev  0x0000000000000d04      0x231 ./Core/Src/gpio.o
 .debug_abbrev  0x0000000000000f35      0x2a2 ./Core/Src/main.o
 .debug_abbrev  0x00000000000011d7      0x270 ./Core/Src/myutilities.o
 .debug_abbrev  0x0000000000001447      0x20c ./Core/Src/stm32l0xx_hal_msp.o
 .debug_abbrev  0x0000000000001653      0x226 ./Core/Src/stm32l0xx_it.o
 .debug_abbrev  0x0000000000001879      0x1bf ./Core/Src/sysmem.o
 .debug_abbrev  0x0000000000001a38      0x145 ./Core/Src/system_stm32l0xx.o
 .debug_abbrev  0x0000000000001b7d      0x2a9 ./Core/Src/tim.o
 .debug_abbrev  0x0000000000001e26      0x276 ./Core/Src/usart.o
 .debug_abbrev  0x000000000000209c       0x12 ./Core/Startup/startup_stm32l073rztx.o
 .debug_abbrev  0x00000000000020ae      0x267 ./Drivers/STM32L0xx_HAL_Driver/Src/stm32l0xx_hal.o
 .debug_abbrev  0x0000000000002315      0x222 ./Drivers/STM32L0xx_HAL_Driver/Src/stm32l0xx_hal_adc.o
 .debug_abbrev  0x0000000000002537      0x1ee ./Drivers/STM32L0xx_HAL_Driver/Src/stm32l0xx_hal_adc_ex.o
 .debug_abbrev  0x0000000000002725      0x2b4 ./Drivers/STM32L0xx_HAL_Driver/Src/stm32l0xx_hal_cortex.o
 .debug_abbrev  0x00000000000029d9      0x1f0 ./Drivers/STM32L0xx_HAL_Driver/Src/stm32l0xx_hal_dma.o
 .debug_abbrev  0x0000000000002bc9      0x1e8 ./Drivers/STM32L0xx_HAL_Driver/Src/stm32l0xx_hal_gpio.o
 .debug_abbrev  0x0000000000002db1      0x246 ./Drivers/STM32L0xx_HAL_Driver/Src/stm32l0xx_hal_rcc.o
 .debug_abbrev  0x0000000000002ff7      0x20b ./Drivers/STM32L0xx_HAL_Driver/Src/stm32l0xx_hal_rcc_ex.o
 .debug_abbrev  0x0000000000003202      0x26f ./Drivers/STM32L0xx_HAL_Driver/Src/stm32l0xx_hal_tim.o
 .debug_abbrev  0x0000000000003471      0x1c2 ./Drivers/STM32L0xx_HAL_Driver/Src/stm32l0xx_hal_tim_ex.o
 .debug_abbrev  0x0000000000003633      0x2c2 ./Drivers/STM32L0xx_HAL_Driver/Src/stm32l0xx_hal_uart.o
 .debug_abbrev  0x00000000000038f5      0x2a0 ./Drivers/STM32L0xx_HAL_Driver/Src/stm32l0xx_hal_uart_ex.o

.debug_aranges  0x0000000000000000     0x1120
 .debug_aranges
                0x0000000000000000       0xb8 ./Core/Src/LDR.o
 .debug_aranges
                0x00000000000000b8       0xb8 ./Core/Src/Servo.o
 .debug_aranges
                0x0000000000000170       0x90 ./Core/Src/ServoScheduler.o
 .debug_aranges
                0x0000000000000200       0x30 ./Core/Src/adc.o
 .debug_aranges
                0x0000000000000230       0xe0 ./Core/Src/bluetooth.o
 .debug_aranges
                0x0000000000000310       0x20 ./Core/Src/gpio.o
 .debug_aranges
                0x0000000000000330       0x58 ./Core/Src/main.o
 .debug_aranges
                0x0000000000000388       0x30 ./Core/Src/myutilities.o
 .debug_aranges
                0x00000000000003b8       0x20 ./Core/Src/stm32l0xx_hal_msp.o
 .debug_aranges
                0x00000000000003d8       0x70 ./Core/Src/stm32l0xx_it.o
 .debug_aranges
                0x0000000000000448       0x20 ./Core/Src/sysmem.o
 .debug_aranges
                0x0000000000000468       0x28 ./Core/Src/system_stm32l0xx.o
 .debug_aranges
                0x0000000000000490       0x58 ./Core/Src/tim.o
 .debug_aranges
                0x00000000000004e8       0x38 ./Core/Src/usart.o
 .debug_aranges
                0x0000000000000520       0x28 ./Core/Startup/startup_stm32l073rztx.o
 .debug_aranges
                0x0000000000000548      0x110 ./Drivers/STM32L0xx_HAL_Driver/Src/stm32l0xx_hal.o
 .debug_aranges
                0x0000000000000658      0x100 ./Drivers/STM32L0xx_HAL_Driver/Src/stm32l0xx_hal_adc.o
 .debug_aranges
                0x0000000000000758       0x50 ./Drivers/STM32L0xx_HAL_Driver/Src/stm32l0xx_hal_adc_ex.o
 .debug_aranges
                0x00000000000007a8       0xd8 ./Drivers/STM32L0xx_HAL_Driver/Src/stm32l0xx_hal_cortex.o
 .debug_aranges
                0x0000000000000880       0x80 ./Drivers/STM32L0xx_HAL_Driver/Src/stm32l0xx_hal_dma.o
 .debug_aranges
                0x0000000000000900       0x58 ./Drivers/STM32L0xx_HAL_Driver/Src/stm32l0xx_hal_gpio.o
 .debug_aranges
                0x0000000000000958       0x80 ./Drivers/STM32L0xx_HAL_Driver/Src/stm32l0xx_hal_rcc.o
 .debug_aranges
                0x00000000000009d8       0xb0 ./Drivers/STM32L0xx_HAL_Driver/Src/stm32l0xx_hal_rcc_ex.o
 .debug_aranges
                0x0000000000000a88      0x3d0 ./Drivers/STM32L0xx_HAL_Driver/Src/stm32l0xx_hal_tim.o
 .debug_aranges
                0x0000000000000e58       0x28 ./Drivers/STM32L0xx_HAL_Driver/Src/stm32l0xx_hal_tim_ex.o
 .debug_aranges
                0x0000000000000e80      0x228 ./Drivers/STM32L0xx_HAL_Driver/Src/stm32l0xx_hal_uart.o
 .debug_aranges
                0x00000000000010a8       0x78 ./Drivers/STM32L0xx_HAL_Driver/Src/stm32l0xx_hal_uart_ex.o

.debug_ranges   0x0000000000000000      0xfa8
 .debug_ranges  0x0000000000000000       0xa8 ./Core/Src/LDR.o
 .debug_ranges  0x00000000000000a8       0xa8 ./Core/Src/Servo.o
 .debug_ranges  0x0000000000000150       0x80 ./Core/Src/ServoScheduler.o
 .debug_ranges  0x00000000000001d0       0x20 ./Core/Src/adc.o
 .debug_ranges  0x00000000000001f0       0xd0 ./Core/Src/bluetooth.o
 .debug_ranges  0x00000000000002c0       0x10 ./Core/Src/gpio.o
 .debug_ranges  0x00000000000002d0       0x48 ./Core/Src/main.o
 .debug_ranges  0x0000000000000318       0x20 ./Core/Src/myutilities.o
 .debug_ranges  0x0000000000000338       0x10 ./Core/Src/stm32l0xx_hal_msp.o
 .debug_ranges  0x0000000000000348       0x60 ./Core/Src/stm32l0xx_it.o
 .debug_ranges  0x00000000000003a8       0x10 ./Core/Src/sysmem.o
 .debug_ranges  0x00000000000003b8       0x18 ./Core/Src/system_stm32l0xx.o
 .debug_ranges  0x00000000000003d0       0x48 ./Core/Src/tim.o
 .debug_ranges  0x0000000000000418       0x28 ./Core/Src/usart.o
 .debug_ranges  0x0000000000000440       0x20 ./Core/Startup/startup_stm32l073rztx.o
 .debug_ranges  0x0000000000000460      0x100 ./Drivers/STM32L0xx_HAL_Driver/Src/stm32l0xx_hal.o