Archive member included to satisfy reference by file (symbol)

c:/st/stm32cubeide_1.7.0/stm32cubeide/plugins/com.st.stm32cube.ide.mcu.externaltools.gnu-tools-for-stm32.9-2020-q2-update.win32_2.0.0.202105311346/tools/bin/../lib/gcc/arm-none-eabi/9.3.1/../../../../arm-none-eabi/lib/thumb/v6-m/nofp\libc_nano.a(lib_a-atoi.o)
                              ./Core/Src/myutilities.o (atoi)
c:/st/stm32cubeide_1.7.0/stm32cubeide/plugins/com.st.stm32cube.ide.mcu.externaltools.gnu-tools-for-stm32.9-2020-q2-update.win32_2.0.0.202105311346/tools/bin/../lib/gcc/arm-none-eabi/9.3.1/../../../../arm-none-eabi/lib/thumb/v6-m/nofp\libc_nano.a(lib_a-errno.o)
                              ./Core/Src/syscalls.o (__errno)
c:/st/stm32cubeide_1.7.0/stm32cubeide/plugins/com.st.stm32cube.ide.mcu.externaltools.gnu-tools-for-stm32.9-2020-q2-update.win32_2.0.0.202105311346/tools/bin/../lib/gcc/arm-none-eabi/9.3.1/../../../../arm-none-eabi/lib/thumb/v6-m/nofp\libc_nano.a(lib_a-exit.o)
                              c:/st/stm32cubeide_1.7.0/stm32cubeide/plugins/com.st.stm32cube.ide.mcu.externaltools.gnu-tools-for-stm32.9-2020-q2-update.win32_2.0.0.202105311346/tools/bin/../lib/gcc/arm-none-eabi/9.3.1/../../../../arm-none-eabi/lib/thumb/v6-m/nofp/crt0.o (exit)
c:/st/stm32cubeide_1.7.0/stm32cubeide/plugins/com.st.stm32cube.ide.mcu.externaltools.gnu-tools-for-stm32.9-2020-q2-update.win32_2.0.0.202105311346/tools/bin/../lib/gcc/arm-none-eabi/9.3.1/../../../../arm-none-eabi/lib/thumb/v6-m/nofp\libc_nano.a(lib_a-impure.o)
                              c:/st/stm32cubeide_1.7.0/stm32cubeide/plugins/com.st.stm32cube.ide.mcu.externaltools.gnu-tools-for-stm32.9-2020-q2-update.win32_2.0.0.202105311346/tools/bin/../lib/gcc/arm-none-eabi/9.3.1/../../../../arm-none-eabi/lib/thumb/v6-m/nofp\libc_nano.a(lib_a-exit.o) (_global_impure_ptr)
c:/st/stm32cubeide_1.7.0/stm32cubeide/plugins/com.st.stm32cube.ide.mcu.externaltools.gnu-tools-for-stm32.9-2020-q2-update.win32_2.0.0.202105311346/tools/bin/../lib/gcc/arm-none-eabi/9.3.1/../../../../arm-none-eabi/lib/thumb/v6-m/nofp\libc_nano.a(lib_a-init.o)
                              c:/st/stm32cubeide_1.7.0/stm32cubeide/plugins/com.st.stm32cube.ide.mcu.externaltools.gnu-tools-for-stm32.9-2020-q2-update.win32_2.0.0.202105311346/tools/bin/../lib/gcc/arm-none-eabi/9.3.1/../../../../arm-none-eabi/lib/thumb/v6-m/nofp/crt0.o (__libc_init_array)
c:/st/stm32cubeide_1.7.0/stm32cubeide/plugins/com.st.stm32cube.ide.mcu.externaltools.gnu-tools-for-stm32.9-2020-q2-update.win32_2.0.0.202105311346/tools/bin/../lib/gcc/arm-none-eabi/9.3.1/../../../../arm-none-eabi/lib/thumb/v6-m/nofp\libc_nano.a(lib_a-memcpy-stub.o)
                              ./Core/Src/bluetooth.o (memcpy)
c:/st/stm32cubeide_1.7.0/stm32cubeide/plugins/com.st.stm32cube.ide.mcu.externaltools.gnu-tools-for-stm32.9-2020-q2-update.win32_2.0.0.202105311346/tools/bin/../lib/gcc/arm-none-eabi/9.3.1/../../../../arm-none-eabi/lib/thumb/v6-m/nofp\libc_nano.a(lib_a-memset.o)
                              c:/st/stm32cubeide_1.7.0/stm32cubeide/plugins/com.st.stm32cube.ide.mcu.externaltools.gnu-tools-for-stm32.9-2020-q2-update.win32_2.0.0.202105311346/tools/bin/../lib/gcc/arm-none-eabi/9.3.1/../../../../arm-none-eabi/lib/thumb/v6-m/nofp/crt0.o (memset)
c:/st/stm32cubeide_1.7.0/stm32cubeide/plugins/com.st.stm32cube.ide.mcu.externaltools.gnu-tools-for-stm32.9-2020-q2-update.win32_2.0.0.202105311346/tools/bin/../lib/gcc/arm-none-eabi/9.3.1/../../../../arm-none-eabi/lib/thumb/v6-m/nofp\libc_nano.a(lib_a-sprintf.o)
                              ./Core/Src/bluetooth.o (sprintf)
c:/st/stm32cubeide_1.7.0/stm32cubeide/plugins/com.st.stm32cube.ide.mcu.externaltools.gnu-tools-for-stm32.9-2020-q2-update.win32_2.0.0.202105311346/tools/bin/../lib/gcc/arm-none-eabi/9.3.1/../../../../arm-none-eabi/lib/thumb/v6-m/nofp\libc_nano.a(lib_a-strlen.o)
                              ./Core/Src/bluetooth.o (strlen)
c:/st/stm32cubeide_1.7.0/stm32cubeide/plugins/com.st.stm32cube.ide.mcu.externaltools.gnu-tools-for-stm32.9-2020-q2-update.win32_2.0.0.202105311346/tools/bin/../lib/gcc/arm-none-eabi/9.3.1/../../../../arm-none-eabi/lib/thumb/v6-m/nofp\libc_nano.a(lib_a-strncmp.o)
                              ./Core/Src/bluetooth.o (strncmp)
c:/st/stm32cubeide_1.7.0/stm32cubeide/plugins/com.st.stm32cube.ide.mcu.externaltools.gnu-tools-for-stm32.9-2020-q2-update.win32_2.0.0.202105311346/tools/bin/../lib/gcc/arm-none-eabi/9.3.1/../../../../arm-none-eabi/lib/thumb/v6-m/nofp\libc_nano.a(lib_a-strrchr.o)
                              ./Core/Src/myutilities.o (strrchr)
c:/st/stm32cubeide_1.7.0/stm32cubeide/plugins/com.st.stm32cube.ide.mcu.externaltools.gnu-tools-for-stm32.9-2020-q2-update.win32_2.0.0.202105311346/tools/bin/../lib/gcc/arm-none-eabi/9.3.1/../../../../arm-none-eabi/lib/thumb/v6-m/nofp\libc_nano.a(lib_a-strtol.o)
[...]
Memory Configuration

Name             Origin             Length             Attributes
RAM              0x0000000020000000 0x0000000000005000 xrw
FLASH            0x0000000008000000 0x0000000000030000 xr
*default*        0x0000000000000000 0xffffffffffffffff

Linker script and memory map

LOAD c:/st/stm32cubeide_1.7.0/stm32cubeide/plugins/com.st.stm32cube.ide.mcu.externaltools.gnu-tools-for-stm32.9-2020-q2-update.win32_2.0.0.202105311346/tools/bin/../lib/gcc/arm-none-eabi/9.3.1/thumb/v6-m/nofp/crti.o
LOAD c:/st/stm32cubeide_1.7.0/stm32cubeide/plugins/com.st.stm32cube.ide.mcu.externaltools.gnu-tools-for-stm32.9-2020-q2-update.win32_2.0.0.202105311346/tools/bin/../lib/gcc/arm-none-eabi/9.3.1/thumb/v6-m/nofp/crtbegin.o
LOAD c:/st/stm32cubeide_1.7.0/stm32cubeide/plugins/com.st.stm32cube.ide.mcu.externaltools.gnu-tools-for-stm32.9-2020-q2-update.win32_2.0.0.202105311346/tools/bin/../lib/gcc/arm-none-eabi/9.3.1/../../../../arm-none-eabi/lib/thumb/v6-m/nofp/crt0.o
LOAD ./Core/Src/LDR.o
LOAD ./Core/Src/Servo.o
LOAD ./Core/Src/adc.o
LOAD ./Core/Src/bluetooth.o
LOAD ./Core/Src/gpio.o
LOAD ./Core/Src/main.o
LOAD ./Core/Src/myutilities.o
LOAD ./Core/Src/stm32l0xx_hal_msp.o
LOAD ./Core/Src/stm32l0xx_it.o
LOAD ./Core/Src/syscalls.o
LOAD ./Core/Src/sysmem.o
LOAD ./Core/Src/system_stm32l0xx.o
LOAD ./Core/Src/tim.o
LOAD ./Core/Src/usart.o
LOAD ./Core/Startup/startup_stm32l073rztx.o
LOAD ./Drivers/STM32L0xx_HAL_Driver/Src/stm32l0xx_hal.o
LOAD ./Drivers/STM32L0xx_HAL_Driver/Src/stm32l0xx_hal_adc.o
LOAD ./Drivers/STM32L0xx_HAL_Driver/Src/stm32l0xx_hal_adc_ex.o
LOAD ./Drivers/STM32L0xx_HAL_Driver/Src/stm32l0xx_hal_cortex.o
LOAD ./Drivers/STM32L0xx_HAL_Driver/Src/stm32l0xx_hal_dma.o
LOAD ./Drivers/STM32L0xx_HAL_Driver/Src/stm32l0xx_hal_exti.o
LOAD ./Drivers/STM32L0xx_HAL_Driver/Src/stm32l0xx_hal_flash.o
LOAD ./Drivers/STM32L0xx_HAL_Driver/Src/stm32l0xx_hal_flash_ex.o
LOAD ./Drivers/STM32L0xx_HAL_Driver/Src/stm32l0xx_hal_flash_ramfunc.o
LOAD ./Drivers/STM32L0xx_HAL_Driver/Src/stm32l0xx_hal_gpio.o
LOAD ./Drivers/STM32L0xx_HAL_Driver/Src/stm32l0xx_hal_i2c.o
LOAD ./Drivers/STM32L0xx_HAL_Driver/Src/stm32l0xx_hal_i2c_ex.o
LOAD ./Drivers/STM32L0xx_HAL_Driver/Src/stm32l0xx_hal_pwr.o
LOAD ./Drivers/STM32L0xx_HAL_Driver/Src/stm32l0xx_hal_pwr_ex.o
LOAD ./Drivers/STM32L0xx_HAL_Driver/Src/stm32l0xx_hal_rcc.o
LOAD ./Drivers/STM32L0xx_HAL_Driver/Src/stm32l0xx_hal_rcc_ex.o
LOAD ./Drivers/STM32L0xx_HAL_Driver/Src/stm32l0xx_hal_tim.o
LOAD ./Drivers/STM32L0xx_HAL_Driver/Src/stm32l0xx_hal_tim_ex.o
LOAD ./Drivers/STM32L0xx_HAL_Driver/Src/stm32l0xx_hal_uart.o
LOAD ./Drivers/STM32L0xx_HAL_Driver/Src/stm32l0xx_hal_uart_ex.o
START GROUP
LOAD c:/st/stm32cubeide_1.7.0/stm32cubeide/plugins/com.st.stm32cube.ide.mcu.externaltools.gnu-tools-for-stm32.9-2020-q2-update.win32_2.0.0.202105311346/tools/bin/../lib/gcc/arm-none-eabi/9.3.1/../../../../arm-none-eabi/lib/thumb/v6-m/nofp\libc_nano.a
LOAD c:/st/stm32cubeide_1.7.0/stm32cubeide/plugins/com.st.stm32cube.ide.mcu.externaltools.gnu-tools-for-stm32.9-2020-q2-update.win32_2.0.0.202105311346/tools/bin/../lib/gcc/arm-none-eabi/9.3.1/../../../../arm-none-eabi/lib/thumb/v6-m/nofp\libm.a
END GROUP
START GROUP
LOAD c:/st/stm32cubeide_1.7.0/stm32cubeide/plugins/com.st.stm32cube.ide.mcu.externaltools.gnu-tools-for-stm32.9-2020-q2-update.win32_2.0.0.202105311346/tools/bin/../lib/gcc/arm-none-eabi/9.3.1/thumb/v6-m/nofp\libgcc.a
LOAD c:/st/stm32cubeide_1.7.0/stm32cubeide/plugins/com.st.stm32cube.ide.mcu.externaltools.gnu-tools-for-stm32.9-2020-q2-update.win32_2.0.0.202105311346/tools/bin/../lib/gcc/arm-none-eabi/9.3.1/../../../../arm-none-eabi/lib/thumb/v6-m/nofp\libc_nano.a
END GROUP
START GROUP
LOAD c:/st/stm32cubeide_1.7.0/stm32cubeide/plugins/com.st.stm32cube.ide.mcu.externaltools.gnu-tools-for-stm32.9-2020-q2-update.win32_2.0.0.202105311346/tools/bin/../lib/gcc/arm-none-eabi/9.3.1/thumb/v6-m/nofp\libgcc.a
LOAD c:/st/stm32cubeide_1.7.0/stm32cubeide/plugins/com.st.stm32cube.ide.mcu.externaltools.gnu-tools-for-stm32.9-2020-q2-update.win32_2.0.0.202105311346/tools/bin/../lib/gcc/arm-none-eabi/9.3.1/../../../../arm-none-eabi/lib/thumb/v6-m/nofp\libc_nano.a
LOAD c:/st/stm32cubeide_1.7.0/stm32cubeide/plugins/com.st.stm32cube.ide.mcu.externaltools.gnu-tools-for-stm32.9-2020-q2-update.win32_2.0.0.202105311346/tools/bin/../lib/gcc/arm-none-eabi/9.3.1/../../../../arm-none-eabi/lib/thumb/v6-m/nofp\libnosys.a
END GROUP
START GROUP
LOAD c:/st/stm32cubeide_1.7.0/stm32cubeide/plugins/com.st.stm32cube.ide.mcu.externaltools.gnu-tools-for-stm32.9-2020-q2-update.win32_2.0.0.202105311346/tools/bin/../lib/gcc/arm-none-eabi/9.3.1/thumb/v6-m/nofp\libgcc.a
LOAD c:/st/stm32cubeide_1.7.0/stm32cubeide/plugins/com.st.stm32cube.ide.mcu.externaltools.gnu-tools-for-stm32.9-2020-q2-update.win32_2.0.0.202105311346/tools/bin/../lib/gcc/arm-none-eabi/9.3.1/../../../../arm-none-eabi/lib/thumb/v6-m/nofp\libc_nano.a
LOAD c:/st/stm32cubeide_1.7.0/stm32cubeide/plugins/com.st.stm32cube.ide.mcu.externaltools.gnu-tools-for-stm32.9-2020-q2-update.win32_2.0.0.202105311346/tools/bin/../lib/gcc/arm-none-eabi/9.3.1/../../../../arm-none-eabi/lib/thumb/v6-m/nofp\libnosys.a
END GROUP
LOAD c:/st/stm32cubeide_1.7.0/stm32cubeide/plugins/com.st.stm32cube.ide.mcu.externaltools.gnu-tools-for-stm32.9-2020-q2-update.win32_2.0.0.202105311346/tools/bin/../lib/gcc/arm-none-eabi/9.3.1/thumb/v6-m/nofp/crtend.o
LOAD c:/st/stm32cubeide_1.7.0/stm32cubeide/plugins/com.st.stm32cube.ide.mcu.externaltools.gnu-tools-for-stm32.9-2020-q2-update.win32_2.0.0.202105311346/tools/bin/../lib/gcc/arm-none-eabi/9.3.1/thumb/v6-m/nofp/crtn.o
                0x0000000020005000                _estack = (ORIGIN (RAM) + LENGTH (RAM))
                0x0000000000000200                _Min_Heap_Size = 0x200
                0x0000000000000400                _Min_Stack_Size = 0x400

.isr_vector     0x0000000008000000       0xc0
                0x0000000008000000                . = ALIGN (0x4)
 *(.isr_vector)
 .isr_vector    0x0000000008000000       0xc0 ./Core/Startup/startup_stm32l073rztx.o
                0x0000000008000000                g_pfnVectors
                0x00000000080000c0                . = ALIGN (0x4)

.text           0x00000000080000c0     0x62b0
                0x00000000080000c0                . = ALIGN (0x4)
 *(.text)
 .text          0x00000000080000c0       0x48 c:/st/stm32cubeide_1.7.0/stm32cubeide/plugins/com.st.stm32cube.ide.mcu.externaltools.gnu-tools-for-stm32.9-2020-q2-update.win32_2.0.0.202105311346/tools/bin/../lib/gcc/arm-none-eabi/9.3.1/thumb/v6-m/nofp/crtbegin.o
 .text          0x0000000008000108        0xe c:/st/stm32cubeide_1.7.0/stm32cubeide/plugins/com.st.stm32cube.ide.mcu.externaltools.gnu-tools-for-stm32.9-2020-q2-update.win32_2.0.0.202105311346/tools/bin/../lib/gcc/arm-none-eabi/9.3.1/../../../../arm-none-eabi/lib/thumb/v6-m/nofp\libc_nano.a(lib_a-strlen.o)
                0x0000000008000108                strlen
 *fill*         0x0000000008000116        0x2 
 .text          0x0000000008000118       0x14 c:/st/stm32cubeide_1.7.0/stm32cubeide/plugins/com.st.stm32cube.ide.mcu.externaltools.gnu-tools-for-stm32.9-2020-q2-update.win32_2.0.0.202105311346/tools/bin/../lib/gcc/arm-none-eabi/9.3.1/thumb/v6-m/nofp\libgcc.a(_thumb1_case_shi.o)
                0x0000000008000118                __gnu_thumb1_case_shi
 .text          0x000000000800012c      0x114 c:/st/stm32cubeide_1.7.0/stm32cubeide/plugins/com.st.stm32cube.ide.mcu.externaltools.gnu-tools-for-stm32.9-2020-q2-update.win32_2.0.0.202105311346/tools/bin/../lib/gcc/arm-none-eabi/9.3.1/thumb/v6-m/nofp\libgcc.a(_udivsi3.o)
                0x000000000800012c                __aeabi_uidiv
                0x000000000800012c                __udivsi3
                0x0000000008000238                __aeabi_uidivmod
 .text          0x0000000008000240        0x4 c:/st/stm32cubeide_1.7.0/stm32cubeide/plugins/com.st.stm32cube.ide.mcu.externaltools.gnu-tools-for-stm32.9-2020-q2-update.win32_2.0.0.202105311346/tools/bin/../lib/gcc/arm-none-eabi/9.3.1/thumb/v6-m/nofp\libgcc.a(_dvmd_tls.o)
                0x0000000008000240                __aeabi_idiv0
                0x0000000008000240                __aeabi_ldiv0
 .text          0x0000000008000244       0x40 c:/st/stm32cubeide_1.7.0/stm32cubeide/plugins/com.st.stm32cube.ide.mcu.externaltools.gnu-tools-for-stm32.9-2020-q2-update.win32_2.0.0.202105311346/tools/bin/../lib/gcc/arm-none-eabi/9.3.1/thumb/v6-m/nofp\libgcc.a(_aeabi_uldivmod.o)
                0x0000000008000244                __aeabi_uldivmod
 .text          0x0000000008000284       0x50 c:/st/stm32cubeide_1.7.0/stm32cubeide/plugins/com.st.stm32cube.ide.mcu.externaltools.gnu-tools-for-stm32.9-2020-q2-update.win32_2.0.0.202105311346/tools/bin/../lib/gcc/arm-none-eabi/9.3.1/thumb/v6-m/nofp\libgcc.a(_muldi3.o)
                0x0000000008000284                __muldi3
                0x0000000008000284                __aeabi_lmul
 .text          0x00000000080002d4      0x198 c:/st/stm32cubeide_1.7.0/stm32cubeide/plugins/com.st.stm32cube.ide.mcu.externaltools.gnu-tools-for-stm32.9-2020-q2-update.win32_2.0.0.202105311346/tools/bin/../lib/gcc/arm-none-eabi/9.3.1/thumb/v6-m/nofp\libgcc.a(_udivmoddi4.o)
                0x00000000080002d4                __udivmoddi4
 .text          0x000000000800046c       0x18 c:/st/stm32cubeide_1.7.0/stm32cubeide/plugins/com.st.stm32cube.ide.mcu.externaltools.gnu-tools-for-stm32.9-2020-q2-update.win32_2.0.0.202105311346/tools/bin/../lib/gcc/arm-none-eabi/9.3.1/thumb/v6-m/nofp\libgcc.a(_clzdi2.o)
                0x000000000800046c                __clzdi2
 .text          0x0000000008000484       0x3c c:/st/stm32cubeide_1.7.0/stm32cubeide/plugins/com.st.stm32cube.ide.mcu.externaltools.gnu-tools-for-stm32.9-2020-q2-update.win32_2.0.0.202105311346/tools/bin/../lib/gcc/arm-none-eabi/9.3.1/thumb/v6-m/nofp\libgcc.a(_clzsi2.o)
                0x0000000008000484                __clzsi2
 *(.text*)
 .text.getLightIntensity
                0x00000000080004c0       0x4c ./Core/Src/LDR.o
                0x00000000080004c0                getLightIntensity
 .text.measureLDR
                0x000000000800050c       0x40 ./Core/Src/LDR.o
                0x000000000800050c                measureLDR
 .text.measureIsAutoOfRange
                0x000000000800054c       0x1c ./Core/Src/LDR.o
                0x000000000800054c                measureIsAutoOfRange
 .text.areNewMeassures
                0x0000000008000568       0x1c ./Core/Src/LDR.o
                0x0000000008000568                areNewMeassures
 .text.getAverageMeassure
                0x0000000008000584       0x54 ./Core/Src/LDR.o
                0x0000000008000584                getAverageMeassure
 .text.isAboveUpperLimit
                0x00000000080005d8       0x24 ./Core/Src/LDR.o
                0x00000000080005d8                isAboveUpperLimit
 .text.isBelowLowerLimit
                0x00000000080005fc       0x24 ./Core/Src/LDR.o
                0x00000000080005fc                isBelowLowerLimit
 .text.setMinLDRreading
                0x0000000008000620       0x20 ./Core/Src/LDR.o
                0x0000000008000620                setMinLDRreading
 .text.setMaxLDRreading
                0x0000000008000640       0x20 ./Core/Src/LDR.o
                0x0000000008000640                setMaxLDRreading
 .text.setUpperLDRControlLimit
                0x0000000008000660       0x20 ./Core/Src/LDR.o
                0x0000000008000660                setUpperLDRControlLimit
 .text.setLowerLDRControlLimit
                0x0000000008000680       0x20 ./Core/Src/LDR.o
                0x0000000008000680                setLowerLDRControlLimit
 .text.getMinLDRreading
                0x00000000080006a0       0x14 ./Core/Src/LDR.o
                0x00000000080006a0                getMinLDRreading
 .text.getMaxLDRreading
                0x00000000080006b4       0x14 ./Core/Src/LDR.o
                0x00000000080006b4                getMaxLDRreading
 .text.getUpperLDRControlLimit
                0x00000000080006c8       0x14 ./Core/Src/LDR.o
                0x00000000080006c8                getUpperLDRControlLimit
 .text.getLowerLDRControlLimit
                0x00000000080006dc       0x14 ./Core/Src/LDR.o
                0x00000000080006dc                getLowerLDRControlLimit
 .text.steerBlind
                0x00000000080006f0       0x32 ./Core/Src/Servo.o
                0x00000000080006f0                steerBlind
 *fill*         0x0000000008000722        0x2 
 .text.increaseBlindPositionByLength
                0x0000000008000724       0x40 ./Core/Src/Servo.o
                0x0000000008000724                increaseBlindPositionByLength
 .text.canSetBlindPosition
                0x0000000008000764       0x48 ./Core/Src/Servo.o
                0x0000000008000764                canSetBlindPosition
 .text.setBlindPosition
                0x00000000080007ac       0x30 ./Core/Src/Servo.o
                0x00000000080007ac                setBlindPosition
 .text.setBlindPositionToMax
                0x00000000080007dc       0x1c ./Core/Src/Servo.o
                0x00000000080007dc                setBlindPositionToMax
 .text.setBlindPositionToMin
                0x00000000080007f8       0x14 ./Core/Src/Servo.o
                0x00000000080007f8                setBlindPositionToMin
 .text.canRollUpBlind
                0x000000000800080c       0x28 ./Core/Src/Servo.o
                0x000000000800080c                canRollUpBlind
 .text.canRollDownBlind
                0x0000000008000834       0x28 ./Core/Src/Servo.o
                0x0000000008000834                canRollDownBlind
 .text.canStopRollingBlind
                0x000000000800085c       0x24 ./Core/Src/Servo.o
                0x000000000800085c                canStopRollingBlind
 .text.isRolledMaxUp
                0x0000000008000880       0x24 ./Core/Src/Servo.o
                0x0000000008000880                isRolledMaxUp
 .text.isRolledMaxDown
                0x00000000080008a4       0x18 ./Core/Src/Servo.o
                0x00000000080008a4                isRolledMaxDown
 .text.isBelowNewBlindPosition
                0x00000000080008bc       0x24 ./Core/Src/Servo.o
                0x00000000080008bc                isBelowNewBlindPosition
 .text.isAboveNewBlindPosition
                0x00000000080008e0       0x24 ./Core/Src/Servo.o
                0x00000000080008e0                isAboveNewBlindPosition
 .text.isLongerThanBlind
                0x0000000008000904       0x28 ./Core/Src/Servo.o
                0x0000000008000904                isLongerThanBlind
 .text.isPositiveLength
                0x000000000800092c       0x16 ./Core/Src/Servo.o
                0x000000000800092c                isPositiveLength
 *fill*         0x0000000008000942        0x2 
 .text.rollDownBlind
                0x0000000008000944       0x2c ./Core/Src/Servo.o
                0x0000000008000944                rollDownBlind
 .text.rollUpBlind
                0x0000000008000970       0x28 ./Core/Src/Servo.o
                0x0000000008000970                rollUpBlind
 .text.stopRollingBlind
                0x0000000008000998       0x1c ./Core/Src/Servo.o
                0x0000000008000998                stopRollingBlind
 .text.MX_ADC_Init
                0x00000000080009b4       0xec ./Core/Src/adc.o
                0x00000000080009b4                MX_ADC_Init
 .text.HAL_ADC_MspInit
                0x0000000008000aa0       0x7c ./Core/Src/adc.o
                0x0000000008000aa0                HAL_ADC_MspInit
 .text.msg_handler
                0x0000000008000b1c      0x32c ./Core/Src/bluetooth.o
                0x0000000008000b1c                msg_handler
 .text.MX_GPIO_Init
                0x0000000008000e48       0x88 ./Core/Src/gpio.o
                0x0000000008000e48                MX_GPIO_Init
 .text.main     0x0000000008000ed0       0xa4 ./Core/Src/main.o
                0x0000000008000ed0                main
 .text.SystemClock_Config
                0x0000000008000f74       0xd4 ./Core/Src/main.o
                0x0000000008000f74                SystemClock_Config
 .text.HAL_TIM_PeriodElapsedCallback
                0x0000000008001048       0x40 ./Core/Src/main.o
                0x0000000008001048                HAL_TIM_PeriodElapsedCallback
 .text.setBlindWithLDR
                0x0000000008001088       0x30 ./Core/Src/main.o
                0x0000000008001088                setBlindWithLDR
 .text.Error_Handler
                0x00000000080010b8        0xa ./Core/Src/main.o
                0x00000000080010b8                Error_Handler
 .text.string_compare
                0x00000000080010c2       0x8a ./Core/Src/myutilities.o
                0x00000000080010c2                string_compare
 .text.getLastWordAsInt
                0x000000000800114c       0x2c ./Core/Src/myutilities.o
                0x000000000800114c                getLastWordAsInt
 .text.HAL_MspInit
                0x0000000008001178       0x28 ./Core/Src/stm32l0xx_hal_msp.o
                0x0000000008001178                HAL_MspInit
 .text.NMI_Handler
                0x00000000080011a0        0x6 ./Core/Src/stm32l0xx_it.o
                0x00000000080011a0                NMI_Handler
 .text.HardFault_Handler
                0x00000000080011a6        0x6 ./Core/Src/stm32l0xx_it.o
                0x00000000080011a6                HardFault_Handler
 .text.SVC_Handler
                0x00000000080011ac        0xa ./Core/Src/stm32l0xx_it.o
                0x00000000080011ac                SVC_Handler
 .text.PendSV_Handler
                0x00000000080011b6        0xa ./Core/Src/stm32l0xx_it.o
                0x00000000080011b6                PendSV_Handler
 .text.SysTick_Handler
                0x00000000080011c0        0xe ./Core/Src/stm32l0xx_it.o
                0x00000000080011c0                SysTick_Handler
 *fill*         0x00000000080011ce        0x2 
 .text.TIM2_IRQHandler
                0x00000000080011d0       0x18 ./Core/Src/stm32l0xx_it.o
                0x00000000080011d0                TIM2_IRQHandler
 .text.TIM6_DAC_IRQHandler
                0x00000000080011e8       0x18 ./Core/Src/stm32l0xx_it.o
                0x00000000080011e8                TIM6_DAC_IRQHandler
 .text.TIM7_IRQHandler
                0x0000000008001200       0x40 ./Core/Src/stm32l0xx_it.o
                0x0000000008001200                TIM7_IRQHandler
 .text.USART1_IRQHandler
                0x0000000008001240       0x4c ./Core/Src/stm32l0xx_it.o
                0x0000000008001240                USART1_IRQHandler
 .text.USART2_IRQHandler
                0x000000000800128c       0x18 ./Core/Src/stm32l0xx_it.o
                0x000000000800128c                USART2_IRQHandler
 .text._sbrk    0x00000000080012a4       0x6c ./Core/Src/sysmem.o
                0x00000000080012a4                _sbrk
 .text.SystemInit
                0x0000000008001310        0xa ./Core/Src/system_stm32l0xx.o
                0x0000000008001310                SystemInit
 *fill*         0x000000000800131a        0x2 
 .text.MX_TIM2_Init
                0x000000000800131c       0xac ./Core/Src/tim.o
                0x000000000800131c                MX_TIM2_Init
 .text.MX_TIM3_Init
                0x00000000080013c8      0x114 ./Core/Src/tim.o
                0x00000000080013c8                MX_TIM3_Init
 .text.MX_TIM6_Init
                0x00000000080014dc       0x7c ./Core/Src/tim.o
                0x00000000080014dc                MX_TIM6_Init
 .text.MX_TIM7_Init
                0x0000000008001558       0x78 ./Core/Src/tim.o
                0x0000000008001558                MX_TIM7_Init
 .text.HAL_TIM_Base_MspInit
                0x00000000080015d0       0xb0 ./Core/Src/tim.o
                0x00000000080015d0                HAL_TIM_Base_MspInit
 .text.HAL_TIM_MspPostInit
                0x0000000008001680       0x78 ./Core/Src/tim.o
                0x0000000008001680                HAL_TIM_MspPostInit
 .text.MX_USART1_UART_Init
                0x00000000080016f8       0x60 ./Core/Src/usart.o
                0x00000000080016f8                MX_USART1_UART_Init
 .text.MX_USART2_UART_Init
                0x0000000008001758       0x60 ./Core/Src/usart.o
                0x0000000008001758                MX_USART2_UART_Init
 .text.HAL_UART_MspInit
                0x00000000080017b8      0x10c ./Core/Src/usart.o
                0x00000000080017b8                HAL_UART_MspInit
 .text.Reset_Handler
                0x00000000080018c4       0x50 ./Core/Startup/startup_stm32l073rztx.o
                0x00000000080018c4                Reset_Handler
 .text.Default_Handler
                0x0000000008001914        0x2 ./Core/Startup/startup_stm32l073rztx.o
                0x0000000008001914                TSC_IRQHandler
                0x0000000008001914                ADC1_COMP_IRQHandler
                0x0000000008001914                PVD_IRQHandler
                0x0000000008001914                I2C1_IRQHandler
                0x0000000008001914                RCC_CRS_IRQHandler
                0x0000000008001914                SPI1_IRQHandler
                0x0000000008001914                EXTI2_3_IRQHandler
                0x0000000008001914                I2C2_IRQHandler
                0x0000000008001914                RTC_IRQHandler
                0x0000000008001914                LCD_IRQHandler
                0x0000000008001914                DMA1_Channel4_5_6_7_IRQHandler
                0x0000000008001914                TIM3_IRQHandler
                0x0000000008001914                EXTI4_15_IRQHandler
                0x0000000008001914                DMA1_Channel1_IRQHandler
                0x0000000008001914                USART4_5_IRQHandler
                0x0000000008001914                Default_Handler
                0x0000000008001914                TIM22_IRQHandler
                0x0000000008001914                EXTI0_1_IRQHandler
                0x0000000008001914                USB_IRQHandler
                0x0000000008001914                I2C3_IRQHandler
                0x0000000008001914                SPI2_IRQHandler
                0x0000000008001914                TIM21_IRQHandler
                0x0000000008001914                WWDG_IRQHandler
                0x0000000008001914                DMA1_Channel2_3_IRQHandler
                0x0000000008001914                FLASH_IRQHandler
                0x0000000008001914                RNG_LPUART1_IRQHandler
                0x0000000008001914                LPTIM1_IRQHandler
 *fill*         0x0000000008001916        0x2 
 .text.HAL_Init
                0x0000000008001918       0x40 ./Drivers/STM32L0xx_HAL_Driver/Src/stm32l0xx_hal.o
                0x0000000008001918                HAL_Init
 .text.HAL_InitTick
                0x0000000008001958       0x68 ./Drivers/STM32L0xx_HAL_Driver/Src/stm32l0xx_hal.o
                0x0000000008001958                HAL_InitTick
 .text.HAL_IncTick
                0x00000000080019c0       0x24 ./Drivers/STM32L0xx_HAL_Driver/Src/stm32l0xx_hal.o
                0x00000000080019c0                HAL_IncTick
 .text.HAL_GetTick
                0x00000000080019e4       0x14 ./Drivers/STM32L0xx_HAL_Driver/Src/stm32l0xx_hal.o
                0x00000000080019e4                HAL_GetTick
 .text.HAL_Delay
                0x00000000080019f8       0x48 ./Drivers/STM32L0xx_HAL_Driver/Src/stm32l0xx_hal.o
                0x00000000080019f8                HAL_Delay
 .text.HAL_ADC_Init
                0x0000000008001a40      0x2e8 ./Drivers/STM32L0xx_HAL_Driver/Src/stm32l0xx_hal_adc.o
                0x0000000008001a40                HAL_ADC_Init
 .text.HAL_ADC_Start
                0x0000000008001d28       0xa8 ./Drivers/STM32L0xx_HAL_Driver/Src/stm32l0xx_hal_adc.o
                0x0000000008001d28                HAL_ADC_Start
 .text.HAL_ADC_PollForConversion
                0x0000000008001dd0      0x138 ./Drivers/STM32L0xx_HAL_Driver/Src/stm32l0xx_hal_adc.o
                0x0000000008001dd0                HAL_ADC_PollForConversion
 .text.HAL_ADC_GetValue
                0x0000000008001f08       0x16 ./Drivers/STM32L0xx_HAL_Driver/Src/stm32l0xx_hal_adc.o
                0x0000000008001f08                HAL_ADC_GetValue
 *fill*         0x0000000008001f1e        0x2 
 .text.HAL_ADC_ConfigChannel
                0x0000000008001f20      0x140 ./Drivers/STM32L0xx_HAL_Driver/Src/stm32l0xx_hal_adc.o
                0x0000000008001f20                HAL_ADC_ConfigChannel
 .text.HAL_ADC_GetState
                0x0000000008002060       0x14 ./Drivers/STM32L0xx_HAL_Driver/Src/stm32l0xx_hal_adc.o
                0x0000000008002060                HAL_ADC_GetState
 .text.ADC_Enable
                0x0000000008002074       0xd0 ./Drivers/STM32L0xx_HAL_Driver/Src/stm32l0xx_hal_adc.o
 .text.ADC_DelayMicroSecond
                0x0000000008002144       0x40 ./Drivers/STM32L0xx_HAL_Driver/Src/stm32l0xx_hal_adc.o
 .text.HAL_ADCEx_Calibration_Start
                0x0000000008002184      0x13c ./Drivers/STM32L0xx_HAL_Driver/Src/stm32l0xx_hal_adc_ex.o
                0x0000000008002184                HAL_ADCEx_Calibration_Start
 .text.__NVIC_EnableIRQ
                0x00000000080022c0       0x34 ./Drivers/STM32L0xx_HAL_Driver/Src/stm32l0xx_hal_cortex.o
 .text.__NVIC_SetPriority
                0x00000000080022f4       0xdc ./Drivers/STM32L0xx_HAL_Driver/Src/stm32l0xx_hal_cortex.o
 .text.SysTick_Config
                0x00000000080023d0       0x48 ./Drivers/STM32L0xx_HAL_Driver/Src/stm32l0xx_hal_cortex.o
 .text.HAL_NVIC_SetPriority
                0x0000000008002418       0x2a ./Drivers/STM32L0xx_HAL_Driver/Src/stm32l0xx_hal_cortex.o
                0x0000000008002418                HAL_NVIC_SetPriority
 .text.HAL_NVIC_EnableIRQ
                0x0000000008002442       0x20 ./Drivers/STM32L0xx_HAL_Driver/Src/stm32l0xx_hal_cortex.o
                0x0000000008002442                HAL_NVIC_EnableIRQ
 .text.HAL_SYSTICK_Config
                0x0000000008002462       0x1a ./Drivers/STM32L0xx_HAL_Driver/Src/stm32l0xx_hal_cortex.o
                0x0000000008002462                HAL_SYSTICK_Config
 .text.HAL_DMA_Abort
                0x000000000800247c       0x80 ./Drivers/STM32L0xx_HAL_Driver/Src/stm32l0xx_hal_dma.o
                0x000000000800247c                HAL_DMA_Abort
 .text.HAL_DMA_Abort_IT
                0x00000000080024fc       0x8e ./Drivers/STM32L0xx_HAL_Driver/Src/stm32l0xx_hal_dma.o
                0x00000000080024fc                HAL_DMA_Abort_IT
 *fill*         0x000000000800258a        0x2 
 .text.HAL_GPIO_Init
                0x000000000800258c      0x2fc ./Drivers/STM32L0xx_HAL_Driver/Src/stm32l0xx_hal_gpio.o
                0x000000000800258c                HAL_GPIO_Init
 .text.HAL_GPIO_WritePin
                0x0000000008002888       0x3a ./Drivers/STM32L0xx_HAL_Driver/Src/stm32l0xx_hal_gpio.o
                0x0000000008002888                HAL_GPIO_WritePin
 *fill*         0x00000000080028c2        0x2 
 .text.HAL_RCC_OscConfig
                0x00000000080028c4      0x7a8 ./Drivers/STM32L0xx_HAL_Driver/Src/stm32l0xx_hal_rcc.o
                0x00000000080028c4                HAL_RCC_OscConfig
 .text.HAL_RCC_ClockConfig
                0x000000000800306c      0x290 ./Drivers/STM32L0xx_HAL_Driver/Src/stm32l0xx_hal_rcc.o
                0x000000000800306c                HAL_RCC_ClockConfig
 .text.HAL_RCC_GetSysClockFreq
                0x00000000080032fc      0x14c ./Drivers/STM32L0xx_HAL_Driver/Src/stm32l0xx_hal_rcc.o
                0x00000000080032fc                HAL_RCC_GetSysClockFreq
 .text.HAL_RCC_GetHCLKFreq
                0x0000000008003448       0x14 ./Drivers/STM32L0xx_HAL_Driver/Src/stm32l0xx_hal_rcc.o
                0x0000000008003448                HAL_RCC_GetHCLKFreq
 .text.HAL_RCC_GetPCLK1Freq
                0x000000000800345c       0x2c ./Drivers/STM32L0xx_HAL_Driver/Src/stm32l0xx_hal_rcc.o
                0x000000000800345c                HAL_RCC_GetPCLK1Freq
 .text.HAL_RCC_GetPCLK2Freq
                0x0000000008003488       0x2c ./Drivers/STM32L0xx_HAL_Driver/Src/stm32l0xx_hal_rcc.o
                0x0000000008003488                HAL_RCC_GetPCLK2Freq
 .text.HAL_RCCEx_PeriphCLKConfig
                0x00000000080034b4      0x2e8 ./Drivers/STM32L0xx_HAL_Driver/Src/stm32l0xx_hal_rcc_ex.o
                0x00000000080034b4                HAL_RCCEx_PeriphCLKConfig
 .text.HAL_TIM_Base_Init
                0x000000000800379c       0x80 ./Drivers/STM32L0xx_HAL_Driver/Src/stm32l0xx_hal_tim.o
                0x000000000800379c                HAL_TIM_Base_Init
 .text.HAL_TIM_Base_Start_IT
                0x000000000800381c       0xa4 ./Drivers/STM32L0xx_HAL_Driver/Src/stm32l0xx_hal_tim.o
                0x000000000800381c                HAL_TIM_Base_Start_IT
 .text.HAL_TIM_PWM_Init
                0x00000000080038c0       0x80 ./Drivers/STM32L0xx_HAL_Driver/Src/stm32l0xx_hal_tim.o
                0x00000000080038c0                HAL_TIM_PWM_Init
 .text.HAL_TIM_PWM_MspInit
                0x0000000008003940       0x10 ./Drivers/STM32L0xx_HAL_Driver/Src/stm32l0xx_hal_tim.o
                0x0000000008003940                HAL_TIM_PWM_MspInit
 .text.HAL_TIM_PWM_Start
                0x0000000008003950      0x124 ./Drivers/STM32L0xx_HAL_Driver/Src/stm32l0xx_hal_tim.o
                0x0000000008003950                HAL_TIM_PWM_Start
 .text.HAL_TIM_IRQHandler
                0x0000000008003a74      0x1d0 ./Drivers/STM32L0xx_HAL_Driver/Src/stm32l0xx_hal_tim.o
                0x0000000008003a74                HAL_TIM_IRQHandler
 .text.HAL_TIM_PWM_ConfigChannel
                0x0000000008003c44      0x18c ./Drivers/STM32L0xx_HAL_Driver/Src/stm32l0xx_hal_tim.o
                0x0000000008003c44                HAL_TIM_PWM_ConfigChannel
 .text.HAL_TIM_ConfigClockSource
                0x0000000008003dd0      0x1a8 ./Drivers/STM32L0xx_HAL_Driver/Src/stm32l0xx_hal_tim.o
                0x0000000008003dd0                HAL_TIM_ConfigClockSource
 .text.HAL_TIM_OC_DelayElapsedCallback
                0x0000000008003f78       0x10 ./Drivers/STM32L0xx_HAL_Driver/Src/stm32l0xx_hal_tim.o
                0x0000000008003f78                HAL_TIM_OC_DelayElapsedCallback
 .text.HAL_TIM_IC_CaptureCallback
                0x0000000008003f88       0x10 ./Drivers/STM32L0xx_HAL_Driver/Src/stm32l0xx_hal_tim.o
                0x0000000008003f88                HAL_TIM_IC_CaptureCallback
 .text.HAL_TIM_PWM_PulseFinishedCallback
                0x0000000008003f98       0x10 ./Drivers/STM32L0xx_HAL_Driver/Src/stm32l0xx_hal_tim.o
                0x0000000008003f98                HAL_TIM_PWM_PulseFinishedCallback
 .text.HAL_TIM_TriggerCallback
                0x0000000008003fa8       0x10 ./Drivers/STM32L0xx_HAL_Driver/Src/stm32l0xx_hal_tim.o
                0x0000000008003fa8                HAL_TIM_TriggerCallback
 .text.TIM_Base_SetConfig
                0x0000000008003fb8       0xbc ./Drivers/STM32L0xx_HAL_Driver/Src/stm32l0xx_hal_tim.o
 .text.TIM_OC1_SetConfig
                0x0000000008004074       0x78 ./Drivers/STM32L0xx_HAL_Driver/Src/stm32l0xx_hal_tim.o
 .text.TIM_OC2_SetConfig
                0x00000000080040ec       0x84 ./Drivers/STM32L0xx_HAL_Driver/Src/stm32l0xx_hal_tim.o
 .text.TIM_OC3_SetConfig
                0x0000000008004170       0x80 ./Drivers/STM32L0xx_HAL_Driver/Src/stm32l0xx_hal_tim.o
 .text.TIM_OC4_SetConfig
                0x00000000080041f0       0x8c ./Drivers/STM32L0xx_HAL_Driver/Src/stm32l0xx_hal_tim.o
 .text.TIM_TI1_ConfigInputStage
                0x000000000800427c       0x5c ./Drivers/STM32L0xx_HAL_Driver/Src/stm32l0xx_hal_tim.o
 .text.TIM_TI2_ConfigInputStage
                0x00000000080042d8       0x64 ./Drivers/STM32L0xx_HAL_Driver/Src/stm32l0xx_hal_tim.o
 .text.TIM_ITRx_SetConfig
                0x000000000800433c       0x32 ./Drivers/STM32L0xx_HAL_Driver/Src/stm32l0xx_hal_tim.o
 *fill*         0x000000000800436e        0x2 
 .text.TIM_ETR_SetConfig
                0x0000000008004370       0x40 ./Drivers/STM32L0xx_HAL_Driver/Src/stm32l0xx_hal_tim.o
 .text.TIM_CCxChannelCmd
                0x00000000080043b0       0x46 ./Drivers/STM32L0xx_HAL_Driver/Src/stm32l0xx_hal_tim.o
 *fill*         0x00000000080043f6        0x2 
 .text.HAL_TIMEx_MasterConfigSynchronization
                0x00000000080043f8       0xbc ./Drivers/STM32L0xx_HAL_Driver/Src/stm32l0xx_hal_tim_ex.o
                0x00000000080043f8                HAL_TIMEx_MasterConfigSynchronization
 .text.HAL_TIMEx_RemapConfig
                0x00000000080044b4       0x3a ./Drivers/STM32L0xx_HAL_Driver/Src/stm32l0xx_hal_tim_ex.o
                0x00000000080044b4                HAL_TIMEx_RemapConfig
 *fill*         0x00000000080044ee        0x2 
 .text.HAL_UART_Init
                0x00000000080044f0       0xa8 ./Drivers/STM32L0xx_HAL_Driver/Src/stm32l0xx_hal_uart.o
                0x00000000080044f0                HAL_UART_Init
 .text.HAL_UART_Transmit
                0x0000000008004598      0x150 ./Drivers/STM32L0xx_HAL_Driver/Src/stm32l0xx_hal_uart.o
                0x0000000008004598                HAL_UART_Transmit
 .text.HAL_UART_Receive
                0x00000000080046e8      0x1dc ./Drivers/STM32L0xx_HAL_Driver/Src/stm32l0xx_hal_uart.o
                0x00000000080046e8                HAL_UART_Receive
 .text.HAL_UART_IRQHandler
                0x00000000080048c4      0x5b4 ./Drivers/STM32L0xx_HAL_Driver/Src/stm32l0xx_hal_uart.o
                0x00000000080048c4                HAL_UART_IRQHandler
 .text.HAL_UART_TxCpltCallback
                0x0000000008004e78       0x10 ./Drivers/STM32L0xx_HAL_Driver/Src/stm32l0xx_hal_uart.o
                0x0000000008004e78                HAL_UART_TxCpltCallback
 .text.HAL_UART_ErrorCallback
                0x0000000008004e88       0x10 ./Drivers/STM32L0xx_HAL_Driver/Src/stm32l0xx_hal_uart.o
                0x0000000008004e88                HAL_UART_ErrorCallback
 .text.HAL_UARTEx_RxEventCallback
                0x0000000008004e98       0x16 ./Drivers/STM32L0xx_HAL_Driver/Src/stm32l0xx_hal_uart.o
                0x0000000008004e98                HAL_UARTEx_RxEventCallback
 *fill*         0x0000000008004eae        0x2 
 .text.UART_SetConfig
                0x0000000008004eb0      0x57c ./Drivers/STM32L0xx_HAL_Driver/Src/stm32l0xx_hal_uart.o
                0x0000000008004eb0                UART_SetConfig
 .text.UART_AdvFeatureConfig
                0x000000000800542c      0x168 ./Drivers/STM32L0xx_HAL_Driver/Src/stm32l0xx_hal_uart.o
                0x000000000800542c                UART_AdvFeatureConfig
 .text.UART_CheckIdleState
                0x0000000008005594       0x90 ./Drivers/STM32L0xx_HAL_Driver/Src/stm32l0xx_hal_uart.o
                0x0000000008005594                UART_CheckIdleState
 .text.UART_WaitOnFlagUntilTimeout
                0x0000000008005624      0x188 ./Drivers/STM32L0xx_HAL_Driver/Src/stm32l0xx_hal_uart.o
                0x0000000008005624                UART_WaitOnFlagUntilTimeout
 .text.UART_EndRxTransfer
                0x00000000080057ac       0xc4 ./Drivers/STM32L0xx_HAL_Driver/Src/stm32l0xx_hal_uart.o
 .text.UART_DMAAbortOnError
                0x0000000008005870       0x2e ./Drivers/STM32L0xx_HAL_Driver/Src/stm32l0xx_hal_uart.o
 .text.UART_EndTransmit_IT
                0x000000000800589e       0x56 ./Drivers/STM32L0xx_HAL_Driver/Src/stm32l0xx_hal_uart.o
 .text.HAL_UARTEx_WakeupCallback
                0x00000000080058f4       0x10 ./Drivers/STM32L0xx_HAL_Driver/Src/stm32l0xx_hal_uart_ex.o
                0x00000000080058f4                HAL_UARTEx_WakeupCallback
 .text.atoi     0x0000000008005904        0xc c:/st/stm32cubeide_1.7.0/stm32cubeide/plugins/com.st.stm32cube.ide.mcu.externaltools.gnu-tools-for-stm32.9-2020-q2-update.win32_2.0.0.202105311346/tools/bin/../lib/gcc/arm-none-eabi/9.3.1/../../../../arm-none-eabi/lib/thumb/v6-m/nofp\libc_nano.a(lib_a-atoi.o)
                0x0000000008005904                atoi
 .text.__errno  0x0000000008005910        0xc c:/st/stm32cubeide_1.7.0/stm32cubeide/plugins/com.st.stm32cube.ide.mcu.externaltools.gnu-tools-for-stm32.9-2020-q2-update.win32_2.0.0.202105311346/tools/bin/../lib/gcc/arm-none-eabi/9.3.1/../../../../arm-none-eabi/lib/thumb/v6-m/nofp\libc_nano.a(lib_a-errno.o)
                0x0000000008005910                __errno
 .text.__libc_init_array
                0x000000000800591c       0x48 c:/st/stm32cubeide_1.7.0/stm32cubeide/plugins/com.st.stm32cube.ide.mcu.externaltools.gnu-tools-for-stm32.9-2020-q2-update.win32_2.0.0.202105311346/tools/bin/../lib/gcc/arm-none-eabi/9.3.1/../../../../arm-none-eabi/lib/thumb/v6-m/nofp\libc_nano.a(lib_a-init.o)
                0x000000000800591c                __libc_init_array
 .text.memcpy   0x0000000008005964       0x12 c:/st/stm32cubeide_1.7.0/stm32cubeide/plugins/com.st.stm32cube.ide.mcu.externaltools.gnu-tools-for-stm32.9-2020-q2-update.win32_2.0.0.202105311346/tools/bin/../lib/gcc/arm-none-eabi/9.3.1/../../../../arm-none-eabi/lib/thumb/v6-m/nofp\libc_nano.a(lib_a-memcpy-stub.o)
                0x0000000008005964                memcpy
 .text.memset   0x0000000008005976       0x10 c:/st/stm32cubeide_1.7.0/stm32cubeide/plugins/com.st.stm32cube.ide.mcu.externaltools.gnu-tools-for-stm32.9-2020-q2-update.win32_2.0.0.202105311346/tools/bin/../lib/gcc/arm-none-eabi/9.3.1/../../../../arm-none-eabi/lib/thumb/v6-m/nofp\libc_nano.a(lib_a-memset.o)
                0x0000000008005976                memset
 *fill*         0x0000000008005986        0x2 
 .text.sprintf  0x0000000008005988       0x40 c:/st/stm32cubeide_1.7.0/stm32cubeide/plugins/com.st.stm32cube.ide.mcu.externaltools.gnu-tools-for-stm32.9-2020-q2-update.win32_2.0.0.202105311346/tools/bin/../lib/gcc/arm-none-eabi/9.3.1/../../../../arm-none-eabi/lib/thumb/v6-m/nofp\libc_nano.a(lib_a-sprintf.o)
                0x0000000008005988                siprintf
                0x0000000008005988                sprintf
 .text.strncmp  0x00000000080059c8       0x22 c:/st/stm32cubeide_1.7.0/stm32cubeide/plugins/com.st.stm32cube.ide.mcu.externaltools.gnu-tools-for-stm32.9-2020-q2-update.win32_2.0.0.202105311346/tools/bin/../lib/gcc/arm-none-eabi/9.3.1/../../../../arm-none-eabi/lib/thumb/v6-m/nofp\libc_nano.a(lib_a-strncmp.o)
                0x00000000080059c8                strncmp
 .text.strrchr  0x00000000080059ea       0x26 c:/st/stm32cubeide_1.7.0/stm32cubeide/plugins/com.st.stm32cube.ide.mcu.externaltools.gnu-tools-for-stm32.9-2020-q2-update.win32_2.0.0.202105311346/tools/bin/../lib/gcc/arm-none-eabi/9.3.1/../../../../arm-none-eabi/lib/thumb/v6-m/nofp\libc_nano.a(lib_a-strrchr.o)
                0x00000000080059ea                strrchr
 .text._strtol_l.isra.0
                0x0000000008005a10      0x11c c:/st/stm32cubeide_1.7.0/stm32cubeide/plugins/com.st.stm32cube.ide.mcu.externaltools.gnu-tools-for-stm32.9-2020-q2-update.win32_2.0.0.202105311346/tools/bin/../lib/gcc/arm-none-eabi/9.3.1/../../../../arm-none-eabi/lib/thumb/v6-m/nofp\libc_nano.a(lib_a-strtol.o)
 .text.strtol   0x0000000008005b2c       0x18 c:/st/stm32cubeide_1.7.0/stm32cubeide/plugins/com.st.stm32cube.ide.mcu.externaltools.gnu-tools-for-stm32.9-2020-q2-update.win32_2.0.0.202105311346/tools/bin/../lib/gcc/arm-none-eabi/9.3.1/../../../../arm-none-eabi/lib/thumb/v6-m/nofp\libc_nano.a(lib_a-strtol.o)
                0x0000000008005b2c                strtol
 .text.__ssputs_r
                0x0000000008005b44       0xc4 c:/st/stm32cubeide_1.7.0/stm32cubeide/plugins/com.st.stm32cube.ide.mcu.externaltools.gnu-tools-for-stm32.9-2020-q2-update.win32_2.0.0.202105311346/tools/bin/../lib/gcc/arm-none-eabi/9.3.1/../../../../arm-none-eabi/lib/thumb/v6-m/nofp\libc_nano.a(lib_a-nano-svfprintf.o)
                0x0000000008005b44                __ssputs_r
 .text._svfprintf_r
                0x0000000008005c08      0x200 c:/st/stm32cubeide_1.7.0/stm32cubeide/plugins/com.st.stm32cube.ide.mcu.externaltools.gnu-tools-for-stm32.9-2020-q2-update.win32_2.0.0.202105311346/tools/bin/../lib/gcc/arm-none-eabi/9.3.1/../../../../arm-none-eabi/lib/thumb/v6-m/nofp\libc_nano.a(lib_a-nano-svfprintf.o)
                0x0000000008005c08                _svfiprintf_r
                0x0000000008005c08                _svfprintf_r
 .text._printf_common
                0x0000000008005e08       0xde c:/st/stm32cubeide_1.7.0/stm32cubeide/plugins/com.st.stm32cube.ide.mcu.externaltools.gnu-tools-for-stm32.9-2020-q2-update.win32_2.0.0.202105311346/tools/bin/../lib/gcc/arm-none-eabi/9.3.1/../../../../arm-none-eabi/lib/thumb/v6-m/nofp\libc_nano.a(lib_a-nano-vfprintf_i.o)
                0x0000000008005e08                _printf_common
 *fill*         0x0000000008005ee6        0x2 
 .text._printf_i
                0x0000000008005ee8      0x224 c:/st/stm32cubeide_1.7.0/stm32cubeide/plugins/com.st.stm32cube.ide.mcu.externaltools.gnu-tools-for-stm32.9-2020-q2-update.win32_2.0.0.202105311346/tools/bin/../lib/gcc/arm-none-eabi/9.3.1/../../../../arm-none-eabi/lib/thumb/v6-m/nofp\libc_nano.a(lib_a-nano-vfprintf_i.o)
                0x0000000008005ee8                _printf_i
 .text.strchr   0x000000000800610c       0x1c c:/st/stm32cubeide_1.7.0/stm32cubeide/plugins/com.st.stm32cube.ide.mcu.externaltools.gnu-tools-for-stm32.9-2020-q2-update.win32_2.0.0.202105311346/tools/bin/../lib/gcc/arm-none-eabi/9.3.1/../../../../arm-none-eabi/lib/thumb/v6-m/nofp\libc_nano.a(lib_a-strchr.o)
                0x000000000800610c                strchr
 .text.memchr   0x0000000008006128       0x16 c:/st/stm32cubeide_1.7.0/stm32cubeide/plugins/com.st.stm32cube.ide.mcu.externaltools.gnu-tools-for-stm32.9-2020-q2-update.win32_2.0.0.202105311346/tools/bin/../lib/gcc/arm-none-eabi/9.3.1/../../../../arm-none-eabi/lib/thumb/v6-m/nofp\libc_nano.a(lib_a-memchr-stub.o)
                0x0000000008006128                memchr
 .text.memmove  0x000000000800613e       0x26 c:/st/stm32cubeide_1.7.0/stm32cubeide/plugins/com.st.stm32cube.ide.mcu.externaltools.gnu-tools-for-stm32.9-2020-q2-update.win32_2.0.0.202105311346/tools/bin/../lib/gcc/arm-none-eabi/9.3.1/../../../../arm-none-eabi/lib/thumb/v6-m/nofp\libc_nano.a(lib_a-memmove.o)
                0x000000000800613e                memmove
 .text._free_r  0x0000000008006164       0x94 c:/st/stm32cubeide_1.7.0/stm32cubeide/plugins/com.st.stm32cube.ide.mcu.externaltools.gnu-tools-for-stm32.9-2020-q2-update.win32_2.0.0.202105311346/tools/bin/../lib/gcc/arm-none-eabi/9.3.1/../../../../arm-none-eabi/lib/thumb/v6-m/nofp\libc_nano.a(lib_a-nano-freer.o)
                0x0000000008006164                _free_r
 .text._malloc_r
                0x00000000080061f8       0xbc c:/st/stm32cubeide_1.7.0/stm32cubeide/plugins/com.st.stm32cube.ide.mcu.externaltools.gnu-tools-for-stm32.9-2020-q2-update.win32_2.0.0.202105311346/tools/bin/../lib/gcc/arm-none-eabi/9.3.1/../../../../arm-none-eabi/lib/thumb/v6-m/nofp\libc_nano.a(lib_a-nano-mallocr.o)
                0x00000000080061f8                _malloc_r
 .text._realloc_r
                0x00000000080062b4       0x4c c:/st/stm32cubeide_1.7.0/stm32cubeide/plugins/com.st.stm32cube.ide.mcu.externaltools.gnu-tools-for-stm32.9-2020-q2-update.win32_2.0.0.202105311346/tools/bin/../lib/gcc/arm-none-eabi/9.3.1/../../../../arm-none-eabi/lib/thumb/v6-m/nofp\libc_nano.a(lib_a-nano-reallocr.o)
                0x00000000080062b4                _realloc_r
 .text._sbrk_r  0x0000000008006300       0x24 c:/st/stm32cubeide_1.7.0/stm32cubeide/plugins/com.st.stm32cube.ide.mcu.externaltools.gnu-tools-for-stm32.9-2020-q2-update.win32_2.0.0.202105311346/tools/bin/../lib/gcc/arm-none-eabi/9.3.1/../../../../arm-none-eabi/lib/thumb/v6-m/nofp\libc_nano.a(lib_a-sbrkr.o)
                0x0000000008006300                _sbrk_r
 .text.__malloc_lock
                0x0000000008006324       0x10 c:/st/stm32cubeide_1.7.0/stm32cubeide/plugins/com.st.stm32cube.ide.mcu.externaltools.gnu-tools-for-stm32.9-2020-q2-update.win32_2.0.0.202105311346/tools/bin/../lib/gcc/arm-none-eabi/9.3.1/../../../../arm-none-eabi/lib/thumb/v6-m/nofp\libc_nano.a(lib_a-mlock.o)
                0x0000000008006324                __malloc_lock
 .text.__malloc_unlock
                0x0000000008006334       0x10 c:/st/stm32cubeide_1.7.0/stm32cubeide/plugins/com.st.stm32cube.ide.mcu.externaltools.gnu-tools-for-stm32.9-2020-q2-update.win32_2.0.0.202105311346/tools/bin/../lib/gcc/arm-none-eabi/9.3.1/../../../../arm-none-eabi/lib/thumb/v6-m/nofp\libc_nano.a(lib_a-mlock.o)
                0x0000000008006334                __malloc_unlock
 .text._malloc_usable_size_r
                0x0000000008006344       0x10 c:/st/stm32cubeide_1.7.0/stm32cubeide/plugins/com.st.stm32cube.ide.mcu.externaltools.gnu-tools-for-stm32.9-2020-q2-update.win32_2.0.0.202105311346/tools/bin/../lib/gcc/arm-none-eabi/9.3.1/../../../../arm-none-eabi/lib/thumb/v6-m/nofp\libc_nano.a(lib_a-nano-msizer.o)
                0x0000000008006344                _malloc_usable_size_r
 .text.__retarget_lock_acquire_recursive
                0x0000000008006354        0x2 c:/st/stm32cubeide_1.7.0/stm32cubeide/plugins/com.st.stm32cube.ide.mcu.externaltools.gnu-tools-for-stm32.9-2020-q2-update.win32_2.0.0.202105311346/tools/bin/../lib/gcc/arm-none-eabi/9.3.1/../../../../arm-none-eabi/lib/thumb/v6-m/nofp\libc_nano.a(lib_a-lock.o)
                0x0000000008006354                __retarget_lock_acquire_recursive
 .text.__retarget_lock_release_recursive
                0x0000000008006356        0x2 c:/st/stm32cubeide_1.7.0/stm32cubeide/plugins/com.st.stm32cube.ide.mcu.externaltools.gnu-tools-for-stm32.9-2020-q2-update.win32_2.0.0.202105311346/tools/bin/../lib/gcc/arm-none-eabi/9.3.1/../../../../arm-none-eabi/lib/thumb/v6-m/nofp\libc_nano.a(lib_a-lock.o)
                0x0000000008006356                __retarget_lock_release_recursive
 *(.glue_7)
 .glue_7        0x0000000008006358        0x0 linker stubs
 *(.glue_7t)
 .glue_7t       0x0000000008006358        0x0 linker stubs
 *(.eh_frame)
 .eh_frame      0x0000000008006358        0x0 c:/st/stm32cubeide_1.7.0/stm32cubeide/plugins/com.st.stm32cube.ide.mcu.externaltools.gnu-tools-for-stm32.9-2020-q2-update.win32_2.0.0.202105311346/tools/bin/../lib/gcc/arm-none-eabi/9.3.1/thumb/v6-m/nofp/crtbegin.o
 *(.init)
 .init          0x0000000008006358        0x4 c:/st/stm32cubeide_1.7.0/stm32cubeide/plugins/com.st.stm32cube.ide.mcu.externaltools.gnu-tools-for-stm32.9-2020-q2-update.win32_2.0.0.202105311346/tools/bin/../lib/gcc/arm-none-eabi/9.3.1/thumb/v6-m/nofp/crti.o
                0x0000000008006358                _init
 .init          0x000000000800635c        0x8 c:/st/stm32cubeide_1.7.0/stm32cubeide/plugins/com.st.stm32cube.ide.mcu.externaltools.gnu-tools-for-stm32.9-2020-q2-update.win32_2.0.0.202105311346/tools/bin/../lib/gcc/arm-none-eabi/9.3.1/thumb/v6-m/nofp/crtn.o
 *(.fini)
 .fini          0x0000000008006364        0x4 c:/st/stm32cubeide_1.7.0/stm32cubeide/plugins/com.st.stm32cube.ide.mcu.externaltools.gnu-tools-for-stm32.9-2020-q2-update.win32_2.0.0.202105311346/tools/bin/../lib/gcc/arm-none-eabi/9.3.1/thumb/v6-m/nofp/crti.o
                0x0000000008006364                _fini
 .fini          0x0000000008006368        0x8 c:/st/stm32cubeide_1.7.0/stm32cubeide/plugins/com.st.stm32cube.ide.mcu.externaltools.gnu-tools-for-stm32.9-2020-q2-update.win32_2.0.0.202105311346/tools/bin/../lib/gcc/arm-none-eabi/9.3.1/thumb/v6-m/nofp/crtn.o
                0x0000000008006370                . = ALIGN (0x4)
                0x0000000008006370                _etext = .

.vfp11_veneer   0x0000000008006370        0x0
 .vfp11_veneer  0x0000000008006370        0x0 linker stubs

.v4_bx          0x0000000008006370        0x0
 .v4_bx         0x0000000008006370        0x0 linker stubs

.iplt           0x0000000008006370        0x0
 .iplt          0x0000000008006370        0x0 c:/st/stm32cubeide_1.7.0/stm32cubeide/plugins/com.st.stm32cube.ide.mcu.externaltools.gnu-tools-for-stm32.9-2020-q2-update.win32_2.0.0.202105311346/tools/bin/../lib/gcc/arm-none-eabi/9.3.1/thumb/v6-m/nofp/crtbegin.o

.rodata         0x0000000008006370      0x334
                0x0000000008006370                . = ALIGN (0x4)
 *(.rodata)
 .rodata        0x0000000008006370      0x192 ./Core/Src/bluetooth.o
 *(.rodata*)
 *fill*         0x0000000008006502        0x2 
 .rodata.AHBPrescTable
                0x0000000008006504       0x10 ./Core/Src/system_stm32l0xx.o
                0x0000000008006504                AHBPrescTable
 .rodata.APBPrescTable
                0x0000000008006514        0x8 ./Core/Src/system_stm32l0xx.o
                0x0000000008006514                APBPrescTable
 .rodata.PLLMulTable
                0x000000000800651c        0x9 ./Core/Src/system_stm32l0xx.o
                0x000000000800651c                PLLMulTable
 *fill*         0x0000000008006525        0x3 
 .rodata.UART_SetConfig
                0x0000000008006528       0x48 ./Drivers/STM32L0xx_HAL_Driver/Src/stm32l0xx_hal_uart.o
 .rodata._ctype_
                0x0000000008006570      0x101 c:/st/stm32cubeide_1.7.0/stm32cubeide/plugins/com.st.stm32cube.ide.mcu.externaltools.gnu-tools-for-stm32.9-2020-q2-update.win32_2.0.0.202105311346/tools/bin/../lib/gcc/arm-none-eabi/9.3.1/../../../../arm-none-eabi/lib/thumb/v6-m/nofp\libc_nano.a(lib_a-ctype_.o)
                0x0000000008006570                _ctype_
 .rodata._svfprintf_r.str1.1
                0x0000000008006671       0x11 c:/st/stm32cubeide_1.7.0/stm32cubeide/plugins/com.st.stm32cube.ide.mcu.externaltools.gnu-tools-for-stm32.9-2020-q2-update.win32_2.0.0.202105311346/tools/bin/../lib/gcc/arm-none-eabi/9.3.1/../../../../arm-none-eabi/lib/thumb/v6-m/nofp\libc_nano.a(lib_a-nano-svfprintf.o)
 .rodata._printf_i.str1.1
                0x0000000008006682       0x22 c:/st/stm32cubeide_1.7.0/stm32cubeide/plugins/com.st.stm32cube.ide.mcu.externaltools.gnu-tools-for-stm32.9-2020-q2-update.win32_2.0.0.202105311346/tools/bin/../lib/gcc/arm-none-eabi/9.3.1/../../../../arm-none-eabi/lib/thumb/v6-m/nofp\libc_nano.a(lib_a-nano-vfprintf_i.o)
                0x00000000080066a4                . = ALIGN (0x4)

.ARM.extab      0x00000000080066a4        0x0
                0x00000000080066a4                . = ALIGN (0x4)
 *(.ARM.extab* .gnu.linkonce.armextab.*)
                0x00000000080066a4                . = ALIGN (0x4)

.ARM            0x00000000080066a4        0x8
                0x00000000080066a4                . = ALIGN (0x4)
                0x00000000080066a4                __exidx_start = .
 *(.ARM.exidx*)
 .ARM.exidx     0x00000000080066a4        0x8 c:/st/stm32cubeide_1.7.0/stm32cubeide/plugins/com.st.stm32cube.ide.mcu.externaltools.gnu-tools-for-stm32.9-2020-q2-update.win32_2.0.0.202105311346/tools/bin/../lib/gcc/arm-none-eabi/9.3.1/thumb/v6-m/nofp\libgcc.a(_udivmoddi4.o)
                0x00000000080066ac                __exidx_end = .
                0x00000000080066ac                . = ALIGN (0x4)

.rel.dyn        0x00000000080066ac        0x0
 .rel.iplt      0x00000000080066ac        0x0 c:/st/stm32cubeide_1.7.0/stm32cubeide/plugins/com.st.stm32cube.ide.mcu.externaltools.gnu-tools-for-stm32.9-2020-q2-update.win32_2.0.0.202105311346/tools/bin/../lib/gcc/arm-none-eabi/9.3.1/thumb/v6-m/nofp/crtbegin.o

.preinit_array  0x00000000080066ac        0x0
                0x00000000080066ac                . = ALIGN (0x4)
                0x00000000080066ac                PROVIDE (__preinit_array_start = .)
 *(.preinit_array*)
                0x00000000080066ac                PROVIDE (__preinit_array_end = .)
                0x00000000080066ac                . = ALIGN (0x4)

.init_array     0x00000000080066ac        0x4
                0x00000000080066ac                . = ALIGN (0x4)
                0x00000000080066ac                PROVIDE (__init_array_start = .)
 *(SORT_BY_NAME(.init_array.*))
 *(.init_array*)
 .init_array    0x00000000080066ac        0x4 c:/st/stm32cubeide_1.7.0/stm32cubeide/plugins/com.st.stm32cube.ide.mcu.externaltools.gnu-tools-for-stm32.9-2020-q2-update.win32_2.0.0.202105311346/tools/bin/../lib/gcc/arm-none-eabi/9.3.1/thumb/v6-m/nofp/crtbegin.o
                0x00000000080066b0                PROVIDE (__init_array_end = .)
                0x00000000080066b0                . = ALIGN (0x4)

.fini_array     0x00000000080066b0        0x4
                0x00000000080066b0                . = ALIGN (0x4)
                [!provide]                        PROVIDE (__fini_array_start = .)
 *(SORT_BY_NAME(.fini_array.*))
 *(.fini_array*)
 .fini_array    0x00000000080066b0        0x4 c:/st/stm32cubeide_1.7.0/stm32cubeide/plugins/com.st.stm32cube.ide.mcu.externaltools.gnu-tools-for-stm32.9-2020-q2-update.win32_2.0.0.202105311346/tools/bin/../lib/gcc/arm-none-eabi/9.3.1/thumb/v6-m/nofp/crtbegin.o
                [!provide]                        PROVIDE (__fini_array_end = .)
                0x00000000080066b4                . = ALIGN (0x4)
                0x00000000080066b4                _sidata = LOADADDR (.data)

.data           0x0000000020000000       0x80 load address 0x00000000080066b4
                0x0000000020000000                . = ALIGN (0x4)
                0x0000000020000000                _sdata = .
 *(.data)
 *(.data*)
 .data.ldrMeasureNumber
                0x0000000020000000        0x1 ./Core/Src/LDR.o
                0x0000000020000000                ldrMeasureNumber
 *fill*         0x0000000020000001        0x1 
 .data.minLDRreading
                0x0000000020000002        0x2 ./Core/Src/LDR.o
                0x0000000020000002                minLDRreading
 .data.maxLDRreading
                0x0000000020000004        0x2 ./Core/Src/LDR.o
                0x0000000020000004                maxLDRreading
 .data.upperLDRControlLimit
                0x0000000020000006        0x2 ./Core/Src/LDR.o
                0x0000000020000006                upperLDRControlLimit
 .data.lowerLDRControlLimit
                0x0000000020000008        0x2 ./Core/Src/LDR.o
                0x0000000020000008                lowerLDRControlLimit
 .data.blind_height
                0x000000002000000a        0x2 ./Core/Src/Servo.o
                0x000000002000000a                blind_height
 .data.current_blind_positon
                0x000000002000000c        0x2 ./Core/Src/Servo.o
                0x000000002000000c                current_blind_positon
 .data.newBlindPosition
                0x000000002000000e        0x2 ./Core/Src/Servo.o
                0x000000002000000e                newBlindPosition
 .data.SystemCoreClock
                0x0000000020000010        0x4 ./Core/Src/system_stm32l0xx.o
                0x0000000020000010                SystemCoreClock
 .data.uwTickPrio
                0x0000000020000014        0x4 ./Drivers/STM32L0xx_HAL_Driver/Src/stm32l0xx_hal.o
                0x0000000020000014                uwTickPrio
 .data.uwTickFreq
                0x0000000020000018        0x1 ./Drivers/STM32L0xx_HAL_Driver/Src/stm32l0xx_hal.o
                0x0000000020000018                uwTickFreq
 *fill*         0x0000000020000019        0x3 
 .data._impure_ptr
                0x000000002000001c        0x4 c:/st/stm32cubeide_1.7.0/stm32cubeide/plugins/com.st.stm32cube.ide.mcu.externaltools.gnu-tools-for-stm32.9-2020-q2-update.win32_2.0.0.202105311346/tools/bin/../lib/gcc/arm-none-eabi/9.3.1/../../../../arm-none-eabi/lib/thumb/v6-m/nofp\libc_nano.a(lib_a-impure.o)
                0x000000002000001c                _impure_ptr
 .data.impure_data
                0x0000000020000020       0x60 c:/st/stm32cubeide_1.7.0/stm32cubeide/plugins/com.st.stm32cube.ide.mcu.externaltools.gnu-tools-for-stm32.9-2020-q2-update.win32_2.0.0.202105311346/tools/bin/../lib/gcc/arm-none-eabi/9.3.1/../../../../arm-none-eabi/lib/thumb/v6-m/nofp\libc_nano.a(lib_a-impure.o)
 *(.RamFunc)
 *(.RamFunc*)
                0x0000000020000080                . = ALIGN (0x4)
                0x0000000020000080                _edata = .

.igot.plt       0x0000000020000080        0x0 load address 0x0000000008006734
 .igot.plt      0x0000000020000080        0x0 c:/st/stm32cubeide_1.7.0/stm32cubeide/plugins/com.st.stm32cube.ide.mcu.externaltools.gnu-tools-for-stm32.9-2020-q2-update.win32_2.0.0.202105311346/tools/bin/../lib/gcc/arm-none-eabi/9.3.1/thumb/v6-m/nofp/crtbegin.o
                0x0000000020000080                . = ALIGN (0x4)

.bss            0x0000000020000080      0x318 load address 0x0000000008006734
                0x0000000020000080                _sbss = .
                0x0000000020000080                __bss_start__ = _sbss
 *(.bss)
 .bss           0x0000000020000080       0x1c c:/st/stm32cubeide_1.7.0/stm32cubeide/plugins/com.st.stm32cube.ide.mcu.externaltools.gnu-tools-for-stm32.9-2020-q2-update.win32_2.0.0.202105311346/tools/bin/../lib/gcc/arm-none-eabi/9.3.1/thumb/v6-m/nofp/crtbegin.o
 *(.bss*)
 .bss.messureFromLdr
                0x000000002000009c        0xa ./Core/Src/LDR.o
                0x000000002000009c                messureFromLdr
 .bss.averageMeasureFromLdr
                0x00000000200000a6        0x2 ./Core/Src/LDR.o
                0x00000000200000a6                averageMeasureFromLdr
 .bss.buffer_index
                0x00000000200000a8        0x1 ./Core/Src/bluetooth.o
                0x00000000200000a8                buffer_index
 .bss.timer_count
                0x00000000200000a9        0x1 ./Core/Src/bluetooth.o
                0x00000000200000a9                timer_count
 *fill*         0x00000000200000aa        0x2 
 .bss.__sbrk_heap_end
                0x00000000200000ac        0x4 ./Core/Src/sysmem.o
 .bss.__malloc_free_list
                0x00000000200000b0        0x4 c:/st/stm32cubeide_1.7.0/stm32cubeide/plugins/com.st.stm32cube.ide.mcu.externaltools.gnu-tools-for-stm32.9-2020-q2-update.win32_2.0.0.202105311346/tools/bin/../lib/gcc/arm-none-eabi/9.3.1/../../../../arm-none-eabi/lib/thumb/v6-m/nofp\libc_nano.a(lib_a-nano-mallocr.o)
                0x00000000200000b0                __malloc_free_list
 .bss.__malloc_sbrk_start
                0x00000000200000b4        0x4 c:/st/stm32cubeide_1.7.0/stm32cubeide/plugins/com.st.stm32cube.ide.mcu.externaltools.gnu-tools-for-stm32.9-2020-q2-update.win32_2.0.0.202105311346/tools/bin/../lib/gcc/arm-none-eabi/9.3.1/../../../../arm-none-eabi/lib/thumb/v6-m/nofp\libc_nano.a(lib_a-nano-mallocr.o)
                0x00000000200000b4                __malloc_sbrk_start
 *(COMMON)
 COMMON         0x00000000200000b8       0x5c ./Core/Src/adc.o
                0x00000000200000b8                hadc
 COMMON         0x0000000020000114       0x66 ./Core/Src/bluetooth.o
                0x0000000020000114                info
                0x0000000020000148                buffer
 *fill*         0x000000002000017a        0x2 
 COMMON         0x000000002000017c      0x100 ./Core/Src/tim.o
                0x000000002000017c                htim3
                0x00000000200001bc                htim6
                0x00000000200001fc                htim2
                0x000000002000023c                htim7
 COMMON         0x000000002000027c      0x108 ./Core/Src/usart.o
                0x000000002000027c                huart1
                0x0000000020000300                huart2
 COMMON         0x0000000020000384        0x4 ./Drivers/STM32L0xx_HAL_Driver/Src/stm32l0xx_hal.o
                0x0000000020000384                uwTick
 COMMON         0x0000000020000388        0x4 c:/st/stm32cubeide_1.7.0/stm32cubeide/plugins/com.st.stm32cube.ide.mcu.externaltools.gnu-tools-for-stm32.9-2020-q2-update.win32_2.0.0.202105311346/tools/bin/../lib/gcc/arm-none-eabi/9.3.1/../../../../arm-none-eabi/lib/thumb/v6-m/nofp\libc_nano.a(lib_a-reent.o)
                0x0000000020000388                errno
 COMMON         0x000000002000038c        0x9 c:/st/stm32cubeide_1.7.0/stm32cubeide/plugins/com.st.stm32cube.ide.mcu.externaltools.gnu-tools-for-stm32.9-2020-q2-update.win32_2.0.0.202105311346/tools/bin/../lib/gcc/arm-none-eabi/9.3.1/../../../../arm-none-eabi/lib/thumb/v6-m/nofp\libc_nano.a(lib_a-lock.o)
                0x000000002000038c                __lock___atexit_recursive_mutex
                0x000000002000038d                __lock___arc4random_mutex
                0x000000002000038e                __lock___env_recursive_mutex
                0x000000002000038f                __lock___sinit_recursive_mutex
                0x0000000020000390                __lock___malloc_recursive_mutex
                0x0000000020000391                __lock___at_quick_exit_mutex
                0x0000000020000392                __lock___dd_hash_mutex
                0x0000000020000393                __lock___tz_mutex
                0x0000000020000394                __lock___sfp_recursive_mutex
                0x0000000020000398                . = ALIGN (0x4)
 *fill*         0x0000000020000395        0x3 
                0x0000000020000398                _ebss = .
                0x0000000020000398                __bss_end__ = _ebss

._user_heap_stack
                0x0000000020000398      0x600 load address 0x0000000008006734
                0x0000000020000398                . = ALIGN (0x8)
                [!provide]                        PROVIDE (end = .)
                0x0000000020000398                PROVIDE (_end = .)
                0x0000000020000598                . = (. + _Min_Heap_Size)
 *fill*         0x0000000020000398      0x200 
                0x0000000020000998                . = (. + _Min_Stack_Size)
 *fill*         0x0000000020000598      0x400 
                0x0000000020000998                . = ALIGN (0x8)

/DISCARD/
 libc.a(*)
 libm.a(*)
 libgcc.a(*)

.ARM.attributes
                0x0000000000000000       0x28
 *(.ARM.attributes)
 .ARM.attributes
                0x0000000000000000       0x1e c:/st/stm32cubeide_1.7.0/stm32cubeide/plugins/com.st.stm32cube.ide.mcu.externaltools.gnu-tools-for-stm32.9-2020-q2-update.win32_2.0.0.202105311346/tools/bin/../lib/gcc/arm-none-eabi/9.3.1/thumb/v6-m/nofp/crti.o
 .ARM.attributes
                0x000000000000001e       0x2c c:/st/stm32cubeide_1.7.0/stm32cubeide/plugins/com.st.stm32cube.ide.mcu.externaltools.gnu-tools-for-stm32.9-2020-q2-update.win32_2.0.0.202105311346/tools/bin/../lib/gcc/arm-none-eabi/9.3.1/thumb/v6-m/nofp/crtbegin.o
 .ARM.attributes
                0x000000000000004a       0x2c ./Core/Src/LDR.o
 .ARM.attributes
                0x0000000000000076       0x2c ./Core/Src/Servo.o
 .ARM.attributes
                0x00000000000000a2       0x2c ./Core/Src/adc.o
 .ARM.attributes
                0x00000000000000ce       0x2c ./Core/Src/bluetooth.o
 .ARM.attributes
                0x00000000000000fa       0x2c ./Core/Src/gpio.o
 .ARM.attributes
                0x0000000000000126       0x2c ./Core/Src/main.o
 .ARM.attributes
                0x0000000000000152       0x2c ./Core/Src/myutilities.o
 .ARM.attributes
                0x000000000000017e       0x2c ./Core/Src/stm32l0xx_hal_msp.o
 .ARM.attributes
                0x00000000000001aa       0x2c ./Core/Src/stm32l0xx_it.o
 .ARM.attributes
                0x00000000000001d6       0x2c ./Core/Src/sysmem.o
 .ARM.attributes
                0x0000000000000202       0x2c ./Core/Src/system_stm32l0xx.o
 .ARM.attributes
                0x000000000000022e       0x2c ./Core/Src/tim.o
 .ARM.attributes
                0x000000000000025a       0x2c ./Core/Src/usart.o
 .ARM.attributes
                0x0000000000000286       0x22 ./Core/Startup/startup_stm32l073rztx.o
 .ARM.attributes
                0x00000000000002a8       0x2c ./Drivers/STM32L0xx_HAL_Driver/Src/stm32l0xx_hal.o
 .ARM.attributes
                0x00000000000002d4       0x2c ./Drivers/STM32L0xx_HAL_Driver/Src/stm32l0xx_hal_adc.o
 .ARM.attributes
                0x0000000000000300       0x2c ./Drivers/STM32L0xx_HAL_Driver/Src/stm32l0xx_hal_adc_ex.o
 .ARM.attributes
                0x000000000000032c       0x2c ./Drivers/STM32L0xx_HAL_Driver/Src/stm32l0xx_hal_cortex.o
 .ARM.attributes
                0x0000000000000358       0x2c ./Drivers/STM32L0xx_HAL_Driver/Src/stm32l0xx_hal_dma.o
 .ARM.attributes
                0x0000000000000384       0x2c ./Drivers/STM32L0xx_HAL_Driver/Src/stm32l0xx_hal_gpio.o
 .ARM.attributes
                0x00000000000003b0       0x2c ./Drivers/STM32L0xx_HAL_Driver/Src/stm32l0xx_hal_rcc.o
 .ARM.attributes
                0x00000000000003dc       0x2c ./Drivers/STM32L0xx_HAL_Driver/Src/stm32l0xx_hal_rcc_ex.o
 .ARM.attributes
                0x0000000000000408       0x2c ./Drivers/STM32L0xx_HAL_Driver/Src/stm32l0xx_hal_tim.o
 .ARM.attributes
                0x0000000000000434       0x2c ./Drivers/STM32L0xx_HAL_Driver/Src/stm32l0xx_hal_tim_ex.o
 .ARM.attributes
                0x0000000000000460       0x2c ./Drivers/STM32L0xx_HAL_Driver/Src/stm32l0xx_hal_uart.o
 .ARM.attributes
                0x000000000000048c       0x2c ./Drivers/STM32L0xx_HAL_Driver/Src/stm32l0xx_hal_uart_ex.o
 .ARM.attributes
                0x00000000000004b8       0x2c c:/st/stm32cubeide_1.7.0/stm32cubeide/plugins/com.st.stm32cube.ide.mcu.externaltools.gnu-tools-for-stm32.9-2020-q2-update.win32_2.0.0.202105311346/tools/bin/../lib/gcc/arm-none-eabi/9.3.1/../../../../arm-none-eabi/lib/thumb/v6-m/nofp\libc_nano.a(lib_a-atoi.o)
 .ARM.attributes
                0x00000000000004e4       0x2c c:/st/stm32cubeide_1.7.0/stm32cubeide/plugins/com.st.stm32cube.ide.mcu.externaltools.gnu-tools-for-stm32.9-2020-q2-update.win32_2.0.0.202105311346/tools/bin/../lib/gcc/arm-none-eabi/9.3.1/../../../../arm-none-eabi/lib/thumb/v6-m/nofp\libc_nano.a(lib_a-errno.o)
 .ARM.attributes
                0x0000000000000510       0x2c c:/st/stm32cubeide_1.7.0/stm32cubeide/plugins/com.st.stm32cube.ide.mcu.externaltools.gnu-tools-for-stm32.9-2020-q2-update.win32_2.0.0.202105311346/tools/bin/../lib/gcc/arm-none-eabi/9.3.1/../../../../arm-none-eabi/lib/thumb/v6-m/nofp\libc_nano.a(lib_a-impure.o)
 .ARM.attributes
                0x000000000000053c       0x2c c:/st/stm32cubeide_1.7.0/stm32cubeide/plugins/com.st.stm32cube.ide.mcu.externaltools.gnu-tools-for-stm32.9-2020-q2-update.win32_2.0.0.202105311346/tools/bin/../lib/gcc/arm-none-eabi/9.3.1/../../../../arm-none-eabi/lib/thumb/v6-m/nofp\libc_nano.a(lib_a-init.o)
 .ARM.attributes
                0x0000000000000568       0x2c c:/st/stm32cubeide_1.7.0/stm32cubeide/plugins/com.st.stm32cube.ide.mcu.externaltools.gnu-tools-for-stm32.9-2020-q2-update.win32_2.0.0.202105311346/tools/bin/../lib/gcc/arm-none-eabi/9.3.1/../../../../arm-none-eabi/lib/thumb/v6-m/nofp\libc_nano.a(lib_a-memcpy-stub.o)
 .ARM.attributes
                0x0000000000000594       0x2c c:/st/stm32cubeide_1.7.0/stm32cubeide/plugins/com.st.stm32cube.ide.mcu.externaltools.gnu-tools-for-stm32.9-2020-q2-update.win32_2.0.0.202105311346/tools/bin/../lib/gcc/arm-none-eabi/9.3.1/../../../../arm-none-eabi/lib/thumb/v6-m/nofp\libc_nano.a(lib_a-memset.o)
 .ARM.attributes
                0x00000000000005c0       0x2c c:/st/stm32cubeide_1.7.0/stm32cubeide/plugins/com.st.stm32cube.ide.mcu.externaltools.gnu-tools-for-stm32.9-2020-q2-update.win32_2.0.0.202105311346/tools/bin/../lib/gcc/arm-none-eabi/9.3.1/../../../../arm-none-eabi/lib/thumb/v6-m/nofp\libc_nano.a(lib_a-sprintf.o)
 .ARM.attributes
                0x00000000000005ec       0x1c c:/st/stm32cubeide_1.7.0/stm32cubeide/plugins/com.st.stm32cube.ide.mcu.externaltools.gnu-tools-for-stm32.9-2020-q2-update.win32_2.0.0.202105311346/tools/bin/../lib/gcc/arm-none-eabi/9.3.1/../../../../arm-none-eabi/lib/thumb/v6-m/nofp\libc_nano.a(lib_a-strlen.o)
 .ARM.attributes
                0x0000000000000608       0x2c c:/st/stm32cubeide_1.7.0/stm32cubeide/plugins/com.st.stm32cube.ide.mcu.externaltools.gnu-tools-for-stm32.9-2020-q2-update.win32_2.0.0.202105311346/tools/bin/../lib/gcc/arm-none-eabi/9.3.1/../../../../arm-none-eabi/lib/thumb/v6-m/nofp\libc_nano.a(lib_a-strncmp.o)
 .ARM.attributes
                0x0000000000000634       0x2c c:/st/stm32cubeide_1.7.0/stm32cubeide/plugins/com.st.stm32cube.ide.mcu.externaltools.gnu-tools-for-stm32.9-2020-q2-update.win32_2.0.0.202105311346/tools/bin/../lib/gcc/arm-none-eabi/9.3.1/../../../../arm-none-eabi/lib/thumb/v6-m/nofp\libc_nano.a(lib_a-strrchr.o)
 .ARM.attributes
                0x0000000000000660       0x2c c:/st/stm32cubeide_1.7.0/stm32cubeide/plugins/com.st.stm32cube.ide.mcu.externaltools.gnu-tools-for-stm32.9-2020-q2-update.win32_2.0.0.202105311346/tools/bin/../lib/gcc/arm-none-eabi/9.3.1/../../../../arm-none-eabi/lib/thumb/v6-m/nofp\libc_nano.a(lib_a-strtol.o)
 .ARM.attributes
                0x000000000000068c       0x2c c:/st/stm32cubeide_1.7.0/stm32cubeide/plugins/com.st.stm32cube.ide.mcu.externaltools.gnu-tools-for-stm32.9-2020-q2-update.win32_2.0.0.202105311346/tools/bin/../lib/gcc/arm-none-eabi/9.3.1/../../../../arm-none-eabi/lib/thumb/v6-m/nofp\libc_nano.a(lib_a-ctype_.o)
 .ARM.attributes
                0x00000000000006b8       0x2c c:/st/stm32cubeide_1.7.0/stm32cubeide/plugins/com.st.stm32cube.ide.mcu.externaltools.gnu-tools-for-stm32.9-2020-q2-update.win32_2.0.0.202105311346/tools/bin/../lib/gcc/arm-none-eabi/9.3.1/../../../../arm-none-eabi/lib/thumb/v6-m/nofp\libc_nano.a(lib_a-nano-svfprintf.o)
 .ARM.attributes
                0x00000000000006e4       0x2c c:/st/stm32cubeide_1.7.0/stm32cubeide/plugins/com.st.stm32cube.ide.mcu.externaltools.gnu-tools-for-stm32.9-2020-q2-update.win32_2.0.0.202105311346/tools/bin/../lib/gcc/arm-none-eabi/9.3.1/../../../../arm-none-eabi/lib/thumb/v6-m/nofp\libc_nano.a(lib_a-nano-vfprintf_i.o)
 .ARM.attributes
                0x0000000000000710       0x2c c:/st/stm32cubeide_1.7.0/stm32cubeide/plugins/com.st.stm32cube.ide.mcu.externaltools.gnu-tools-for-stm32.9-2020-q2-update.win32_2.0.0.202105311346/tools/bin/../lib/gcc/arm-none-eabi/9.3.1/../../../../arm-none-eabi/lib/thumb/v6-m/nofp\libc_nano.a(lib_a-strchr.o)
 .ARM.attributes
                0x000000000000073c       0x2c c:/st/stm32cubeide_1.7.0/stm32cubeide/plugins/com.st.stm32cube.ide.mcu.externaltools.gnu-tools-for-stm32.9-2020-q2-update.win32_2.0.0.202105311346/tools/bin/../lib/gcc/arm-none-eabi/9.3.1/../../../../arm-none-eabi/lib/thumb/v6-m/nofp\libc_nano.a(lib_a-memchr-stub.o)
 .ARM.attributes
                0x0000000000000768       0x2c c:/st/stm32cubeide_1.7.0/stm32cubeide/plugins/com.st.stm32cube.ide.mcu.externaltools.gnu-tools-for-stm32.9-2020-q2-update.win32_2.0.0.202105311346/tools/bin/../lib/gcc/arm-none-eabi/9.3.1/../../../../arm-none-eabi/lib/thumb/v6-m/nofp\libc_nano.a(lib_a-memmove.o)
 .ARM.attributes
                0x0000000000000794       0x2c c:/st/stm32cubeide_1.7.0/stm32cubeide/plugins/com.st.stm32cube.ide.mcu.externaltools.gnu-tools-for-stm32.9-2020-q2-update.win32_2.0.0.202105311346/tools/bin/../lib/gcc/arm-none-eabi/9.3.1/../../../../arm-none-eabi/lib/thumb/v6-m/nofp\libc_nano.a(lib_a-nano-freer.o)
 .ARM.attributes
                0x00000000000007c0       0x2c c:/st/stm32cubeide_1.7.0/stm32cubeide/plugins/com.st.stm32cube.ide.mcu.externaltools.gnu-tools-for-stm32.9-2020-q2-update.win32_2.0.0.202105311346/tools/bin/../lib/gcc/arm-none-eabi/9.3.1/../../../../arm-none-eabi/lib/thumb/v6-m/nofp\libc_nano.a(lib_a-nano-mallocr.o)
 .ARM.attributes
                0x00000000000007ec       0x2c c:/st/stm32cubeide_1.7.0/stm32cubeide/plugins/com.st.stm32cube.ide.mcu.externaltools.gnu-tools-for-stm32.9-2020-q2-update.win32_2.0.0.202105311346/tools/bin/../lib/gcc/arm-none-eabi/9.3.1/../../../../arm-none-eabi/lib/thumb/v6-m/nofp\libc_nano.a(lib_a-nano-reallocr.o)
 .ARM.attributes
                0x0000000000000818       0x2c c:/st/stm32cubeide_1.7.0/stm32cubeide/plugins/com.st.stm32cube.ide.mcu.externaltools.gnu-tools-for-stm32.9-2020-q2-update.win32_2.0.0.202105311346/tools/bin/../lib/gcc/arm-none-eabi/9.3.1/../../../../arm-none-eabi/lib/thumb/v6-m/nofp\libc_nano.a(lib_a-sbrkr.o)
 .ARM.attributes
                0x0000000000000844       0x2c c:/st/stm32cubeide_1.7.0/stm32cubeide/plugins/com.st.stm32cube.ide.mcu.externaltools.gnu-tools-for-stm32.9-2020-q2-update.win32_2.0.0.202105311346/tools/bin/../lib/gcc/arm-none-eabi/9.3.1/../../../../arm-none-eabi/lib/thumb/v6-m/nofp\libc_nano.a(lib_a-mlock.o)
 .ARM.attributes
                0x0000000000000870       0x2c c:/st/stm32cubeide_1.7.0/stm32cubeide/plugins/com.st.stm32cube.ide.mcu.externaltools.gnu-tools-for-stm32.9-2020-q2-update.win32_2.0.0.202105311346/tools/bin/../lib/gcc/arm-none-eabi/9.3.1/../../../../arm-none-eabi/lib/thumb/v6-m/nofp\libc_nano.a(lib_a-nano-msizer.o)
 .ARM.attributes
                0x000000000000089c       0x2c c:/st/stm32cubeide_1.7.0/stm32cubeide/plugins/com.st.stm32cube.ide.mcu.externaltools.gnu-tools-for-stm32.9-2020-q2-update.win32_2.0.0.202105311346/tools/bin/../lib/gcc/arm-none-eabi/9.3.1/../../../../arm-none-eabi/lib/thumb/v6-m/nofp\libc_nano.a(lib_a-reent.o)
 .ARM.attributes
                0x00000000000008c8       0x2c c:/st/stm32cubeide_1.7.0/stm32cubeide/plugins/com.st.stm32cube.ide.mcu.externaltools.gnu-tools-for-stm32.9-2020-q2-update.win32_2.0.0.202105311346/tools/bin/../lib/gcc/arm-none-eabi/9.3.1/../../../../arm-none-eabi/lib/thumb/v6-m/nofp\libc_nano.a(lib_a-lock.o)
 .ARM.attributes
                0x00000000000008f4       0x1e c:/st/stm32cubeide_1.7.0/stm32cubeide/plugins/com.st.stm32cube.ide.mcu.externaltools.gnu-tools-for-stm32.9-2020-q2-update.win32_2.0.0.202105311346/tools/bin/../lib/gcc/arm-none-eabi/9.3.1/thumb/v6-m/nofp\libgcc.a(_thumb1_case_shi.o)
 .ARM.attributes
                0x0000000000000912       0x1e c:/st/stm32cubeide_1.7.0/stm32cubeide/plugins/com.st.stm32cube.ide.mcu.externaltools.gnu-tools-for-stm32.9-2020-q2-update.win32_2.0.0.202105311346/tools/bin/../lib/gcc/arm-none-eabi/9.3.1/thumb/v6-m/nofp\libgcc.a(_udivsi3.o)
 .ARM.attributes
                0x0000000000000930       0x1e c:/st/stm32cubeide_1.7.0/stm32cubeide/plugins/com.st.stm32cube.ide.mcu.externaltools.gnu-tools-for-stm32.9-2020-q2-update.win32_2.0.0.202105311346/tools/bin/../lib/gcc/arm-none-eabi/9.3.1/thumb/v6-m/nofp\libgcc.a(_dvmd_tls.o)
 .ARM.attributes
                0x000000000000094e       0x1e c:/st/stm32cubeide_1.7.0/stm32cubeide/plugins/com.st.stm32cube.ide.mcu.externaltools.gnu-tools-for-stm32.9-2020-q2-update.win32_2.0.0.202105311346/tools/bin/../lib/gcc/arm-none-eabi/9.3.1/thumb/v6-m/nofp\libgcc.a(_aeabi_uldivmod.o)
 .ARM.attributes
                0x000000000000096c       0x2c c:/st/stm32cubeide_1.7.0/stm32cubeide/plugins/com.st.stm32cube.ide.mcu.externaltools.gnu-tools-for-stm32.9-2020-q2-update.win32_2.0.0.202105311346/tools/bin/../lib/gcc/arm-none-eabi/9.3.1/thumb/v6-m/nofp\libgcc.a(_muldi3.o)
 .ARM.attributes
                0x0000000000000998       0x2c c:/st/stm32cubeide_1.7.0/stm32cubeide/plugins/com.st.stm32cube.ide.mcu.externaltools.gnu-tools-for-stm32.9-2020-q2-update.win32_2.0.0.202105311346/tools/bin/../lib/gcc/arm-none-eabi/9.3.1/thumb/v6-m/nofp\libgcc.a(_udivmoddi4.o)
 .ARM.attributes
                0x00000000000009c4       0x1e c:/st/stm32cubeide_1.7.0/stm32cubeide/plugins/com.st.stm32cube.ide.mcu.externaltools.gnu-tools-for-stm32.9-2020-q2-update.win32_2.0.0.202105311346/tools/bin/../lib/gcc/arm-none-eabi/9.3.1/thumb/v6-m/nofp\libgcc.a(_clzdi2.o)
 .ARM.attributes
                0x00000000000009e2       0x1e c:/st/stm32cubeide_1.7.0/stm32cubeide/plugins/com.st.stm32cube.ide.mcu.externaltools.gnu-tools-for-stm32.9-2020-q2-update.win32_2.0.0.202105311346/tools/bin/../lib/gcc/arm-none-eabi/9.3.1/thumb/v6-m/nofp\libgcc.a(_clzsi2.o)
 .ARM.attributes
                0x0000000000000a00       0x1e c:/st/stm32cubeide_1.7.0/stm32cubeide/plugins/com.st.stm32cube.ide.mcu.externaltools.gnu-tools-for-stm32.9-2020-q2-update.win32_2.0.0.202105311346/tools/bin/../lib/gcc/arm-none-eabi/9.3.1/thumb/v6-m/nofp/crtn.o
OUTPUT(curtain-manage-prototype.elf elf32-littlearm)
LOAD linker stubs
LOAD c:/st/stm32cubeide_1.7.0/stm32cubeide/plugins/com.st.stm32cube.ide.mcu.externaltools.gnu-tools-for-stm32.9-2020-q2-update.win32_2.0.0.202105311346/tools/bin/../lib/gcc/arm-none-eabi/9.3.1/../../../../arm-none-eabi/lib/thumb/v6-m/nofp\libc.a
LOAD c:/st/stm32cubeide_1.7.0/stm32cubeide/plugins/com.st.stm32cube.ide.mcu.externaltools.gnu-tools-for-stm32.9-2020-q2-update.win32_2.0.0.202105311346/tools/bin/../lib/gcc/arm-none-eabi/9.3.1/../../../../arm-none-eabi/lib/thumb/v6-m/nofp\libm.a
LOAD c:/st/stm32cubeide_1.7.0/stm32cubeide/plugins/com.st.stm32cube.ide.mcu.externaltools.gnu-tools-for-stm32.9-2020-q2-update.win32_2.0.0.202105311346/tools/bin/../lib/gcc/arm-none-eabi/9.3.1/thumb/v6-m/nofp\libgcc.a

.debug_info     0x0000000000000000    0x1ea49
 .debug_info    0x0000000000000000     0x193f ./Core/Src/LDR.o
 .debug_info    0x000000000000193f     0x185f ./Core/Src/Servo.o
 .debug_info    0x000000000000319e     0x19c7 ./Core/Src/adc.o
 .debug_info    0x0000000000004b65     0x1738 ./Core/Src/bluetooth.o
 .debug_info    0x000000000000629d     0x1939 ./Core/Src/gpio.o
 .debug_info    0x0000000000007bd6     0x19c7 ./Core/Src/main.o
 .debug_info    0x000000000000959d     0x1764 ./Core/Src/myutilities.o
 .debug_info    0x000000000000ad01     0x17c8 ./Core/Src/stm32l0xx_hal_msp.o
 .debug_info    0x000000000000c4c9     0x1739 ./Core/Src/stm32l0xx_it.o
 .debug_info    0x000000000000dc02      0xa25 ./Core/Src/sysmem.o
 .debug_info    0x000000000000e627      0x363 ./Core/Src/system_stm32l0xx.o
 .debug_info    0x000000000000e98a     0x1c37 ./Core/Src/tim.o
 .debug_info    0x00000000000105c1     0x1ab7 ./Core/Src/usart.o
 .debug_info    0x0000000000012078       0x22 ./Core/Startup/startup_stm32l073rztx.o
 .debug_info    0x000000000001209a      0x92f ./Drivers/STM32L0xx_HAL_Driver/Src/stm32l0xx_hal.o
 .debug_info    0x00000000000129c9      0xe01 ./Drivers/STM32L0xx_HAL_Driver/Src/stm32l0xx_hal_adc.o
 .debug_info    0x00000000000137ca      0x8bc ./Drivers/STM32L0xx_HAL_Driver/Src/stm32l0xx_hal_adc_ex.o
 .debug_info    0x0000000000014086      0x9af ./Drivers/STM32L0xx_HAL_Driver/Src/stm32l0xx_hal_cortex.o
 .debug_info    0x0000000000014a35      0x834 ./Drivers/STM32L0xx_HAL_Driver/Src/stm32l0xx_hal_dma.o
 .debug_info    0x0000000000015269      0x790 ./Drivers/STM32L0xx_HAL_Driver/Src/stm32l0xx_hal_gpio.o
 .debug_info    0x00000000000159f9      0xa85 ./Drivers/STM32L0xx_HAL_Driver/Src/stm32l0xx_hal_rcc.o
 .debug_info    0x000000000001647e      0x8e9 ./Drivers/STM32L0xx_HAL_Driver/Src/stm32l0xx_hal_rcc_ex.o
 .debug_info    0x0000000000016d67     0x2a96 ./Drivers/STM32L0xx_HAL_Driver/Src/stm32l0xx_hal_tim.o
 .debug_info    0x00000000000197fd      0x7d8 ./Drivers/STM32L0xx_HAL_Driver/Src/stm32l0xx_hal_tim_ex.o
 .debug_info    0x0000000000019fd5     0x3ca7 ./Drivers/STM32L0xx_HAL_Driver/Src/stm32l0xx_hal_uart.o
 .debug_info    0x000000000001dc7c      0xdcd ./Drivers/STM32L0xx_HAL_Driver/Src/stm32l0xx_hal_uart_ex.o

.debug_abbrev   0x0000000000000000     0x37ec
 .debug_abbrev  0x0000000000000000      0x308 ./Core/Src/LDR.o
 .debug_abbrev  0x0000000000000308      0x2b0 ./Core/Src/Servo.o
 .debug_abbrev  0x00000000000005b8      0x242 ./Core/Src/adc.o
 .debug_abbrev  0x00000000000007fa      0x220 ./Core/Src/bluetooth.o
 .debug_abbrev  0x0000000000000a1a      0x211 ./Core/Src/gpio.o
 .debug_abbrev  0x0000000000000c2b      0x2a3 ./Core/Src/main.o
 .debug_abbrev  0x0000000000000ece      0x250 ./Core/Src/myutilities.o
 .debug_abbrev  0x000000000000111e      0x1ec ./Core/Src/stm32l0xx_hal_msp.o
 .debug_abbrev  0x000000000000130a      0x206 ./Core/Src/stm32l0xx_it.o
 .debug_abbrev  0x0000000000001510      0x1bf ./Core/Src/sysmem.o
 .debug_abbrev  0x00000000000016cf      0x145 ./Core/Src/system_stm32l0xx.o
 .debug_abbrev  0x0000000000001814      0x289 ./Core/Src/tim.o
 .debug_abbrev  0x0000000000001a9d      0x256 ./Core/Src/usart.o
 .debug_abbrev  0x0000000000001cf3       0x12 ./Core/Startup/startup_stm32l073rztx.o
 .debug_abbrev  0x0000000000001d05      0x267 ./Drivers/STM32L0xx_HAL_Driver/Src/stm32l0xx_hal.o
 .debug_abbrev  0x0000000000001f6c      0x222 ./Drivers/STM32L0xx_HAL_Driver/Src/stm32l0xx_hal_adc.o
 .debug_abbrev  0x000000000000218e      0x1ee ./Drivers/STM32L0xx_HAL_Driver/Src/stm32l0xx_hal_adc_ex.o
 .debug_abbrev  0x000000000000237c      0x2b4 ./Drivers/STM32L0xx_HAL_Driver/Src/stm32l0xx_hal_cortex.o
 .debug_abbrev  0x0000000000002630      0x1f0 ./Drivers/STM32L0xx_HAL_Driver/Src/stm32l0xx_hal_dma.o
 .debug_abbrev  0x0000000000002820      0x1e8 ./Drivers/STM32L0xx_HAL_Driver/Src/stm32l0xx_hal_gpio.o
 .debug_abbrev  0x0000000000002a08      0x246 ./Drivers/STM32L0xx_HAL_Driver/Src/stm32l0xx_hal_rcc.o
 .debug_abbrev  0x0000000000002c4e      0x20b ./Drivers/STM32L0xx_HAL_Driver/Src/stm32l0xx_hal_rcc_ex.o
 .debug_abbrev  0x0000000000002e59      0x26f ./Drivers/STM32L0xx_HAL_Driver/Src/stm32l0xx_hal_tim.o
 .debug_abbrev  0x00000000000030c8      0x1c2 ./Drivers/STM32L0xx_HAL_Driver/Src/stm32l0xx_hal_tim_ex.o
 .debug_abbrev  0x000000000000328a      0x2c2 ./Drivers/STM32L0xx_HAL_Driver/Src/stm32l0xx_hal_uart.o
 .debug_abbrev  0x000000000000354c      0x2a0 ./Drivers/STM32L0xx_HAL_Driver/Src/stm32l0xx_hal_uart_ex.o

.debug_aranges  0x0000000000000000      0xf88
 .debug_aranges
                0x0000000000000000       0xa8 ./Core/Src/LDR.o
 .debug_aranges
                0x00000000000000a8       0xa8 ./Core/Src/Servo.o
 .debug_aranges
                0x0000000000000150       0x30 ./Core/Src/adc.o
 .debug_aranges
                0x0000000000000180       0x20 ./Core/Src/bluetooth.o
 .debug_aranges
                0x00000000000001a0       0x20 ./Core/Src/gpio.o
 .debug_aranges
                0x00000000000001c0       0x40 ./Core/Src/main.o
 .debug_aranges
                0x0000000000000200       0x30 ./Core/Src/myutilities.o
 .debug_aranges
                0x0000000000000230       0x20 ./Core/Src/stm32l0xx_hal_msp.o
 .debug_aranges
                0x0000000000000250       0x68 ./Core/Src/stm32l0xx_it.o
 .debug_aranges
                0x00000000000002b8       0x20 ./Core/Src/sysmem.o
 .debug_aranges
                0x00000000000002d8       0x28 ./Core/Src/system_stm32l0xx.o
 .debug_aranges
                0x0000000000000300       0x50 ./Core/Src/tim.o
 .debug_aranges
                0x0000000000000350       0x38 ./Core/Src/usart.o
 .debug_aranges
                0x0000000000000388       0x28 ./Core/Startup/startup_stm32l073rztx.o
 .debug_aranges
                0x00000000000003b0      0x110 ./Drivers/STM32L0xx_HAL_Driver/Src/stm32l0xx_hal.o
 .debug_aranges
                0x00000000000004c0      0x100 ./Drivers/STM32L0xx_HAL_Driver/Src/stm32l0xx_hal_adc.o
 .debug_aranges
                0x00000000000005c0       0x50 ./Drivers/STM32L0xx_HAL_Driver/Src/stm32l0xx_hal_adc_ex.o
 .debug_aranges
                0x0000000000000610       0xd8 ./Drivers/STM32L0xx_HAL_Driver/Src/stm32l0xx_hal_cortex.o
 .debug_aranges
                0x00000000000006e8       0x80 ./Drivers/STM32L0xx_HAL_Driver/Src/stm32l0xx_hal_dma.o
 .debug_aranges
                0x0000000000000768       0x58 ./Drivers/STM32L0xx_HAL_Driver/Src/stm32l0xx_hal_gpio.o
 .debug_aranges
                0x00000000000007c0       0x80 ./Drivers/STM32L0xx_HAL_Driver/Src/stm32l0xx_hal_rcc.o
 .debug_aranges
                0x0000000000000840       0xb0 ./Drivers/STM32L0xx_HAL_Driver/Src/stm32l0xx_hal_rcc_ex.o
 .debug_aranges
                0x00000000000008f0      0x3d0 ./Drivers/STM32L0xx_HAL_Driver/Src/stm32l0xx_hal_tim.o
 .debug_aranges
                0x0000000000000cc0       0x28 ./Drivers/STM32L0xx_HAL_Driver/Src/stm32l0xx_hal_tim_ex.o
 .debug_aranges
                0x0000000000000ce8      0x228 ./Drivers/STM32L0xx_HAL_Driver/Src/stm32l0xx_hal_uart.o
 .debug_aranges
                0x0000000000000f10       0x78 ./Drivers/STM32L0xx_HAL_Driver/Src/stm32l0xx_hal_uart_ex.o

.debug_ranges   0x0000000000000000      0xe38
 .debug_ranges  0x0000000000000000       0x98 ./Core/Src/LDR.o
 .debug_ranges  0x0000000000000098       0x98 ./Core/Src/Servo.o
 .debug_ranges  0x0000000000000130       0x20 ./Core/Src/adc.o
 .debug_ranges  0x0000000000000150       0x10 ./Core/Src/bluetooth.o
 .debug_ranges  0x0000000000000160       0x10 ./Core/Src/gpio.o
 .debug_ranges  0x0000000000000170       0x48 ./Core/Src/main.o
 .debug_ranges  0x00000000000001b8       0x20 ./Core/Src/myutilities.o
 .debug_ranges  0x00000000000001d8       0x10 ./Core/Src/stm32l0xx_hal_msp.o
 .debug_ranges  0x00000000000001e8       0x58 ./Core/Src/stm32l0xx_it.o
 .debug_ranges  0x0000000000000240       0x10 ./Core/Src/sysmem.o
 .debug_ranges  0x0000000000000250       0x18 ./Core/Src/system_stm32l0xx.o
 .debug_ranges  0x0000000000000268       0x40 ./Core/Src/tim.o
 .debug_ranges  0x00000000000002a8       0x28 ./Core/Src/usart.o
 .debug_ranges  0x00000000000002d0       0x20 ./Core/Startup/startup_stm32l073rztx.o
 .debug_ranges  0x00000000000002f0      0x100 ./Drivers/STM32L0xx_HAL_Driver/Src/stm32l0xx_hal.o
 .debug_ranges  0x00000000000003f0       0xf0 ./Drivers/STM32L0xx_HAL_Driver/Src/stm32l0xx_hal_adc.o
 .debug_ranges  0x00000000000004e0       0x40 ./Drivers/STM32L0xx_HAL_Driver/Src/stm32l0xx_hal_adc_ex.o
 .debug_ranges  0x0000000000000520       0xc8 ./Drivers/STM32L0xx_HAL_Driver/Src/stm32l0xx_hal_cortex.o
 .debug_ranges  0x00000000000005e8       0x70 ./Drivers/STM32L0xx_HAL_Driver/Src/stm32l0xx_hal_dma.o
 .debug_ranges  0x0000000000000658       0x48 ./Drivers/STM32L0xx_HAL_Driver/Src/stm32l0xx_hal_gpio.o
 .debug_ranges  0x00000000000006a0       0x70 ./Drivers/STM32L0xx_HAL_Driver/Src/stm32l0xx_hal_rcc.o
 .debug_ranges  0x0000000000000710       0xa0 ./Drivers/STM32L0xx_HAL_Driver/Src/stm32l0xx_hal_rcc_ex.o
 .debug_ranges  0x00000000000007b0      0x3c0 ./Drivers/STM32L0xx_HAL_Driver/Src/stm32l0xx_hal_tim.o
 .debug_ranges  0x0000000000000b70       0x18 ./Drivers/STM32L0xx_HAL_Driver/Src/stm32l0xx_hal_tim_ex.o
 .debug_ranges  0x0000000000000b88      0x248 ./Drivers/STM32L0xx_HAL_Driver/Src/stm32l0xx_hal_uart.o
 .debug_ranges  0x0000000000000dd0       0x68 ./Drivers/STM32L0xx_HAL_Driver/Src/stm32l0xx_hal_uart_ex.o

.debug_macro    0x0000000000000000    0x18af9
 .debug_macro   0x0000000000000000      0x400 ./Core/Src/LDR.o
 .debug_macro   0x0000000000000400      0xa7e ./Core/Src/LDR.o
 .debug_macro   0x0000000000000e7e       0x10 ./Core/Src/LDR.o
 .debug_macro   0x0000000000000e8e       0x22 ./Core/Src/LDR.o
 .debug_macro   0x0000000000000eb0      0x12b ./Core/Src/LDR.o
 .debug_macro   0x0000000000000fdb       0x2e ./Core/Src/LDR.o
 .debug_macro   0x0000000000001009       0x28 ./Core/Src/LDR.o
 .debug_macro   0x0000000000001031       0x22 ./Core/Src/LDR.o
 .debug_macro   0x0000000000001053       0x8e ./Core/Src/LDR.o
 .debug_macro   0x00000000000010e1       0x51 ./Core/Src/LDR.o
 .debug_macro   0x0000000000001132      0x103 ./Core/Src/LDR.o
 .debug_macro   0x0000000000001235       0x6a ./Core/Src/LDR.o
 .debug_macro   0x000000000000129f      0x1df ./Core/Src/LDR.o
 .debug_macro   0x000000000000147e       0x1c ./Core/Src/LDR.o
 .debug_macro   0x000000000000149a       0x22 ./Core/Src/LDR.o
 .debug_macro   0x00000000000014bc       0xb5 ./Core/Src/LDR.o
 .debug_macro   0x0000000000001571      0x4da ./Core/Src/LDR.o
 .debug_macro   0x0000000000001a4b      0x11f ./Core/Src/LDR.o
 .debug_macro   0x0000000000001b6a     0xa44c ./Core/Src/LDR.o
 .debug_macro   0x000000000000bfb6       0x66 ./Core/Src/LDR.o
 .debug_macro   0x000000000000c01c     0x355c ./Core/Src/LDR.o
 .debug_macro   0x000000000000f578      0x174 ./Core/Src/LDR.o
 .debug_macro   0x000000000000f6ec       0x5b ./Core/Src/LDR.o
 .debug_macro   0x000000000000f747      0x8eb ./Core/Src/LDR.o
 .debug_macro   0x0000000000010032      0xbb4 ./Core/Src/LDR.o
 .debug_macro   0x0000000000010be6      0x197 ./Core/Src/LDR.o
 .debug_macro   0x0000000000010d7d      0x13f ./Core/Src/LDR.o
 .debug_macro   0x0000000000010ebc      0x1d1 ./Core/Src/LDR.o
 .debug_macro   0x000000000001108d       0x82 ./Core/Src/LDR.o
 .debug_macro   0x000000000001110f      0x28e ./Core/Src/LDR.o
 .debug_macro   0x000000000001139d      0x1e9 ./Core/Src/LDR.o
 .debug_macro   0x0000000000011586      0x4ef ./Core/Src/LDR.o
 .debug_macro   0x0000000000011a75       0x6b ./Core/Src/LDR.o
 .debug_macro   0x0000000000011ae0      0x13e ./Core/Src/LDR.o
 .debug_macro   0x0000000000011c1e      0x4b5 ./Core/Src/LDR.o
 .debug_macro   0x00000000000120d3      0x22c ./Core/Src/LDR.o
 .debug_macro   0x00000000000122ff       0x5b ./Core/Src/LDR.o
 .debug_macro   0x000000000001235a       0xa5 ./Core/Src/LDR.o
 .debug_macro   0x00000000000123ff      0x18d ./Core/Src/LDR.o
 .debug_macro   0x000000000001258c       0x16 ./Core/Src/LDR.o
 .debug_macro   0x00000000000125a2      0x773 ./Core/Src/LDR.o
 .debug_macro   0x0000000000012d15       0xfc ./Core/Src/LDR.o
 .debug_macro   0x0000000000012e11      0x5ba ./Core/Src/LDR.o
 .debug_macro   0x00000000000133cb       0x44 ./Core/Src/LDR.o
 .debug_macro   0x000000000001340f      0x1a2 ./Core/Src/LDR.o
 .debug_macro   0x00000000000135b1       0x52 ./Core/Src/LDR.o
 .debug_macro   0x0000000000013603       0x18 ./Core/Src/LDR.o
 .debug_macro   0x000000000001361b       0x3c ./Core/Src/LDR.o
 .debug_macro   0x0000000000013657       0x34 ./Core/Src/LDR.o
 .debug_macro   0x000000000001368b       0x16 ./Core/Src/LDR.o
 .debug_macro   0x00000000000136a1       0x35 ./Core/Src/LDR.o
 .debug_macro   0x00000000000136d6      0x333 ./Core/Src/LDR.o
 .debug_macro   0x0000000000013a09       0x10 ./Core/Src/LDR.o
 .debug_macro   0x0000000000013a19       0x16 ./Core/Src/LDR.o
 .debug_macro   0x0000000000013a2f       0x43 ./Core/Src/LDR.o
 .debug_macro   0x0000000000013a72       0x34 ./Core/Src/LDR.o
 .debug_macro   0x0000000000013aa6       0x10 ./Core/Src/LDR.o
 .debug_macro   0x0000000000013ab6       0x58 ./Core/Src/LDR.o
 .debug_macro   0x0000000000013b0e       0x71 ./Core/Src/LDR.o
 .debug_macro   0x0000000000013b7f       0x1c ./Core/Src/LDR.o
 .debug_macro   0x0000000000013b9b      0x12a ./Core/Src/LDR.o
 .debug_macro   0x0000000000013cc5       0x10 ./Core/Src/LDR.o
 .debug_macro   0x0000000000013cd5       0x1c ./Core/Src/LDR.o
 .debug_macro   0x0000000000013cf1       0x52 ./Core/Src/LDR.o
 .debug_macro   0x0000000000013d43       0x22 ./Core/Src/LDR.o
 .debug_macro   0x0000000000013d65       0x10 ./Core/Src/LDR.o
 .debug_macro   0x0000000000013d75       0x40 ./Core/Src/LDR.o
 .debug_macro   0x0000000000013db5       0xd5 ./Core/Src/LDR.o
 .debug_macro   0x0000000000013e8a       0x1c ./Core/Src/LDR.o
 .debug_macro   0x0000000000013ea6       0x3d ./Core/Src/LDR.o
 .debug_macro   0x0000000000013ee3       0x16 ./Core/Src/LDR.o
 .debug_macro   0x0000000000013ef9      0x145 ./Core/Src/LDR.o
 .debug_macro   0x000000000001403e       0x16 ./Core/Src/LDR.o
 .debug_macro   0x0000000000014054       0x20 ./Core/Src/LDR.o
 .debug_macro   0x0000000000014074       0x16 ./Core/Src/LDR.o
 .debug_macro   0x000000000001408a       0x16 ./Core/Src/LDR.o
 .debug_macro   0x00000000000140a0       0x29 ./Core/Src/LDR.o
 .debug_macro   0x00000000000140c9       0x10 ./Core/Src/LDR.o
 .debug_macro   0x00000000000140d9      0x400 ./Core/Src/Servo.o
 .debug_macro   0x00000000000144d9      0x400 ./Core/Src/adc.o
 .debug_macro   0x00000000000148d9      0x3fa ./Core/Src/bluetooth.o
 .debug_macro   0x0000000000014cd3       0x4c ./Core/Src/bluetooth.o
 .debug_macro   0x0000000000014d1f       0x94 ./Core/Src/bluetooth.o
 .debug_macro   0x0000000000014db3       0x57 ./Core/Src/bluetooth.o
 .debug_macro   0x0000000000014e0a      0x339 ./Core/Src/bluetooth.o
 .debug_macro   0x0000000000015143       0x10 ./Core/Src/bluetooth.o
 .debug_macro   0x0000000000015153       0xaf ./Core/Src/bluetooth.o
 .debug_macro   0x0000000000015202       0x55 ./Core/Src/bluetooth.o
 .debug_macro   0x0000000000015257       0x1c ./Core/Src/bluetooth.o
 .debug_macro   0x0000000000015273      0x406 ./Core/Src/gpio.o
 .debug_macro   0x0000000000015679      0x418 ./Core/Src/main.o
 .debug_macro   0x0000000000015a91      0x3fa ./Core/Src/myutilities.o
 .debug_macro   0x0000000000015e8b      0x3fc ./Core/Src/stm32l0xx_hal_msp.o
 .debug_macro   0x0000000000016287      0x40a ./Core/Src/stm32l0xx_it.o
 .debug_macro   0x0000000000016691       0xff ./Core/Src/sysmem.o
 .debug_macro   0x0000000000016790      0x23b ./Core/Src/sysmem.o
 .debug_macro   0x00000000000169cb      0x1e2 ./Core/Src/system_stm32l0xx.o
 .debug_macro   0x0000000000016bad      0x400 ./Core/Src/tim.o
 .debug_macro   0x0000000000016fad      0x406 ./Core/Src/usart.o
 .debug_macro   0x00000000000173b3      0x206 ./Drivers/STM32L0xx_HAL_Driver/Src/stm32l0xx_hal.o
 .debug_macro   0x00000000000175b9      0x1f1 ./Drivers/STM32L0xx_HAL_Driver/Src/stm32l0xx_hal_adc.o
 .debug_macro   0x00000000000177aa      0x1f4 ./Drivers/STM32L0xx_HAL_Driver/Src/stm32l0xx_hal_adc_ex.o
 .debug_macro   0x000000000001799e      0x1e2 ./Drivers/STM32L0xx_HAL_Driver/Src/stm32l0xx_hal_cortex.o
 .debug_macro   0x0000000000017b80      0x1e2 ./Drivers/STM32L0xx_HAL_Driver/Src/stm32l0xx_hal_dma.o
 .debug_macro   0x0000000000017d62      0x1e9 ./Drivers/STM32L0xx_HAL_Driver/Src/stm32l0xx_hal_gpio.o
 .debug_macro   0x0000000000017f4b      0x218 ./Drivers/STM32L0xx_HAL_Driver/Src/stm32l0xx_hal_rcc.o
 .debug_macro   0x0000000000018163      0x1e2 ./Drivers/STM32L0xx_HAL_Driver/Src/stm32l0xx_hal_rcc_ex.o
 .debug_macro   0x0000000000018345      0x1e3 ./Drivers/STM32L0xx_HAL_Driver/Src/stm32l0xx_hal_tim.o
 .debug_macro   0x0000000000018528      0x1e2 ./Drivers/STM32L0xx_HAL_Driver/Src/stm32l0xx_hal_tim_ex.o
 .debug_macro   0x000000000001870a      0x20d ./Drivers/STM32L0xx_HAL_Driver/Src/stm32l0xx_hal_uart.o
 .debug_macro   0x0000000000018917      0x1e2 ./Drivers/STM32L0xx_HAL_Driver/Src/stm32l0xx_hal_uart_ex.o

.debug_line     0x0000000000000000    0x15a53
 .debug_line    0x0000000000000000      0xb95 ./Core/Src/LDR.o
 .debug_line    0x0000000000000b95      0xbe5 ./Core/Src/Servo.o
 .debug_line    0x000000000000177a      0xa4a ./Core/Src/adc.o
 .debug_line    0x00000000000021c4      0xa5f ./Core/Src/bluetooth.o
 .debug_line    0x0000000000002c23      0x9c5 ./Core/Src/gpio.o
 .debug_line    0x00000000000035e8      0xab2 ./Core/Src/main.o
 .debug_line    0x000000000000409a      0xa26 ./Core/Src/myutilities.o
 .debug_line    0x0000000000004ac0      0x9b8 ./Core/Src/stm32l0xx_hal_msp.o
 .debug_line    0x0000000000005478      0xaca ./Core/Src/stm32l0xx_it.o
 .debug_line    0x0000000000005f42      0x4f8 ./Core/Src/sysmem.o
 .debug_line    0x000000000000643a      0x7de ./Core/Src/system_stm32l0xx.o
 .debug_line    0x0000000000006c18      0xbab ./Core/Src/tim.o
 .debug_line    0x00000000000077c3      0xa9d ./Core/Src/usart.o
 .debug_line    0x0000000000008260       0x89 ./Core/Startup/startup_stm32l073rztx.o
 .debug_line    0x00000000000082e9      0xa81 ./Drivers/STM32L0xx_HAL_Driver/Src/stm32l0xx_hal.o
 .debug_line    0x0000000000008d6a     0x118a ./Drivers/STM32L0xx_HAL_Driver/Src/stm32l0xx_hal_adc.o
 .debug_line    0x0000000000009ef4      0x903 ./Drivers/STM32L0xx_HAL_Driver/Src/stm32l0xx_hal_adc_ex.o
 .debug_line    0x000000000000a7f7      0xb4f ./Drivers/STM32L0xx_HAL_Driver/Src/stm32l0xx_hal_cortex.o
 .debug_line    0x000000000000b346      0xc70 ./Drivers/STM32L0xx_HAL_Driver/Src/stm32l0xx_hal_dma.o
 .debug_line    0x000000000000bfb6      0xb26 ./Drivers/STM32L0xx_HAL_Driver/Src/stm32l0xx_hal_gpio.o